24.62.202.75 - - [26/Dec/2014:09:51:13 -0500] "GET /starter-template.css HTTP/1.1" 304 0 "http://euterpea.com/" "Mozilla/5.0 (X11; CrOS x86_64 6310.68.0) AppleWebKit/537.36 (KHTML, like Gecko) Chrome/39.0.2171.96 Safari/537.36"
24.62.202.75 - - [26/Dec/2014:09:51:13 -0500] "GET /dist/js/ie-emulation-modes-warning.js HTTP/1.1" 404 - "http://euterpea.com/" "Mozilla/5.0 (X11; CrOS x86_64 6310.68.0) AppleWebKit/537.36 (KHTML, like Gecko) Chrome/39.0.2171.96 Safari/537.36"
24.62.202.75 - - [26/Dec/2014:09:51:13 -0500] "GET /dist/js/bootstrap.min.js HTTP/1.1" 304 0 "http://euterpea.com/" "Mozilla/5.0 (X11; CrOS x86_64 6310.68.0) AppleWebKit/537.36 (KHTML, like Gecko) Chrome/39.0.2171.96 Safari/537.36"
24.62.202.75 - - [26/Dec/2014:09:51:13 -0500] "GET /assets/js/ie10-viewport-bug-workaround.js HTTP/1.1" 404 - "http://euterpea.com/" "Mozilla/5.0 (X11; CrOS x86_64 6310.68.0) AppleWebKit/537.36 (KHTML, like Gecko) Chrome/39.0.2171.96 Safari/537.36"
24.62.202.75 - - [26/Dec/2014:09:51:15 -0500] "GET /logout HTTP/1.1" 302 0 "http://euterpea.com/" "Mozilla/5.0 (X11; CrOS x86_64 6310.68.0) AppleWebKit/537.36 (KHTML, like Gecko) Chrome/39.0.2171.96 Safari/537.36"
24.62.202.75 - - [26/Dec/2014:09:51:15 -0500] "GET / HTTP/1.1" 200 - "http://euterpea.com/" "Mozilla/5.0 (X11; CrOS x86_64 6310.68.0) AppleWebKit/537.36 (KHTML, like Gecko) Chrome/39.0.2171.96 Safari/537.36"
24.62.202.75 - - [26/Dec/2014:09:51:15 -0500] "GET /dist/js/ie-emulation-modes-warning.js HTTP/1.1" 404 - "http://euterpea.com/" "Mozilla/5.0 (X11; CrOS x86_64 6310.68.0) AppleWebKit/537.36 (KHTML, like Gecko) Chrome/39.0.2171.96 Safari/537.36"
24.62.202.75 - - [26/Dec/2014:09:51:15 -0500] "GET /assets/js/ie10-viewport-bug-workaround.js HTTP/1.1" 404 - "http://euterpea.com/" "Mozilla/5.0 (X11; CrOS x86_64 6310.68.0) AppleWebKit/537.36 (KHTML, like Gecko) Chrome/39.0.2171.96 Safari/537.36"
24.62.202.75 - - [26/Dec/2014:09:51:17 -0500] "POST /login HTTP/1.1" 302 0 "http://euterpea.com/" "Mozilla/5.0 (X11; CrOS x86_64 6310.68.0) AppleWebKit/537.36 (KHTML, like Gecko) Chrome/39.0.2171.96 Safari/537.36"
24.62.202.75 - - [26/Dec/2014:09:51:17 -0500] "GET /stocks HTTP/1.1" 200 - "http://euterpea.com/" "Mozilla/5.0 (X11; CrOS x86_64 6310.68.0) AppleWebKit/537.36 (KHTML, like Gecko) Chrome/39.0.2171.96 Safari/537.36"
24.62.202.75 - - [26/Dec/2014:09:51:17 -0500] "GET /dist/js/ie-emulation-modes-warning.js HTTP/1.1" 404 - "http://euterpea.com/stocks" "Mozilla/5.0 (X11; CrOS x86_64 6310.68.0) AppleWebKit/537.36 (KHTML, like Gecko) Chrome/39.0.2171.96 Safari/537.36"
24.62.202.75 - - [26/Dec/2014:09:51:17 -0500] "GET /assets/js/ie10-viewport-bug-workaround.js HTTP/1.1" 404 - "http://euterpea.com/stocks" "Mozilla/5.0 (X11; CrOS x86_64 6310.68.0) AppleWebKit/537.36 (KHTML, like Gecko) Chrome/39.0.2171.96 Safari/537.36"
24.62.202.75 - - [26/Dec/2014:09:51:20 -0500] "GET /stocks HTTP/1.1" 200 - "http://euterpea.com/" "Mozilla/5.0 (X11; CrOS x86_64 6310.68.0) AppleWebKit/537.36 (KHTML, like Gecko) Chrome/39.0.2171.96 Safari/537.36"
24.62.202.75 - - [26/Dec/2014:09:51:21 -0500] "GET /dist/css/bootstrap.min.css HTTP/1.1" 304 0 "http://euterpea.com/stocks" "Mozilla/5.0 (X11; CrOS x86_64 6310.68.0) AppleWebKit/537.36 (KHTML, like Gecko) Chrome/39.0.2171.96 Safari/537.36"
24.62.202.75 - - [26/Dec/2014:09:51:21 -0500] "GET /dist/js/ie-emulation-modes-warning.js HTTP/1.1" 404 - "http://euterpea.com/stocks" "Mozilla/5.0 (X11; CrOS x86_64 6310.68.0) AppleWebKit/537.36 (KHTML, like Gecko) Chrome/39.0.2171.96 Safari/537.36"
24.62.202.75 - - [26/Dec/2014:09:51:21 -0500] "GET /starter-template.css HTTP/1.1" 304 0 "http://euterpea.com/stocks" "Mozilla/5.0 (X11; CrOS x86_64 6310.68.0) AppleWebKit/537.36 (KHTML, like Gecko) Chrome/39.0.2171.96 Safari/537.36"
24.62.202.75 - - [26/Dec/2014:09:51:21 -0500] "GET /dist/js/bootstrap.min.js HTTP/1.1" 304 0 "http://euterpea.com/stocks" "Mozilla/5.0 (X11; CrOS x86_64 6310.68.0) AppleWebKit/537.36 (KHTML, like Gecko) Chrome/39.0.2171.96 Safari/537.36"
24.62.202.75 - - [26/Dec/2014:09:51:21 -0500] "GET /assets/js/ie10-viewport-bug-workaround.js HTTP/1.1" 404 - "http://euterpea.com/stocks" "Mozilla/5.0 (X11; CrOS x86_64 6310.68.0) AppleWebKit/537.36 (KHTML, like Gecko) Chrome/39.0.2171.96 Safari/537.36"
24.62.202.75 - - [26/Dec/2014:09:51:22 -0500] "GET /logout HTTP/1.1" 302 0 "http://euterpea.com/stocks" "Mozilla/5.0 (X11; CrOS x86_64 6310.68.0) AppleWebKit/537.36 (KHTML, like Gecko) Chrome/39.0.2171.96 Safari/537.36"
24.62.202.75 - - [26/Dec/2014:09:51:22 -0500] "GET / HTTP/1.1" 200 - "http://euterpea.com/stocks" "Mozilla/5.0 (X11; CrOS x86_64 6310.68.0) AppleWebKit/537.36 (KHTML, like Gecko) Chrome/39.0.2171.96 Safari/537.36"
24.62.202.75 - - [26/Dec/2014:09:51:22 -0500] "GET /assets/js/ie10-viewport-bug-workaround.js HTTP/1.1" 404 - "http://euterpea.com/" "Mozilla/5.0 (X11; CrOS x86_64 6310.68.0) AppleWebKit/537.36 (KHTML, like Gecko) Chrome/39.0.2171.96 Safari/537.36"
24.62.202.75 - - [26/Dec/2014:09:51:22 -0500] "GET /dist/js/ie-emulation-modes-warning.js HTTP/1.1" 404 - "http://euterpea.com/" "Mozilla/5.0 (X11; CrOS x86_64 6310.68.0) AppleWebKit/537.36 (KHTML, like Gecko) Chrome/39.0.2171.96 Safari/537.36"
24.62.202.75 - - [26/Dec/2014:09:51:25 -0500] "POST /login HTTP/1.1" 302 0 "http://euterpea.com/" "Mozilla/5.0 (X11; CrOS x86_64 6310.68.0) AppleWebKit/537.36 (KHTML, like Gecko) Chrome/39.0.2171.96 Safari/537.36"
24.62.202.75 - - [26/Dec/2014:09:51:25 -0500] "GET /stocks HTTP/1.1" 200 - "http://euterpea.com/" "Mozilla/5.0 (X11; CrOS x86_64 6310.68.0) AppleWebKit/537.36 (KHTML, like Gecko) Chrome/39.0.2171.96 Safari/537.36"
24.62.202.75 - - [26/Dec/2014:09:51:26 -0500] "GET /dist/js/ie-emulation-modes-warning.js HTTP/1.1" 404 - "http://euterpea.com/stocks" "Mozilla/5.0 (X11; CrOS x86_64 6310.68.0) AppleWebKit/537.36 (KHTML, like Gecko) Chrome/39.0.2171.96 Safari/537.36"
24.62.202.75 - - [26/Dec/2014:09:51:26 -0500] "GET /assets/js/ie10-viewport-bug-workaround.js HTTP/1.1" 404 - "http://euterpea.com/stocks" "Mozilla/5.0 (X11; CrOS x86_64 6310.68.0) AppleWebKit/537.36 (KHTML, like Gecko) Chrome/39.0.2171.96 Safari/537.36"
24.62.202.75 - - [26/Dec/2014:11:32:01 -0500] "GET / HTTP/1.1" 200 - - "Mozilla/5.0 (X11; CrOS x86_64 6310.68.0) AppleWebKit/537.36 (KHTML, like Gecko) Chrome/39.0.2171.96 Safari/537.36"
24.62.202.75 - - [26/Dec/2014:11:32:02 -0500] "GET /dist/js/ie-emulation-modes-warning.js HTTP/1.1" 404 - "http://euterpea.com/" "Mozilla/5.0 (X11; CrOS x86_64 6310.68.0) AppleWebKit/537.36 (KHTML, like Gecko) Chrome/39.0.2171.96 Safari/537.36"
24.62.202.75 - - [26/Dec/2014:11:32:02 -0500] "GET /assets/js/ie10-viewport-bug-workaround.js HTTP/1.1" 404 - "http://euterpea.com/" "Mozilla/5.0 (X11; CrOS x86_64 6310.68.0) AppleWebKit/537.36 (KHTML, like Gecko) Chrome/39.0.2171.96 Safari/537.36"
24.62.202.75 - - [26/Dec/2014:11:32:08 -0500] "POST /login HTTP/1.1" 302 0 "http://euterpea.com/" "Mozilla/5.0 (X11; CrOS x86_64 6310.68.0) AppleWebKit/537.36 (KHTML, like Gecko) Chrome/39.0.2171.96 Safari/537.36"
24.62.202.75 - - [26/Dec/2014:11:32:09 -0500] "GET /stocks HTTP/1.1" 200 - "http://euterpea.com/" "Mozilla/5.0 (X11; CrOS x86_64 6310.68.0) AppleWebKit/537.36 (KHTML, like Gecko) Chrome/39.0.2171.96 Safari/537.36"
24.62.202.75 - - [26/Dec/2014:11:32:09 -0500] "GET /assets/js/ie10-viewport-bug-workaround.js HTTP/1.1" 404 - "http://euterpea.com/stocks" "Mozilla/5.0 (X11; CrOS x86_64 6310.68.0) AppleWebKit/537.36 (KHTML, like Gecko) Chrome/39.0.2171.96 Safari/537.36"
24.62.202.75 - - [26/Dec/2014:11:32:09 -0500] "GET /dist/js/ie-emulation-modes-warning.js HTTP/1.1" 404 - "http://euterpea.com/stocks" "Mozilla/5.0 (X11; CrOS x86_64 6310.68.0) AppleWebKit/537.36 (KHTML, like Gecko) Chrome/39.0.2171.96 Safari/537.36"
24.62.202.75 - - [26/Dec/2014:11:32:15 -0500] "GET /logout HTTP/1.1" 302 0 "http://euterpea.com/stocks" "Mozilla/5.0 (X11; CrOS x86_64 6310.68.0) AppleWebKit/537.36 (KHTML, like Gecko) Chrome/39.0.2171.96 Safari/537.36"
24.62.202.75 - - [26/Dec/2014:11:32:15 -0500] "GET / HTTP/1.1" 200 - "http://euterpea.com/stocks" "Mozilla/5.0 (X11; CrOS x86_64 6310.68.0) AppleWebKit/537.36 (KHTML, like Gecko) Chrome/39.0.2171.96 Safari/537.36"
24.62.202.75 - - [26/Dec/2014:11:32:15 -0500] "GET /dist/js/ie-emulation-modes-warning.js HTTP/1.1" 404 - "http://euterpea.com/" "Mozilla/5.0 (X11; CrOS x86_64 6310.68.0) AppleWebKit/537.36 (KHTML, like Gecko) Chrome/39.0.2171.96 Safari/537.36"
24.62.202.75 - - [26/Dec/2014:11:32:15 -0500] "GET /assets/js/ie10-viewport-bug-workaround.js HTTP/1.1" 404 - "http://euterpea.com/" "Mozilla/5.0 (X11; CrOS x86_64 6310.68.0) AppleWebKit/537.36 (KHTML, like Gecko) Chrome/39.0.2171.96 Safari/537.36"
24.62.202.75 - - [26/Dec/2014:11:41:47 -0500] "GET / HTTP/1.1" 200 - - "Mozilla/5.0 (X11; CrOS x86_64 6310.68.0) AppleWebKit/537.36 (KHTML, like Gecko) Chrome/39.0.2171.96 Safari/537.36"
24.62.202.75 - - [26/Dec/2014:11:41:47 -0500] "GET /dist/css/bootstrap.min.css HTTP/1.1" 200 - "http://euterpea.com/" "Mozilla/5.0 (X11; CrOS x86_64 6310.68.0) AppleWebKit/537.36 (KHTML, like Gecko) Chrome/39.0.2171.96 Safari/537.36"
24.62.202.75 - - [26/Dec/2014:11:41:47 -0500] "GET /starter-template.css HTTP/1.1" 200 - "http://euterpea.com/" "Mozilla/5.0 (X11; CrOS x86_64 6310.68.0) AppleWebKit/537.36 (KHTML, like Gecko) Chrome/39.0.2171.96 Safari/537.36"
24.62.202.75 - - [26/Dec/2014:11:41:47 -0500] "GET /dist/js/ie-emulation-modes-warning.js HTTP/1.1" 404 - "http://euterpea.com/" "Mozilla/5.0 (X11; CrOS x86_64 6310.68.0) AppleWebKit/537.36 (KHTML, like Gecko) Chrome/39.0.2171.96 Safari/537.36"
24.62.202.75 - - [26/Dec/2014:11:41:47 -0500] "GET /dist/js/bootstrap.min.js HTTP/1.1" 200 - "http://euterpea.com/" "Mozilla/5.0 (X11; CrOS x86_64 6310.68.0) AppleWebKit/537.36 (KHTML, like Gecko) Chrome/39.0.2171.96 Safari/537.36"
24.62.202.75 - - [26/Dec/2014:11:41:47 -0500] "GET /assets/js/ie10-viewport-bug-workaround.js HTTP/1.1" 404 - "http://euterpea.com/" "Mozilla/5.0 (X11; CrOS x86_64 6310.68.0) AppleWebKit/537.36 (KHTML, like Gecko) Chrome/39.0.2171.96 Safari/537.36"
24.62.202.75 - - [26/Dec/2014:11:41:49 -0500] "POST /login HTTP/1.1" 302 0 "http://euterpea.com/" "Mozilla/5.0 (X11; CrOS x86_64 6310.68.0) AppleWebKit/537.36 (KHTML, like Gecko) Chrome/39.0.2171.96 Safari/537.36"
24.62.202.75 - - [26/Dec/2014:11:41:49 -0500] "GET /stocks HTTP/1.1" 200 - "http://euterpea.com/" "Mozilla/5.0 (X11; CrOS x86_64 6310.68.0) AppleWebKit/537.36 (KHTML, like Gecko) Chrome/39.0.2171.96 Safari/537.36"
24.62.202.75 - - [26/Dec/2014:11:41:49 -0500] "GET /dist/js/ie-emulation-modes-warning.js HTTP/1.1" 404 - "http://euterpea.com/stocks" "Mozilla/5.0 (X11; CrOS x86_64 6310.68.0) AppleWebKit/537.36 (KHTML, like Gecko) Chrome/39.0.2171.96 Safari/537.36"
24.62.202.75 - - [26/Dec/2014:11:41:49 -0500] "GET /assets/js/ie10-viewport-bug-workaround.js HTTP/1.1" 404 - "http://euterpea.com/stocks" "Mozilla/5.0 (X11; CrOS x86_64 6310.68.0) AppleWebKit/537.36 (KHTML, like Gecko) Chrome/39.0.2171.96 Safari/537.36"
24.62.202.75 - - [26/Dec/2014:11:41:50 -0500] "GET /logout HTTP/1.1" 302 0 "http://euterpea.com/stocks" "Mozilla/5.0 (X11; CrOS x86_64 6310.68.0) AppleWebKit/537.36 (KHTML, like Gecko) Chrome/39.0.2171.96 Safari/537.36"
24.62.202.75 - - [26/Dec/2014:11:41:50 -0500] "GET / HTTP/1.1" 200 - "http://euterpea.com/stocks" "Mozilla/5.0 (X11; CrOS x86_64 6310.68.0) AppleWebKit/537.36 (KHTML, like Gecko) Chrome/39.0.2171.96 Safari/537.36"
24.62.202.75 - - [26/Dec/2014:11:41:51 -0500] "GET /dist/js/ie-emulation-modes-warning.js HTTP/1.1" 404 - "http://euterpea.com/" "Mozilla/5.0 (X11; CrOS x86_64 6310.68.0) AppleWebKit/537.36 (KHTML, like Gecko) Chrome/39.0.2171.96 Safari/537.36"
24.62.202.75 - - [26/Dec/2014:11:41:51 -0500] "GET /assets/js/ie10-viewport-bug-workaround.js HTTP/1.1" 404 - "http://euterpea.com/" "Mozilla/5.0 (X11; CrOS x86_64 6310.68.0) AppleWebKit/537.36 (KHTML, like Gecko) Chrome/39.0.2171.96 Safari/537.36"
24.62.202.75 - - [26/Dec/2014:11:43:18 -0500] "GET / HTTP/1.1" 200 - "http://euterpea.com/stocks" "Mozilla/5.0 (X11; CrOS x86_64 6310.68.0) AppleWebKit/537.36 (KHTML, like Gecko) Chrome/39.0.2171.96 Safari/537.36"
24.62.202.75 - - [26/Dec/2014:11:43:18 -0500] "GET /dist/css/bootstrap.min.css HTTP/1.1" 304 0 "http://euterpea.com/" "Mozilla/5.0 (X11; CrOS x86_64 6310.68.0) AppleWebKit/537.36 (KHTML, like Gecko) Chrome/39.0.2171.96 Safari/537.36"
24.62.202.75 - - [26/Dec/2014:11:43:18 -0500] "GET /starter-template.css HTTP/1.1" 304 0 "http://euterpea.com/" "Mozilla/5.0 (X11; CrOS x86_64 6310.68.0) AppleWebKit/537.36 (KHTML, like Gecko) Chrome/39.0.2171.96 Safari/537.36"
24.62.202.75 - - [26/Dec/2014:11:43:18 -0500] "GET /dist/js/ie-emulation-modes-warning.js HTTP/1.1" 404 - "http://euterpea.com/" "Mozilla/5.0 (X11; CrOS x86_64 6310.68.0) AppleWebKit/537.36 (KHTML, like Gecko) Chrome/39.0.2171.96 Safari/537.36"
24.62.202.75 - - [26/Dec/2014:11:43:18 -0500] "GET /assets/js/ie10-viewport-bug-workaround.js HTTP/1.1" 404 - "http://euterpea.com/" "Mozilla/5.0 (X11; CrOS x86_64 6310.68.0) AppleWebKit/537.36 (KHTML, like Gecko) Chrome/39.0.2171.96 Safari/537.36"
24.62.202.75 - - [26/Dec/2014:11:43:18 -0500] "GET /dist/js/bootstrap.min.js HTTP/1.1" 304 0 "http://euterpea.com/" "Mozilla/5.0 (X11; CrOS x86_64 6310.68.0) AppleWebKit/537.36 (KHTML, like Gecko) Chrome/39.0.2171.96 Safari/537.36"
24.62.202.75 - - [26/Dec/2014:11:43:21 -0500] "POST /login HTTP/1.1" 302 0 "http://euterpea.com/" "Mozilla/5.0 (X11; CrOS x86_64 6310.68.0) AppleWebKit/537.36 (KHTML, like Gecko) Chrome/39.0.2171.96 Safari/537.36"
24.62.202.75 - - [26/Dec/2014:11:43:21 -0500] "GET /stocks HTTP/1.1" 200 - "http://euterpea.com/" "Mozilla/5.0 (X11; CrOS x86_64 6310.68.0) AppleWebKit/537.36 (KHTML, like Gecko) Chrome/39.0.2171.96 Safari/537.36"
24.62.202.75 - - [26/Dec/2014:11:43:21 -0500] "GET /dist/js/ie-emulation-modes-warning.js HTTP/1.1" 404 - "http://euterpea.com/stocks" "Mozilla/5.0 (X11; CrOS x86_64 6310.68.0) AppleWebKit/537.36 (KHTML, like Gecko) Chrome/39.0.2171.96 Safari/537.36"
24.62.202.75 - - [26/Dec/2014:11:43:21 -0500] "GET /assets/js/ie10-viewport-bug-workaround.js HTTP/1.1" 404 - "http://euterpea.com/stocks" "Mozilla/5.0 (X11; CrOS x86_64 6310.68.0) AppleWebKit/537.36 (KHTML, like Gecko) Chrome/39.0.2171.96 Safari/537.36"
66.55.92.21 - - [26/Dec/2014:12:49:42 -0500] "GET /phpMyAdmin/scripts/setup.php HTTP/1.1" 404 - - "-"
66.55.92.21 - - [26/Dec/2014:12:49:43 -0500] "GET /phpMyAdmin/config/config.inc.php HTTP/1.1" 404 - - "-"
66.55.92.21 - - [26/Dec/2014:15:50:06 -0500] "GET /phpmyadmin/scripts/setup.php HTTP/1.1" 404 - - "-"
24.62.202.75 - - [26/Dec/2014:17:02:40 -0500] "GET /stocks HTTP/1.1" 200 - "http://euterpea.com/" "Mozilla/5.0 (X11; CrOS x86_64 6310.68.0) AppleWebKit/537.36 (KHTML, like Gecko) Chrome/39.0.2171.96 Safari/537.36"
24.62.202.75 - - [26/Dec/2014:17:02:40 -0500] "GET /dist/css/bootstrap.min.css HTTP/1.1" 304 0 "http://euterpea.com/stocks" "Mozilla/5.0 (X11; CrOS x86_64 6310.68.0) AppleWebKit/537.36 (KHTML, like Gecko) Chrome/39.0.2171.96 Safari/537.36"
24.62.202.75 - - [26/Dec/2014:17:02:40 -0500] "GET /starter-template.css HTTP/1.1" 304 0 "http://euterpea.com/stocks" "Mozilla/5.0 (X11; CrOS x86_64 6310.68.0) AppleWebKit/537.36 (KHTML, like Gecko) Chrome/39.0.2171.96 Safari/537.36"
24.62.202.75 - - [26/Dec/2014:17:02:40 -0500] "GET /dist/js/bootstrap.min.js HTTP/1.1" 304 0 "http://euterpea.com/stocks" "Mozilla/5.0 (X11; CrOS x86_64 6310.68.0) AppleWebKit/537.36 (KHTML, like Gecko) Chrome/39.0.2171.96 Safari/537.36"
24.62.202.75 - - [26/Dec/2014:17:02:40 -0500] "GET /dist/js/ie-emulation-modes-warning.js HTTP/1.1" 404 - "http://euterpea.com/stocks" "Mozilla/5.0 (X11; CrOS x86_64 6310.68.0) AppleWebKit/537.36 (KHTML, like Gecko) Chrome/39.0.2171.96 Safari/537.36"
24.62.202.75 - - [26/Dec/2014:17:02:40 -0500] "GET /assets/js/ie10-viewport-bug-workaround.js HTTP/1.1" 404 - "http://euterpea.com/stocks" "Mozilla/5.0 (X11; CrOS x86_64 6310.68.0) AppleWebKit/537.36 (KHTML, like Gecko) Chrome/39.0.2171.96 Safari/537.36"
24.62.202.75 - - [26/Dec/2014:17:02:42 -0500] "POST /login HTTP/1.1" 302 0 "http://euterpea.com/stocks" "Mozilla/5.0 (X11; CrOS x86_64 6310.68.0) AppleWebKit/537.36 (KHTML, like Gecko) Chrome/39.0.2171.96 Safari/537.36"
24.62.202.75 - - [26/Dec/2014:17:02:42 -0500] "GET /stocks HTTP/1.1" 200 - "http://euterpea.com/stocks" "Mozilla/5.0 (X11; CrOS x86_64 6310.68.0) AppleWebKit/537.36 (KHTML, like Gecko) Chrome/39.0.2171.96 Safari/537.36"
24.62.202.75 - - [26/Dec/2014:17:02:43 -0500] "GET /dist/js/ie-emulation-modes-warning.js HTTP/1.1" 404 - "http://euterpea.com/stocks" "Mozilla/5.0 (X11; CrOS x86_64 6310.68.0) AppleWebKit/537.36 (KHTML, like Gecko) Chrome/39.0.2171.96 Safari/537.36"
24.62.202.75 - - [26/Dec/2014:17:02:43 -0500] "GET /assets/js/ie10-viewport-bug-workaround.js HTTP/1.1" 404 - "http://euterpea.com/stocks" "Mozilla/5.0 (X11; CrOS x86_64 6310.68.0) AppleWebKit/537.36 (KHTML, like Gecko) Chrome/39.0.2171.96 Safari/537.36"
24.62.202.75 - - [26/Dec/2014:17:02:47 -0500] "GET /stocks HTTP/1.1" 200 - "http://euterpea.com/stocks" "Mozilla/5.0 (X11; CrOS x86_64 6310.68.0) AppleWebKit/537.36 (KHTML, like Gecko) Chrome/39.0.2171.96 Safari/537.36"
24.62.202.75 - - [26/Dec/2014:17:02:47 -0500] "GET /dist/css/bootstrap.min.css HTTP/1.1" 304 0 "http://euterpea.com/stocks" "Mozilla/5.0 (X11; CrOS x86_64 6310.68.0) AppleWebKit/537.36 (KHTML, like Gecko) Chrome/39.0.2171.96 Safari/537.36"
24.62.202.75 - - [26/Dec/2014:17:02:47 -0500] "GET /starter-template.css HTTP/1.1" 304 0 "http://euterpea.com/stocks" "Mozilla/5.0 (X11; CrOS x86_64 6310.68.0) AppleWebKit/537.36 (KHTML, like Gecko) Chrome/39.0.2171.96 Safari/537.36"
24.62.202.75 - - [26/Dec/2014:17:02:47 -0500] "GET /dist/js/ie-emulation-modes-warning.js HTTP/1.1" 404 - "http://euterpea.com/stocks" "Mozilla/5.0 (X11; CrOS x86_64 6310.68.0) AppleWebKit/537.36 (KHTML, like Gecko) Chrome/39.0.2171.96 Safari/537.36"
24.62.202.75 - - [26/Dec/2014:17:02:47 -0500] "GET /dist/js/bootstrap.min.js HTTP/1.1" 304 0 "http://euterpea.com/stocks" "Mozilla/5.0 (X11; CrOS x86_64 6310.68.0) AppleWebKit/537.36 (KHTML, like Gecko) Chrome/39.0.2171.96 Safari/537.36"
24.62.202.75 - - [26/Dec/2014:17:02:47 -0500] "GET /assets/js/ie10-viewport-bug-workaround.js HTTP/1.1" 404 - "http://euterpea.com/stocks" "Mozilla/5.0 (X11; CrOS x86_64 6310.68.0) AppleWebKit/537.36 (KHTML, like Gecko) Chrome/39.0.2171.96 Safari/537.36"
24.62.202.75 - - [26/Dec/2014:17:21:05 -0500] "GET /stocks HTTP/1.1" 200 - "http://euterpea.com/stocks" "Mozilla/5.0 (X11; CrOS x86_64 6310.68.0) AppleWebKit/537.36 (KHTML, like Gecko) Chrome/39.0.2171.96 Safari/537.36"
24.62.202.75 - - [26/Dec/2014:17:21:05 -0500] "GET /dist/css/bootstrap.min.css HTTP/1.1" 304 0 "http://euterpea.com/stocks" "Mozilla/5.0 (X11; CrOS x86_64 6310.68.0) AppleWebKit/537.36 (KHTML, like Gecko) Chrome/39.0.2171.96 Safari/537.36"
24.62.202.75 - - [26/Dec/2014:17:21:05 -0500] "GET /starter-template.css HTTP/1.1" 304 0 "http://euterpea.com/stocks" "Mozilla/5.0 (X11; CrOS x86_64 6310.68.0) AppleWebKit/537.36 (KHTML, like Gecko) Chrome/39.0.2171.96 Safari/537.36"
24.62.202.75 - - [26/Dec/2014:17:21:05 -0500] "GET /dist/js/ie-emulation-modes-warning.js HTTP/1.1" 404 - "http://euterpea.com/stocks" "Mozilla/5.0 (X11; CrOS x86_64 6310.68.0) AppleWebKit/537.36 (KHTML, like Gecko) Chrome/39.0.2171.96 Safari/537.36"
24.62.202.75 - - [26/Dec/2014:17:21:05 -0500] "GET /dist/js/bootstrap.min.js HTTP/1.1" 304 0 "http://euterpea.com/stocks" "Mozilla/5.0 (X11; CrOS x86_64 6310.68.0) AppleWebKit/537.36 (KHTML, like Gecko) Chrome/39.0.2171.96 Safari/537.36"
24.62.202.75 - - [26/Dec/2014:17:21:05 -0500] "GET /assets/js/ie10-viewport-bug-workaround.js HTTP/1.1" 404 - "http://euterpea.com/stocks" "Mozilla/5.0 (X11; CrOS x86_64 6310.68.0) AppleWebKit/537.36 (KHTML, like Gecko) Chrome/39.0.2171.96 Safari/537.36"
115.159.67.97 - - [26/Dec/2014:17:24:06 -0500] "GET http://www.ly.com/ HTTP/1.1" 404 - - "Mozilla/5.0 (Windows NT 6.1; WOW64; rv:29.0) Gecko/20100101 Firefox/29.0"
182.254.157.17 - - [26/Dec/2014:17:58:29 -0500] "GET http://www.ly.com/ HTTP/1.1" 404 - - "Mozilla/5.0 (Windows NT 6.1; WOW64; rv:29.0) Gecko/20100101 Firefox/29.0"
66.55.92.21 - - [26/Dec/2014:19:51:58 -0500] "GET /phpMyAdmin/scripts/setup.php HTTP/1.1" 404 - - "-"
180.153.196.75 - - [26/Dec/2014:20:48:14 -0500] "GET / HTTP/1.1" 200 - - "-"
31.178.116.73 - - [26/Dec/2014:23:07:09 -0500] "GET /wp-content/plugins/wpdatatables/assets/js/wpdatatables/wpdatatables.min.js HTTP/1.1" 404 - - "Mozilla/5.0 (Windows NT 6.1; WOW64) AppleWebKit/537.36 (KHTML, like Gecko) Chrome/34.0.1847.137 Safari/537.36"
66.55.92.21 - - [27/Dec/2014:00:44:21 -0500] "GET /pma/scripts/setup.php HTTP/1.1" 404 - - "-"
66.249.64.97 - - [27/Dec/2014:01:42:04 -0500] "GET /robots.txt HTTP/1.1" 404 - - "Mozilla/5.0 (compatible; Googlebot/2.1; +http://www.google.com/bot.html)"
66.249.64.93 - - [27/Dec/2014:01:42:04 -0500] "GET / HTTP/1.1" 200 - - "Mozilla/5.0 (compatible; Googlebot/2.1; +http://www.google.com/bot.html)"
66.249.64.89 - - [27/Dec/2014:01:44:51 -0500] "GET /dist/css/bootstrap.min.css HTTP/1.1" 200 - - "Mozilla/5.0 (compatible; Googlebot/2.1; +http://www.google.com/bot.html)"
66.249.64.89 - - [27/Dec/2014:01:44:52 -0500] "GET /starter-template.css HTTP/1.1" 200 - - "Mozilla/5.0 (compatible; Googlebot/2.1; +http://www.google.com/bot.html)"
66.249.64.97 - - [27/Dec/2014:02:40:34 -0500] "GET /new_user HTTP/1.1" 200 - - "Mozilla/5.0 (compatible; Googlebot/2.1; +http://www.google.com/bot.html)"
66.249.64.97 - - [27/Dec/2014:02:45:28 -0500] "GET /static/style.css HTTP/1.1" 404 - - "Mozilla/5.0 (compatible; Googlebot/2.1; +http://www.google.com/bot.html)"
66.249.64.97 - - [27/Dec/2014:03:39:07 -0500] "GET / HTTP/1.1" 200 - - "Mozilla/5.0 (compatible; Googlebot/2.1; +http://www.google.com/bot.html)"
66.55.92.21 - - [27/Dec/2014:04:08:59 -0500] "GET /myadmin/scripts/setup.php HTTP/1.1" 404 - - "-"
157.55.39.1 - - [27/Dec/2014:06:15:32 -0500] "GET /robots.txt HTTP/1.1" 404 - - "Mozilla/5.0 (compatible; bingbot/2.0; +http://www.bing.com/bingbot.htm)"
157.55.39.1 - - [27/Dec/2014:06:16:58 -0500] "GET / HTTP/1.1" 200 - - "Mozilla/5.0 (compatible; bingbot/2.0; +http://www.bing.com/bingbot.htm)"
66.249.64.97 - - [27/Dec/2014:06:36:22 -0500] "GET / HTTP/1.1" 200 - - "Mozilla/5.0 (compatible; Googlebot/2.1; +http://www.google.com/bot.html)"
66.249.83.155 - - [27/Dec/2014:07:45:15 -0500] "GET / HTTP/1.1" 200 - - "Mozilla/5.0 (Windows NT 6.1; rv:6.0) Gecko/20110814 Firefox/6.0 Google favicon"
66.249.83.155 - - [27/Dec/2014:07:45:16 -0500] "GET /favicon.ico HTTP/1.1" 200 5108 - "Mozilla/5.0 (Windows NT 6.1; rv:6.0) Gecko/20110814 Firefox/6.0 Google favicon"
125.64.35.67 - - [27/Dec/2014:07:53:41 -0500] "GET http://s1.bdstatic.com/r/www/cache/static/home/img/logos/nuomi_ade5465d.png HTTP/1.1" 404 - - "Mozilla/4.0 (compatible; MSIE 7.0; Windows NT 6.3; Trident/7.0; .NET4.0E; .NET4.0C; .NET CLR 3.5.3072; .NET CLR 2.0.50727; .NET CLR 3.0.30729; Tablet PC 2.0)"
125.64.35.68 - - [27/Dec/2014:08:01:49 -0500] "GET http://s1.bdstatic.com/r/www/cache/static/home/img/logos/nuomi_ade5465d.png HTTP/1.1" 404 - - "Mozilla/4.0 (compatible; MSIE 7.0; Windows NT 6.3; Trident/7.0; .NET4.0E; .NET4.0C; .NET CLR 3.5.3072; .NET CLR 2.0.50727; .NET CLR 3.0.30729; Tablet PC 2.0)"
125.64.35.67 - - [27/Dec/2014:10:24:04 -0500] "GET http://s1.bdstatic.com/r/www/cache/static/home/img/logos/nuomi_ade5465d.png HTTP/1.1" 404 - - "Mozilla/4.0 (compatible; MSIE 7.0; Windows NT 6.3; Trident/7.0; .NET4.0E; .NET4.0C; .NET CLR 3.5.3072; .NET CLR 2.0.50727; .NET CLR 3.0.30729; Tablet PC 2.0)"
66.249.64.89 - - [27/Dec/2014:10:29:58 -0500] "GET / HTTP/1.1" 200 - - "Mozilla/5.0 (compatible; Googlebot/2.1; +http://www.google.com/bot.html)"
125.64.35.68 - - [27/Dec/2014:10:34:13 -0500] "GET http://s1.bdstatic.com/r/www/cache/static/home/img/logos/nuomi_ade5465d.png HTTP/1.1" 404 - - "Mozilla/4.0 (compatible; MSIE 7.0; Windows NT 6.3; Trident/7.0; .NET4.0E; .NET4.0C; .NET CLR 3.5.3072; .NET CLR 2.0.50727; .NET CLR 3.0.30729; Tablet PC 2.0)"
66.55.92.21 - - [27/Dec/2014:14:44:55 -0500] "GET /mysqladmin/scripts/setup.php HTTP/1.1" 404 - - "-"
66.55.92.21 - - [27/Dec/2014:18:59:13 -0500] "GET /myadmin/scripts/setup.php HTTP/1.1" 404 - - "-"
24.62.202.75 - - [27/Dec/2014:19:37:36 -0500] "GET / HTTP/1.1" 200 - - "Mozilla/5.0 (X11; CrOS x86_64 6310.68.0) AppleWebKit/537.36 (KHTML, like Gecko) Chrome/39.0.2171.96 Safari/537.36"
24.62.202.75 - - [27/Dec/2014:19:37:36 -0500] "GET /starter-template.css HTTP/1.1" 304 0 "http://euterpea.com/" "Mozilla/5.0 (X11; CrOS x86_64 6310.68.0) AppleWebKit/537.36 (KHTML, like Gecko) Chrome/39.0.2171.96 Safari/537.36"
24.62.202.75 - - [27/Dec/2014:19:37:36 -0500] "GET /dist/js/ie-emulation-modes-warning.js HTTP/1.1" 404 - "http://euterpea.com/" "Mozilla/5.0 (X11; CrOS x86_64 6310.68.0) AppleWebKit/537.36 (KHTML, like Gecko) Chrome/39.0.2171.96 Safari/537.36"
24.62.202.75 - - [27/Dec/2014:19:37:36 -0500] "GET /dist/css/bootstrap.min.css HTTP/1.1" 304 0 "http://euterpea.com/" "Mozilla/5.0 (X11; CrOS x86_64 6310.68.0) AppleWebKit/537.36 (KHTML, like Gecko) Chrome/39.0.2171.96 Safari/537.36"
24.62.202.75 - - [27/Dec/2014:19:37:36 -0500] "GET /dist/js/bootstrap.min.js HTTP/1.1" 304 0 "http://euterpea.com/" "Mozilla/5.0 (X11; CrOS x86_64 6310.68.0) AppleWebKit/537.36 (KHTML, like Gecko) Chrome/39.0.2171.96 Safari/537.36"
24.62.202.75 - - [27/Dec/2014:19:37:36 -0500] "GET /assets/js/ie10-viewport-bug-workaround.js HTTP/1.1" 404 - "http://euterpea.com/" "Mozilla/5.0 (X11; CrOS x86_64 6310.68.0) AppleWebKit/537.36 (KHTML, like Gecko) Chrome/39.0.2171.96 Safari/537.36"
24.62.202.75 - - [27/Dec/2014:19:37:46 -0500] "GET / HTTP/1.1" 200 - - "Mozilla/5.0 (X11; CrOS x86_64 6310.68.0) AppleWebKit/537.36 (KHTML, like Gecko) Chrome/39.0.2171.96 Safari/537.36"
24.62.202.75 - - [27/Dec/2014:19:37:46 -0500] "GET /dist/js/ie-emulation-modes-warning.js HTTP/1.1" 404 - "http://euterpea.com/" "Mozilla/5.0 (X11; CrOS x86_64 6310.68.0) AppleWebKit/537.36 (KHTML, like Gecko) Chrome/39.0.2171.96 Safari/537.36"
24.62.202.75 - - [27/Dec/2014:19:37:46 -0500] "GET /assets/js/ie10-viewport-bug-workaround.js HTTP/1.1" 404 - "http://euterpea.com/" "Mozilla/5.0 (X11; CrOS x86_64 6310.68.0) AppleWebKit/537.36 (KHTML, like Gecko) Chrome/39.0.2171.96 Safari/537.36"
64.95.98.10 - - [27/Dec/2014:22:57:36 -0500] "GET /phpmyadmin/scripts/setup.php HTTP/1.0" 404 - - "-"
31.178.116.157 - - [28/Dec/2014:01:15:04 -0500] "GET /wp-content/plugins/download-manager/readme.txt HTTP/1.1" 404 - - "Mozilla/5.0 (Windows NT 6.1; WOW64) AppleWebKit/537.36 (KHTML, like Gecko) Chrome/34.0.1847.137 Safari/537.36"
157.55.39.5 - - [28/Dec/2014:03:06:23 -0500] "GET / HTTP/1.1" 200 - - "Mozilla/5.0 (compatible; bingbot/2.0; +http://www.bing.com/bingbot.htm)"
66.249.64.97 - - [28/Dec/2014:03:15:59 -0500] "GET /robots.txt HTTP/1.1" 404 - - "Mozilla/5.0 (compatible; Googlebot/2.1; +http://www.google.com/bot.html)"
66.249.64.89 - - [28/Dec/2014:03:15:59 -0500] "GET / HTTP/1.1" 200 - - "Mozilla/5.0 (compatible; Googlebot/2.1; +http://www.google.com/bot.html)"
66.249.64.89 - - [28/Dec/2014:03:59:32 -0500] "GET /new_user HTTP/1.1" 200 - - "Mozilla/5.0 (compatible; Googlebot/2.1; +http://www.google.com/bot.html)"
93.174.93.106 - - [28/Dec/2014:04:13:51 -0500] "GET / HTTP/1.0" 200 - - "masscan/1.0 (https://github.com/robertdavidgraham/masscan)"
222.124.186.237 - - [28/Dec/2014:06:05:41 -0500] "GET /jmx-console/ HTTP/1.0" 404 - - "-"
66.249.64.97 - - [28/Dec/2014:07:09:53 -0500] "GET /new_user HTTP/1.1" 200 - - "Mozilla/5.0 (compatible; Googlebot/2.1; +http://www.google.com/bot.html)"
185.30.96.198 - - [28/Dec/2014:07:41:13 -0500] "GET http://planeta.ru/test.html HTTP/1.1" 404 - - "Mozilla/5.0 (Windows NT 5.1; rv:32.0) Gecko/20100101 Firefox/32.0"
89.66.76.241 - - [28/Dec/2014:09:52:58 -0500] "GET /wp-content/plugins/wp-symposium/readme.txt HTTP/1.1" 404 - - "Mozilla/5.0 (Windows NT 6.1; WOW64) AppleWebKit/537.36 (KHTML, like Gecko) Chrome/34.0.1847.137 Safari/537.36"
66.249.64.97 - - [28/Dec/2014:10:07:23 -0500] "GET / HTTP/1.1" 200 - - "Mozilla/5.0 (compatible; Googlebot/2.1; +http://www.google.com/bot.html)"
182.254.220.58 - - [28/Dec/2014:11:46:44 -0500] "GET http://www.ly.com/ HTTP/1.1" 404 - - "Mozilla/5.0 (Windows NT 6.1; WOW64; rv:29.0) Gecko/20100101 Firefox/29.0"
66.249.64.97 - - [28/Dec/2014:12:56:46 -0500] "GET / HTTP/1.1" 200 - - "Mozilla/5.0 (iPhone; CPU iPhone OS 6_0 like Mac OS X) AppleWebKit/536.26 (KHTML, like Gecko) Version/6.0 Mobile/10A5376e Safari/8536.25 (compatible; Googlebot/2.1; +http://www.google.com/bot.html)"
66.249.64.89 - - [28/Dec/2014:13:02:07 -0500] "GET / HTTP/1.1" 200 - - "Mozilla/5.0 (compatible; Googlebot/2.1; +http://www.google.com/bot.html)"
149.129.53.135 - - [28/Dec/2014:14:12:08 -0500] "GET /tmUnblock.cgi HTTP/1.1" 404 - - "-"
125.121.214.57 - - [28/Dec/2014:16:44:57 -0500] "POST /cgi-bin/php?%2D%64+%61%6C%6C%6F%77%5F%75%72%6C%5F%69%6E%63%6C%75%64%65%3D%6F%6E+%2D%64+%73%61%66%65%5F%6D%6F%64%65%3D%6F%66%66+%2D%64+%73%75%68%6F%73%69%6E%2E%73%69%6D%75%6C%61%74%69%6F%6E%3D%6F%6E+%2D%64+%64%69%73%61%62%6C%65%5F%66%75%6E%63%74%69%6F%6E%73%3D%22%22+%2D%64+%6F%70%65%6E%5F%62%61%73%65%64%69%72%3D%6E%6F%6E%65+%2D%64+%61%75%74%6F%5F%70%72%65%70%65%6E%64%5F%66%69%6C%65%3D%70%68%70%3A%2F%2F%69%6E%70%75%74+%2D%64+%63%67%69%2E%66%6F%72%63%65%5F%72%65%64%69%72%65%63%74%3D%30+%2D%64+%63%67%69%2E%72%65%64%69%72%65%63%74%5F%73%74%61%74%75%73%5F%65%6E%76%3D%30+%2D%6E HTTP/1.1" 404 - - "Mozilla/5.0 (compatible; Zollard; Linux)"
125.121.214.57 - - [28/Dec/2014:16:44:57 -0500] "POST /cgi-bin/php5?%2D%64+%61%6C%6C%6F%77%5F%75%72%6C%5F%69%6E%63%6C%75%64%65%3D%6F%6E+%2D%64+%73%61%66%65%5F%6D%6F%64%65%3D%6F%66%66+%2D%64+%73%75%68%6F%73%69%6E%2E%73%69%6D%75%6C%61%74%69%6F%6E%3D%6F%6E+%2D%64+%64%69%73%61%62%6C%65%5F%66%75%6E%63%74%69%6F%6E%73%3D%22%22+%2D%64+%6F%70%65%6E%5F%62%61%73%65%64%69%72%3D%6E%6F%6E%65+%2D%64+%61%75%74%6F%5F%70%72%65%70%65%6E%64%5F%66%69%6C%65%3D%70%68%70%3A%2F%2F%69%6E%70%75%74+%2D%64+%63%67%69%2E%66%6F%72%63%65%5F%72%65%64%69%72%65%63%74%3D%30+%2D%64+%63%67%69%2E%72%65%64%69%72%65%63%74%5F%73%74%61%74%75%73%5F%65%6E%76%3D%30+%2D%6E HTTP/1.1" 404 - - "Mozilla/5.0 (compatible; Zollard; Linux)"
125.121.214.57 - - [28/Dec/2014:16:44:58 -0500] "POST /cgi-bin/php-cgi?%2D%64+%61%6C%6C%6F%77%5F%75%72%6C%5F%69%6E%63%6C%75%64%65%3D%6F%6E+%2D%64+%73%61%66%65%5F%6D%6F%64%65%3D%6F%66%66+%2D%64+%73%75%68%6F%73%69%6E%2E%73%69%6D%75%6C%61%74%69%6F%6E%3D%6F%6E+%2D%64+%64%69%73%61%62%6C%65%5F%66%75%6E%63%74%69%6F%6E%73%3D%22%22+%2D%64+%6F%70%65%6E%5F%62%61%73%65%64%69%72%3D%6E%6F%6E%65+%2D%64+%61%75%74%6F%5F%70%72%65%70%65%6E%64%5F%66%69%6C%65%3D%70%68%70%3A%2F%2F%69%6E%70%75%74+%2D%64+%63%67%69%2E%66%6F%72%63%65%5F%72%65%64%69%72%65%63%74%3D%30+%2D%64+%63%67%69%2E%72%65%64%69%72%65%63%74%5F%73%74%61%74%75%73%5F%65%6E%76%3D%30+%2D%6E HTTP/1.1" 404 - - "Mozilla/5.0 (compatible; Zollard; Linux)"
125.121.214.57 - - [28/Dec/2014:16:44:59 -0500] "POST /cgi-bin/php.cgi?%2D%64+%61%6C%6C%6F%77%5F%75%72%6C%5F%69%6E%63%6C%75%64%65%3D%6F%6E+%2D%64+%73%61%66%65%5F%6D%6F%64%65%3D%6F%66%66+%2D%64+%73%75%68%6F%73%69%6E%2E%73%69%6D%75%6C%61%74%69%6F%6E%3D%6F%6E+%2D%64+%64%69%73%61%62%6C%65%5F%66%75%6E%63%74%69%6F%6E%73%3D%22%22+%2D%64+%6F%70%65%6E%5F%62%61%73%65%64%69%72%3D%6E%6F%6E%65+%2D%64+%61%75%74%6F%5F%70%72%65%70%65%6E%64%5F%66%69%6C%65%3D%70%68%70%3A%2F%2F%69%6E%70%75%74+%2D%64+%63%67%69%2E%66%6F%72%63%65%5F%72%65%64%69%72%65%63%74%3D%30+%2D%64+%63%67%69%2E%72%65%64%69%72%65%63%74%5F%73%74%61%74%75%73%5F%65%6E%76%3D%30+%2D%6E HTTP/1.1" 404 - - "Mozilla/5.0 (compatible; Zollard; Linux)"
125.121.214.57 - - [28/Dec/2014:16:44:59 -0500] "POST /cgi-bin/php4?%2D%64+%61%6C%6C%6F%77%5F%75%72%6C%5F%69%6E%63%6C%75%64%65%3D%6F%6E+%2D%64+%73%61%66%65%5F%6D%6F%64%65%3D%6F%66%66+%2D%64+%73%75%68%6F%73%69%6E%2E%73%69%6D%75%6C%61%74%69%6F%6E%3D%6F%6E+%2D%64+%64%69%73%61%62%6C%65%5F%66%75%6E%63%74%69%6F%6E%73%3D%22%22+%2D%64+%6F%70%65%6E%5F%62%61%73%65%64%69%72%3D%6E%6F%6E%65+%2D%64+%61%75%74%6F%5F%70%72%65%70%65%6E%64%5F%66%69%6C%65%3D%70%68%70%3A%2F%2F%69%6E%70%75%74+%2D%64+%63%67%69%2E%66%6F%72%63%65%5F%72%65%64%69%72%65%63%74%3D%30+%2D%64+%63%67%69%2E%72%65%64%69%72%65%63%74%5F%73%74%61%74%75%73%5F%65%6E%76%3D%30+%2D%6E HTTP/1.1" 404 - - "Mozilla/5.0 (compatible; Zollard; Linux)"
66.249.64.89 - - [28/Dec/2014:19:02:20 -0500] "GET /robots.txt HTTP/1.1" 404 - - "Mozilla/5.0 (compatible; Googlebot/2.1; +http://www.google.com/bot.html)"
66.249.64.97 - - [28/Dec/2014:19:02:20 -0500] "GET /new_user HTTP/1.1" 200 - - "Mozilla/5.0 (iPhone; CPU iPhone OS 6_0 like Mac OS X) AppleWebKit/536.26 (KHTML, like Gecko) Version/6.0 Mobile/10A5376e Safari/8536.25 (compatible; Googlebot/2.1; +http://www.google.com/bot.html)"
173.252.88.91 - - [28/Dec/2014:23:57:54 -0500] "GET / HTTP/1.1" 200 - - "facebookexternalhit/1.1 (+http://www.facebook.com/externalhit_uatext.php)"
157.55.39.1 - - [29/Dec/2014:01:20:14 -0500] "GET / HTTP/1.1" 200 - - "Mozilla/5.0 (compatible; bingbot/2.0; +http://www.bing.com/bingbot.htm)"
89.66.77.217 - - [29/Dec/2014:10:55:10 -0500] "GET /wp-content/plugins/photosmash-galleries/readme.txt HTTP/1.1" 404 - - "Mozilla/5.0 (Windows NT 6.1; WOW64) AppleWebKit/537.36 (KHTML, like Gecko) Chrome/34.0.1847.137 Safari/537.36"
89.69.56.213 - - [29/Dec/2014:19:29:50 -0500] "GET /wp-content/plugins/slideshow-gallery/readme.txt HTTP/1.1" 404 - - "Mozilla/5.0 (Windows NT 6.1; WOW64) AppleWebKit/537.36 (KHTML, like Gecko) Chrome/34.0.1847.137 Safari/537.36"
66.55.92.21 - - [29/Dec/2014:22:14:35 -0500] "GET /plugins/system/plugin_googlemap2_proxy.php?url= HTTP/1.1" 404 - - "-"
178.162.212.20 - - [30/Dec/2014:07:42:19 -0500] "GET /vtigercrm/test/upload/vtigercrm.txt HTTP/1.1" 404 - - "curl/7.19.7 (x86_64-redhat-linux-gnu) libcurl/7.19.7 NSS/3.16.2.3 Basic ECC zlib/1.2.3 libidn/1.18 libssh2/1.4.2"
198.20.69.98 - - [30/Dec/2014:11:22:03 -0500] "GET / HTTP/1.1" 200 - - "-"
198.20.69.98 - - [30/Dec/2014:11:22:03 -0500] "GET /robots.txt HTTP/1.1" 404 - - "-"
157.55.39.32 - - [30/Dec/2014:11:50:22 -0500] "GET /robots.txt HTTP/1.1" 404 - - "Mozilla/5.0 (compatible; bingbot/2.0; +http://www.bing.com/bingbot.htm)"
157.55.39.31 - - [30/Dec/2014:11:50:26 -0500] "GET / HTTP/1.1" 200 - - "Mozilla/5.0 (compatible; bingbot/2.0; +http://www.bing.com/bingbot.htm)"
182.254.153.249 - - [30/Dec/2014:11:51:44 -0500] "GET http://www.ly.com/ HTTP/1.1" 404 - - "Mozilla/5.0 (Windows NT 6.1; WOW64; rv:29.0) Gecko/20100101 Firefox/29.0"
66.249.64.97 - - [30/Dec/2014:12:32:57 -0500] "GET /robots.txt HTTP/1.1" 404 - - "Mozilla/5.0 (compatible; Googlebot/2.1; +http://www.google.com/bot.html)"
66.249.64.89 - - [30/Dec/2014:12:32:57 -0500] "GET / HTTP/1.1" 200 - - "Mozilla/5.0 (iPhone; CPU iPhone OS 6_0 like Mac OS X) AppleWebKit/536.26 (KHTML, like Gecko) Version/6.0 Mobile/10A5376e Safari/8536.25 (compatible; Googlebot/2.1; +http://www.google.com/bot.html)"
66.249.64.97 - - [30/Dec/2014:12:35:15 -0500] "GET /starter-template.css HTTP/1.1" 200 - - "Mozilla/5.0 (compatible; Googlebot/2.1; +http://www.google.com/bot.html)"
66.249.64.97 - - [30/Dec/2014:12:35:16 -0500] "GET /dist/css/bootstrap.min.css HTTP/1.1" 200 - - "Mozilla/5.0 (compatible; Googlebot/2.1; +http://www.google.com/bot.html)"
207.46.13.19 - - [30/Dec/2014:12:41:45 -0500] "GET /robots.txt HTTP/1.1" 404 - - "Mozilla/5.0 (compatible; bingbot/2.0; +http://www.bing.com/bingbot.htm)"
207.46.13.19 - - [30/Dec/2014:12:41:50 -0500] "GET / HTTP/1.1" 200 - - "Mozilla/5.0 (compatible; bingbot/2.0; +http://www.bing.com/bingbot.htm)"
66.249.64.97 - - [30/Dec/2014:12:48:24 -0500] "GET /new_user HTTP/1.1" 200 - - "Mozilla/5.0 (iPhone; CPU iPhone OS 6_0 like Mac OS X) AppleWebKit/536.26 (KHTML, like Gecko) Version/6.0 Mobile/10A5376e Safari/8536.25 (compatible; Googlebot/2.1; +http://www.google.com/bot.html)"
54.193.115.135 - - [30/Dec/2014:14:49:07 -0500] "GET / HTTP/1.1" 200 - - "curl/7.38.0"
54.193.115.135 - - [30/Dec/2014:15:39:06 -0500] "GET / HTTP/1.1" 200 - - "curl/7.38.0"
67.221.100.57 - - [30/Dec/2014:15:39:20 -0500] "GET /tmUnblock.cgi HTTP/1.1" 404 - - "-"
54.193.115.135 - - [30/Dec/2014:16:52:49 -0500] "GET / HTTP/1.1" 200 - - "curl/7.38.0"
54.193.115.135 - - [30/Dec/2014:16:59:23 -0500] "GET / HTTP/1.1" 200 - - "curl/7.38.0"
54.193.115.135 - - [30/Dec/2014:18:53:50 -0500] "GET / HTTP/1.1" 200 - - "curl/7.38.0"
54.193.115.135 - - [30/Dec/2014:19:44:27 -0500] "GET / HTTP/1.1" 200 - - "curl/7.38.0"
54.193.115.135 - - [30/Dec/2014:20:30:09 -0500] "GET / HTTP/1.1" 200 - - "curl/7.38.0"
54.193.115.135 - - [30/Dec/2014:22:43:37 -0500] "GET / HTTP/1.1" 200 - - "curl/7.38.0"
54.193.115.135 - - [30/Dec/2014:23:14:19 -0500] "GET / HTTP/1.1" 200 - - "curl/7.38.0"
66.249.64.97 - - [31/Dec/2014:00:38:11 -0500] "GET /robots.txt HTTP/1.1" 404 - - "Mozilla/5.0 (compatible; Googlebot/2.1; +http://www.google.com/bot.html)"
66.249.64.89 - - [31/Dec/2014:00:38:11 -0500] "GET /new_user HTTP/1.1" 200 - - "Mozilla/5.0 (iPhone; CPU iPhone OS 6_0 like Mac OS X) AppleWebKit/536.26 (KHTML, like Gecko) Version/6.0 Mobile/10A5376e Safari/8536.25 (compatible; Googlebot/2.1; +http://www.google.com/bot.html)"
182.254.149.21 - - [31/Dec/2014:01:31:52 -0500] "GET http://www.ly.com/ HTTP/1.1" 404 - - "Mozilla/5.0 (Windows NT 6.1; WOW64; rv:29.0) Gecko/20100101 Firefox/29.0"
182.118.55.163 - - [31/Dec/2014:03:13:45 -0500] "GET / HTTP/1.1" 200 - - "Mozilla/5.0 (Macintosh; Intel Mac OS X 10_10_1) AppleWebKit/537.36 (KHTML, like Gecko) Chrome/41.0.2251.0 Safari/537.36"
217.13.50.73 - - [31/Dec/2014:07:40:04 -0500] "GET /user/soapCaller.bs HTTP/1.1" 404 - - "Morfeus Fucking Scanner"
207.46.13.19 - - [31/Dec/2014:10:41:10 -0500] "GET / HTTP/1.1" 200 - - "Mozilla/5.0 (compatible; bingbot/2.0; +http://www.bing.com/bingbot.htm)"
66.249.64.40 - - [31/Dec/2014:12:46:48 -0500] "GET /robots.txt HTTP/1.1" 404 - - "Mozilla/5.0 (compatible; Googlebot/2.1; +http://www.google.com/bot.html)"
66.249.64.40 - - [31/Dec/2014:12:46:48 -0500] "GET / HTTP/1.1" 200 - - "Mozilla/5.0 (iPhone; CPU iPhone OS 6_0 like Mac OS X) AppleWebKit/536.26 (KHTML, like Gecko) Version/6.0 Mobile/10A5376e Safari/8536.25 (compatible; Googlebot/2.1; +http://www.google.com/bot.html)"
54.193.115.135 - - [31/Dec/2014:12:53:15 -0500] "GET / HTTP/1.1" 200 - - "curl/7.38.0"
66.249.64.36 - - [31/Dec/2014:12:57:11 -0500] "GET /starter-template.css HTTP/1.1" 200 - - "Mozilla/5.0 (compatible; Googlebot/2.1; +http://www.google.com/bot.html)"
66.249.64.36 - - [31/Dec/2014:12:57:12 -0500] "GET /dist/css/bootstrap.min.css HTTP/1.1" 200 - - "Mozilla/5.0 (compatible; Googlebot/2.1; +http://www.google.com/bot.html)"
54.193.115.135 - - [31/Dec/2014:15:42:19 -0500] "GET / HTTP/1.1" 200 - - "curl/7.38.0"
111.226.138.180 - - [31/Dec/2014:16:08:02 -0500] "GET /manager/html HTTP/1.1" 404 - - "Mozilla/3.0 (compatible; Indy Library)"
54.193.115.135 - - [31/Dec/2014:18:58:51 -0500] "GET / HTTP/1.1" 200 - - "curl/7.38.0"
54.193.115.135 - - [31/Dec/2014:19:03:51 -0500] "GET / HTTP/1.1" 200 - - "curl/7.38.0"
54.193.115.135 - - [31/Dec/2014:19:15:40 -0500] "GET / HTTP/1.1" 200 - - "curl/7.38.0"
54.193.115.135 - - [31/Dec/2014:22:40:32 -0500] "GET / HTTP/1.1" 200 - - "curl/7.38.0"
66.249.64.44 - - [01/Jan/2015:00:12:22 -0500] "GET / HTTP/1.1" 200 - - "Mozilla/5.0 (iPhone; CPU iPhone OS 6_0 like Mac OS X) AppleWebKit/536.26 (KHTML, like Gecko) Version/6.0 Mobile/10A5376e Safari/8536.25 (compatible; Googlebot/2.1; +http://www.google.com/bot.html)"
125.64.35.68 - - [01/Jan/2015:01:10:37 -0500] "GET http://s1.bdstatic.com/r/www/cache/static/home/img/logos/nuomi_ade5465d.png HTTP/1.1" 404 - - "Mozilla/4.0 (compatible; MSIE 7.0; Windows NT 6.3; Trident/7.0; .NET4.0E; .NET4.0C; .NET CLR 3.5.3072; .NET CLR 2.0.50727; .NET CLR 3.0.30729; Tablet PC 2.0)"
62.75.216.19 - - [01/Jan/2015:02:40:40 -0500] "GET / HTTP/1.0" 200 - - "Mozilla/5.0 (Windows NT 6.3; WOW64; rv:34.0) Gecko/20100101 Firefox/34.0"
125.64.35.68 - - [01/Jan/2015:03:33:32 -0500] "GET http://s1.bdstatic.com/r/www/cache/static/home/img/logos/nuomi_ade5465d.png HTTP/1.1" 404 - - "Mozilla/4.0 (compatible; MSIE 7.0; Windows NT 6.3; Trident/7.0; .NET4.0E; .NET4.0C; .NET CLR 3.5.3072; .NET CLR 2.0.50727; .NET CLR 3.0.30729; Tablet PC 2.0)"
125.64.35.67 - - [01/Jan/2015:07:10:13 -0500] "GET http://s1.bdstatic.com/r/www/cache/static/home/img/logos/nuomi_ade5465d.png HTTP/1.1" 404 - - "Mozilla/4.0 (compatible; MSIE 7.0; Windows NT 6.3; Trident/7.0; .NET4.0E; .NET4.0C; .NET CLR 3.5.3072; .NET CLR 2.0.50727; .NET CLR 3.0.30729; Tablet PC 2.0)"
125.64.35.67 - - [01/Jan/2015:09:32:30 -0500] "GET http://s1.bdstatic.com/r/www/cache/static/home/img/logos/nuomi_ade5465d.png HTTP/1.1" 404 - - "Mozilla/4.0 (compatible; MSIE 7.0; Windows NT 6.3; Trident/7.0; .NET4.0E; .NET4.0C; .NET CLR 3.5.3072; .NET CLR 2.0.50727; .NET CLR 3.0.30729; Tablet PC 2.0)"
98.126.242.82 - - [01/Jan/2015:10:16:17 -0500] "GET /actionnews/index/ HTTP/1.1" 404 - - "Mozilla/5.0 (Windows NT 6.1; WOW64) AppleWebKit/537.36 (KHTML, like Gecko) Chrome/36.0.1985.67 Safari/537.36"
157.55.39.79 - - [01/Jan/2015:11:18:34 -0500] "GET / HTTP/1.1" 200 - - "Mozilla/5.0 (compatible; bingbot/2.0; +http://www.bing.com/bingbot.htm)"
182.254.209.73 - - [01/Jan/2015:13:00:28 -0500] "GET http://www.ly.com/ HTTP/1.1" 404 - - "Mozilla/5.0 (Windows NT 6.1; WOW64; rv:29.0) Gecko/20100101 Firefox/29.0"
94.102.53.186 - - [01/Jan/2015:15:50:45 -0500] "GET //wp-login.php HTTP/1.1" 404 - - "Mozilla/5.0 (X11; U; Linux i686; pt-BR; rv:1.9.0.15) Gecko/2009102815 Ubuntu/9.04 (jaunty) Firefox/3.0.15"
94.102.53.186 - - [01/Jan/2015:15:50:45 -0500] "GET /blog//wp-login.php HTTP/1.1" 404 - - "Mozilla/5.0 (X11; U; Linux i686; pt-BR; rv:1.9.0.15) Gecko/2009102815 Ubuntu/9.04 (jaunty) Firefox/3.0.15"
94.102.53.186 - - [01/Jan/2015:15:50:45 -0500] "GET /wordpress//wp-login.php HTTP/1.1" 404 - - "Mozilla/5.0 (X11; U; Linux i686; pt-BR; rv:1.9.0.15) Gecko/2009102815 Ubuntu/9.04 (jaunty) Firefox/3.0.15"
94.102.53.186 - - [01/Jan/2015:15:50:46 -0500] "GET /wp//wp-login.php HTTP/1.1" 404 - - "Mozilla/5.0 (X11; U; Linux i686; pt-BR; rv:1.9.0.15) Gecko/2009102815 Ubuntu/9.04 (jaunty) Firefox/3.0.15"
91.237.12.204 - - [01/Jan/2015:19:35:31 -0500] "GET / HTTP/1.1" 200 - - "Mozilla/5.0 (Windows NT 5.1; rv:9.0.1) Gecko/20100101 Firefox/9.0.1"
91.237.12.204 - - [01/Jan/2015:19:35:31 -0500] "GET / HTTP/1.1" 200 - - "Mozilla/5.0 (Windows NT 5.1; rv:9.0.1) Gecko/20100101 Firefox/9.0.1"
91.237.12.204 - - [01/Jan/2015:19:35:31 -0500] "GET / HTTP/1.1" 200 - - "Mozilla/5.0 (Windows NT 5.1; rv:9.0.1) Gecko/20100101 Firefox/9.0.1"
157.55.39.79 - - [02/Jan/2015:02:01:10 -0500] "GET /robots.txt HTTP/1.1" 404 - - "Mozilla/5.0 (compatible; bingbot/2.0; +http://www.bing.com/bingbot.htm)"
157.55.39.79 - - [02/Jan/2015:02:01:16 -0500] "GET / HTTP/1.1" 200 - - "Mozilla/5.0 (compatible; bingbot/2.0; +http://www.bing.com/bingbot.htm)"
107.22.1.49 - - [02/Jan/2015:06:00:53 -0500] "GET / HTTP/1.1" 200 - - "Mozilla/5.0 (Windows NT 6.1; WOW64) AppleWebKit/537.17 (KHTML, like Gecko) Chrome/24.0.1312.57 Safari/537.17"
192.99.148.97 - - [02/Jan/2015:06:28:05 -0500] "GET / HTTP/1.1" 200 - - "-"
192.99.148.97 - - [02/Jan/2015:06:28:05 -0500] "GET /new_user HTTP/1.1" 200 - - "-"
198.154.63.131 - - [02/Jan/2015:07:48:35 -0500] "POST //%63%67%69%2D%62%69%6E/%70%68%70?%2D%64+%61%6C%6C%6F%77%5F%75%72%6C%5F%69%6E%63%6C%75%64%65%3D%6F%6E+%2D%64+%73%61%66%65%5F%6D%6F%64%65%3D%6F%66%66+%2D%64+%73%75%68%6F%73%69%6E%2E%73%69%6D%75%6C%61%74%69%6F%6E%3D%6F%6E+%2D%64+%64%69%73%61%62%6C%65%5F%66%75%6E%63%74%69%6F%6E%73%3D%22%22+%2D%64+%6F%70%65%6E%5F%62%61%73%65%64%69%72%3D%6E%6F%6E%65+%2D%64+%61%75%74%6F%5F%70%72%65%70%65%6E%64%5F%66%69%6C%65%3D%70%68%70%3A%2F%2F%69%6E%70%75%74+%2D%64+%63%67%69%2E%66%6F%72%63%65%5F%72%65%64%69%72%65%63%74%3D%30+%2D%64+%63%67%69%2E%72%65%64%69%72%65%63%74%5F%73%74%61%74%75%73%5F%65%6E%76%3D%30+%2D%64+%61%75%74%6F%5F%70%72%65%70%65%6E%64%5F%66%69%6C%65%3D%70%68%70%3A%2F%2F%69%6E%70%75%74+%2D%6E HTTP/1.1" 404 - - "-"
69.64.52.50 - - [02/Jan/2015:10:08:36 -0500] "GET /level/99/exec/show/config HTTP/1.0" 404 - - "-"
62.210.136.203 - - [02/Jan/2015:11:55:43 -0500] "GET / HTTP/1.1" 200 - - "-"
157.55.39.79 - - [02/Jan/2015:12:05:35 -0500] "GET / HTTP/1.1" 200 - - "Mozilla/5.0 (compatible; bingbot/2.0; +http://www.bing.com/bingbot.htm)"
125.64.35.68 - - [02/Jan/2015:18:08:39 -0500] "GET http://s1.bdstatic.com/r/www/cache/static/home/img/logos/nuomi_ade5465d.png HTTP/1.1" 404 - - "Mozilla/4.0 (compatible; MSIE 7.0; Windows NT 6.3; Trident/7.0; .NET4.0E; .NET4.0C; .NET CLR 3.5.3072; .NET CLR 2.0.50727; .NET CLR 3.0.30729; Tablet PC 2.0)"
125.64.35.68 - - [02/Jan/2015:20:47:27 -0500] "GET http://s1.bdstatic.com/r/www/cache/static/home/img/logos/nuomi_ade5465d.png HTTP/1.1" 404 - - "Mozilla/4.0 (compatible; MSIE 7.0; Windows NT 6.3; Trident/7.0; .NET4.0E; .NET4.0C; .NET CLR 3.5.3072; .NET CLR 2.0.50727; .NET CLR 3.0.30729; Tablet PC 2.0)"
178.165.113.164 - - [02/Jan/2015:21:28:58 -0500] "GET / HTTP/1.0" 200 - - "Mozilla/5.0 (Windows NT 6.1; WOW64; rv:12.0) Gecko/20100101 Firefox/12.0"
125.64.35.67 - - [02/Jan/2015:23:10:09 -0500] "GET http://s1.bdstatic.com/r/www/cache/static/home/img/logos/nuomi_ade5465d.png HTTP/1.1" 404 - - "Mozilla/4.0 (compatible; MSIE 7.0; Windows NT 6.3; Trident/7.0; .NET4.0E; .NET4.0C; .NET CLR 3.5.3072; .NET CLR 2.0.50727; .NET CLR 3.0.30729; Tablet PC 2.0)"
125.64.35.67 - - [03/Jan/2015:02:09:20 -0500] "GET http://s1.bdstatic.com/r/www/cache/static/home/img/logos/nuomi_ade5465d.png HTTP/1.1" 404 - - "Mozilla/4.0 (compatible; MSIE 7.0; Windows NT 6.3; Trident/7.0; .NET4.0E; .NET4.0C; .NET CLR 3.5.3072; .NET CLR 2.0.50727; .NET CLR 3.0.30729; Tablet PC 2.0)"
66.249.75.44 - - [03/Jan/2015:03:14:00 -0500] "GET /robots.txt HTTP/1.1" 404 - - "Mozilla/5.0 (compatible; Googlebot/2.1; +http://www.google.com/bot.html)"
66.249.75.44 - - [03/Jan/2015:03:14:00 -0500] "GET / HTTP/1.1" 200 - - "Mozilla/5.0 (compatible; Googlebot/2.1; +http://www.google.com/bot.html)"
66.249.75.44 - - [03/Jan/2015:03:15:18 -0500] "GET /new_user HTTP/1.1" 200 - - "Mozilla/5.0 (compatible; Googlebot/2.1; +http://www.google.com/bot.html)"
74.58.107.3 - - [03/Jan/2015:03:55:49 -0500] "GET /tmUnblock.cgi HTTP/1.1" 404 - - "-"
66.249.75.76 - - [03/Jan/2015:05:14:10 -0500] "GET / HTTP/1.1" 200 - - "Mozilla/5.0 (compatible; Googlebot/2.1; +http://www.google.com/bot.html)"
66.249.75.76 - - [03/Jan/2015:09:48:56 -0500] "GET / HTTP/1.1" 200 - - "Mozilla/5.0 (compatible; Googlebot/2.1; +http://www.google.com/bot.html)"
212.38.181.206 - - [03/Jan/2015:10:48:52 -0500] "GET / HTTP/1.0" 200 - - "masscan/1.0 (https://github.com/robertdavidgraham/masscan)"
157.55.39.79 - - [03/Jan/2015:10:49:38 -0500] "GET / HTTP/1.1" 200 - - "Mozilla/5.0 (compatible; bingbot/2.0; +http://www.bing.com/bingbot.htm)"
123.157.150.85 - - [03/Jan/2015:11:27:37 -0500] "GET /manager/html HTTP/1.1" 404 - - "Mozilla/3.0 (compatible; Indy Library)"
66.249.75.44 - - [03/Jan/2015:12:45:04 -0500] "GET / HTTP/1.1" 200 - - "Mozilla/5.0 (compatible; Googlebot/2.1; +http://www.google.com/bot.html)"
66.249.75.44 - - [03/Jan/2015:15:40:02 -0500] "GET /robots.txt HTTP/1.1" 404 - - "Mozilla/5.0 (compatible; Googlebot/2.1; +http://www.google.com/bot.html)"
66.249.75.76 - - [03/Jan/2015:15:40:02 -0500] "GET / HTTP/1.1" 200 - - "Mozilla/5.0 (compatible; Googlebot/2.1; +http://www.google.com/bot.html)"
66.249.75.44 - - [03/Jan/2015:15:44:45 -0500] "GET /dist/css/bootstrap.min.css HTTP/1.1" 200 - - "Mozilla/5.0 (compatible; Googlebot/2.1; +http://www.google.com/bot.html)"
66.249.75.44 - - [03/Jan/2015:15:44:46 -0500] "GET /starter-template.css HTTP/1.1" 200 - - "Mozilla/5.0 (compatible; Googlebot/2.1; +http://www.google.com/bot.html)"
66.249.75.60 - - [03/Jan/2015:19:56:23 -0500] "GET / HTTP/1.1" 200 - - "Mozilla/5.0 (compatible; Googlebot/2.1; +http://www.google.com/bot.html)"
66.249.75.201 - - [03/Jan/2015:22:50:35 -0500] "GET /robots.txt HTTP/1.1" 404 - - "Mozilla/5.0 (compatible; Googlebot/2.1; +http://www.google.com/bot.html)"
66.249.75.185 - - [03/Jan/2015:22:50:35 -0500] "GET / HTTP/1.1" 200 - - "Mozilla/5.0 (compatible; Googlebot/2.1; +http://www.google.com/bot.html)"
66.249.75.201 - - [03/Jan/2015:22:55:02 -0500] "GET /dist/js/bootstrap.min.js HTTP/1.1" 200 - - "Mozilla/5.0 (compatible; Googlebot/2.1; +http://www.google.com/bot.html)"
66.249.75.169 - - [03/Jan/2015:22:55:03 -0500] "GET /dist/css/bootstrap.min.css HTTP/1.1" 200 - - "Mozilla/5.0 (compatible; Googlebot/2.1; +http://www.google.com/bot.html)"
66.249.75.185 - - [03/Jan/2015:22:55:04 -0500] "GET /starter-template.css HTTP/1.1" 200 - - "Mozilla/5.0 (compatible; Googlebot/2.1; +http://www.google.com/bot.html)"
115.159.67.215 - - [04/Jan/2015:01:03:01 -0500] "GET http://www.ly.com/ HTTP/1.1" 404 - - "Mozilla/5.0 (Windows NT 6.1; WOW64; rv:29.0) Gecko/20100101 Firefox/29.0"
79.176.148.224 - - [04/Jan/2015:01:04:34 -0500] "GET /drupal HTTP/1.1" 404 - "http://euterpea.com/drupal" "Mozilla/4.0 (compatible; MSIE 6.0; Windows NT 5.1; SV1)"
5.34.42.176 - - [04/Jan/2015:01:04:34 -0500] "GET / HTTP/1.1" 200 - "http://euterpea.com/" "Mozilla/4.0 (compatible; MSIE 6.0; Windows NT 5.1; SV1)"
1.22.245.238 - - [04/Jan/2015:01:04:35 -0500] "GET /blog HTTP/1.1" 404 - "http://euterpea.com/blog" "Mozilla/4.0 (compatible; MSIE 6.0; Windows NT 5.1; SV1)"
187.250.137.144 - - [04/Jan/2015:01:04:35 -0500] "GET /joomla HTTP/1.1" 404 - "http://euterpea.com/joomla" "Mozilla/4.0 (compatible; MSIE 6.0; Windows NT 5.1; SV1)"
115.77.210.254 - - [04/Jan/2015:01:04:35 -0500] "GET /wordpress HTTP/1.1" 404 - "http://euterpea.com/wordpress" "Mozilla/4.0 (compatible; MSIE 6.0; Windows NT 5.1; SV1)"
14.39.87.158 - - [04/Jan/2015:01:04:35 -0500] "GET /wp HTTP/1.1" 404 - "http://euterpea.com/wp" "Mozilla/4.0 (compatible; MSIE 6.0; Windows NT 5.1; SV1)"
66.249.75.185 - - [04/Jan/2015:02:24:08 -0500] "GET /new_user HTTP/1.1" 200 - - "Mozilla/5.0 (compatible; Googlebot/2.1; +http://www.google.com/bot.html)"
104.202.9.77 - - [04/Jan/2015:04:05:28 -0500] "GET /actionnews/index/ HTTP/1.1" 404 - - "Mozilla/5.0 (Windows NT 6.1; WOW64) AppleWebKit/537.36 (KHTML, like Gecko) Chrome/36.0.1985.67 Safari/537.36"
